******************************************************************************
                  TI ARM Linker Unix v5.2.5                    
******************************************************************************
>> Linked Fri Jan  1 22:08:31 2016

OUTPUT FILE NAME:   <tm4c_quadcopter.out>
ENTRY POINT SYMBOL: "_c_int00"  address: 000025d5


MEMORY CONFIGURATION

         name            origin    length      used     unused   attr    fill
----------------------  --------  ---------  --------  --------  ----  --------
  FLASH                 00000000   00040000  000032a8  0003cd58  R  X
  SRAM                  20000000   00008000  00000ef5  0000710b  RW X


SEGMENT ALLOCATION MAP

run origin  load origin   length   init length attrs members
----------  ----------- ---------- ----------- ----- -------
00000000    00000000    000032b0   000032b0    r-x
  00000000    00000000    0000026c   0000026c    r-- .intvecs
  0000026c    0000026c    00002dc2   00002dc2    r-x .text
  00003030    00003030    0000020a   0000020a    r-- .const
  00003240    00003240    00000070   00000070    r-- .cinit
20000000    20000000    00000ef8   00000000    rw-
  20000000    20000000    0000026c   00000000    rw- .vtable
  2000026c    2000026c    00000739   00000000    rw- .bss
  200009a8    200009a8    00000400   00000000    rw- .stack
  20000da8    20000da8    00000150   00000000    rw- .data


SECTION ALLOCATION MAP

 output                                  attributes/
section   page    origin      length       input sections
--------  ----  ----------  ----------   ----------------
.intvecs   0    00000000    0000026c     
                  00000000    0000026c     startup_ccs.obj (.intvecs)

.text      0    0000026c    00002dc2     
                  0000026c    00000294     sensorlib.lib : comp_dcm.obj (.text:CompDCMUpdate)
                  00000500    000001c8                   : comp_dcm.obj (.text:CompDCMComputeQuaternion)
                  000006c8    000001b6     rtsv7M4_T_le_v4SPD16_eabi.lib : fd_add_t2.obj (.text)
                  0000087e    00000002     startup_ccs.obj (.text:FaultISR)
                  00000880    00000184     compdcm_mpu9150.obj (.text:Compdcm9150Config)
                  00000a04    00000180     sensorlib.lib : mpu9150.obj (.text:MPU9150Callback)
                  00000b84    00000160     uartstdio.obj (.text:UARTStdioIntHandler)
                  00000ce4    00000148     compdcm_mpu9150.obj (.text:COMPDCM)
                  00000e2c    00000136     rtsv7M4_T_le_v4SPD16_eabi.lib : fd_div_t2.obj (.text)
                  00000f62    00000130     driverlib.lib : gpio.obj (.text:GPIOPadConfigSet)
                  00001092    00000002     startup_ccs.obj (.text:IntDefaultHandler)
                  00001094    00000118     driverlib.lib : sysctl.obj (.text:SysCtlClockGet)
                  000011ac    00000118     rtsv7M4_T_le_v4SPD16_eabi.lib : atan2f.obj (.text)
                  000012c4    000000fc     pid.obj (.text:PIDConfig)
                  000013c0    000000fc     rtsv7M4_T_le_v4SPD16_eabi.lib : fd_mul_t2.obj (.text)
                  000014bc    000000f2     sensorlib.lib : i2cm_drv.obj (.text:I2CMIntHandler)
                  000015ae    00000002     compdcm_mpu9150.obj (.text:MPU9150AppErrorHandler)
                  000015b0    000000e4     esc.obj (.text:ESCConfig)
                  00001694    000000b4     rtsv7M4_T_le_v4SPD16_eabi.lib : asinf.obj (.text)
                  00001748    000000a8     uartstdio.obj (.text:UARTwrite)
                  000017f0    000000a8     rtsv7M4_T_le_v4SPD16_eabi.lib : xfatan.obj (.text)
                  00001898    000000a4     sensorlib.lib : mpu9150.obj (.text:MPU9150DataMagnetoGetFloat)
                  0000193c    000000a0     esc.obj (.text:M0PWM3_Config)
                  000019dc    000000a0     sensorlib.lib : mpu9150.obj (.text:MPU9150Write)
                  00001a7c    000000a0     uartstdio.obj (.text:UARTStdioConfig)
                  00001b1c    0000009c     rtsv7M4_T_le_v4SPD16_eabi.lib : memcpy_t2.obj (.text)
                  00001bb8    00000098     sensorlib.lib : i2cm_drv.obj (.text:I2CMStateIdle)
                  00001c50    00000094     esc.obj (.text:M0PWM0_Config)
                  00001ce4    00000094     esc.obj (.text:M0PWM1_Config)
                  00001d78    00000094     esc.obj (.text:M0PWM2_Config)
                  00001e0c    0000008c     uartstdio.obj (.text:UARTPrimeTransmit)
                  00001e98    00000084     ble_mini.obj (.text:BLEMiniConfig)
                  00001f1c    00000084     sensorlib.lib : i2cm_drv.obj (.text:I2CMCommand)
                  00001fa0    0000007a     rtsv7M4_T_le_v4SPD16_eabi.lib : memset_t2.obj (.text)
                  0000201a    00000002     startup_ccs.obj (.text:NmiSR)
                  0000201c    00000078     control.obj (.text:BalancingStart)
                  00002094    00000078     control.obj (.text:ControlSetup)
                  0000210c    00000078     sensorlib.lib : mpu9150.obj (.text:MPU9150DataAccelGetFloat)
                  00002184    00000078                   : mpu9150.obj (.text:MPU9150DataGyroGetFloat)
                  000021fc    0000006c                   : mpu9150.obj (.text:MPU9150Init)
                  00002268    0000006c     rtsv7M4_T_le_v4SPD16_eabi.lib : autoinit.obj (.text)
                  000022d4    0000006a                                   : copy_decompress_rle.obj (.text)
                  0000233e    00000002     --HOLE-- [fill = 0]
                  00002340    00000064     driverlib.lib : interrupt.obj (.text:IntIsEnabled)
                  000023a4    00000060                   : interrupt.obj (.text:IntDisable)
                  00002404    00000060                   : interrupt.obj (.text:IntEnable)
                  00002464    00000060     sensorlib.lib : mpu9150.obj (.text:MPU9150DataRead)
                  000024c4    0000005e                   : i2cm_drv.obj (.text:I2CMStateWritePause)
                  00002522    00000002     --HOLE-- [fill = 0]
                  00002524    00000058                   : i2cm_drv.obj (.text:I2CMWrite8)
                  0000257c    00000056                   : vector.obj (.text:VectorCrossProduct)
                  000025d2    00000002     --HOLE-- [fill = 0]
                  000025d4    00000050     rtsv7M4_T_le_v4SPD16_eabi.lib : boot.obj (.text)
                  00002624    0000004e     sensorlib.lib : i2cm_drv.obj (.text:I2CMStateWriteFinal)
                  00002672    00000002     --HOLE-- [fill = 0]
                  00002674    0000004c     control.obj (.text:SysTimerStart)
                  000026c0    0000004c     driverlib.lib : timer.obj (.text:_TimerIntNumberGet)
                  0000270c    0000004c     rtsv7M4_T_le_v4SPD16_eabi.lib : cpy_tbl.obj (.text)
                  00002758    00000048     sensorlib.lib : i2cm_drv.obj (.text:I2CMStateReadNext)
                  000027a0    00000048     driverlib.lib : i2c.obj (.text:I2CMasterInitExpClk)
                  000027e8    00000048     rtsv7M4_T_le_v4SPD16_eabi.lib : fd_tos_t2.obj (.text)
                  00002830    00000046     sensorlib.lib : i2cm_drv.obj (.text:I2CMStateWriteNext)
                  00002876    00000002     --HOLE-- [fill = 0]
                  00002878    00000044                   : comp_dcm.obj (.text:CompDCMInit)
                  000028bc    00000044                   : i2cm_drv.obj (.text:I2CMStateCallback)
                  00002900    00000044     rtsv7M4_T_le_v4SPD16_eabi.lib : exit.obj (.text)
                  00002944    00000044                                   : fd_tou_t2.obj (.text)
                  00002988    00000042     sensorlib.lib : comp_dcm.obj (.text:CompDCMComputeEulers)
                  000029ca    00000002     --HOLE-- [fill = 0]
                  000029cc    00000040     rtsv7M4_T_le_v4SPD16_eabi.lib : signal.obj (.text)
                  00002a0c    0000003e     sensorlib.lib : i2cm_drv.obj (.text:I2CMStateReadFinal)
                  00002a4a    0000003e                   : i2cm_drv.obj (.text:I2CMStateReadPause)
                  00002a88    0000003c     uartstdio.obj (.text:UARTFlushTx)
                  00002ac4    00000038     sensorlib.lib : i2cm_drv.obj (.text:I2CMWrite8Callback)
                  00002afc    00000038     rtsv7M4_T_le_v4SPD16_eabi.lib : fs_tod_t2.obj (.text)
                  00002b34    00000034     sensorlib.lib : i2cm_drv.obj (.text:I2CMInit)
                  00002b68    00000034     compdcm_mpu9150.obj (.text:IntGPIOb)
                  00002b9c    00000034     driverlib.lib : interrupt.obj (.text:IntRegister)
                  00002bd0    00000034     main.obj (.text:main)
                  00002c04    00000034     rtsv7M4_T_le_v4SPD16_eabi.lib : feraiseexcept.obj (.text)
                  00002c38    00000032     sensorlib.lib : vector.obj (.text:VectorAdd)
                  00002c6a    00000030                   : i2cm_drv.obj (.text:I2CMTransferResume)
                  00002c9a    00000002     --HOLE-- [fill = 0]
                  00002c9c    00000030     rtsv7M4_T_le_v4SPD16_eabi.lib : xferaise.obj (.text)
                  00002ccc    0000002e                                   : raise.obj (.text)
                  00002cfa    00000002     --HOLE-- [fill = 0]
                  00002cfc    0000002c     uartstdio.obj (.text:UARTFlushRx)
                  00002d28    0000002c     rtsv7M4_T_le_v4SPD16_eabi.lib : xfdclass.obj (.text)
                  00002d54    0000002a     driverlib.lib : gpio.obj (.text:GPIODirModeSet)
                  00002d7e    0000002a     sensorlib.lib : i2cm_drv.obj (.text:I2CMStateReadFirst)
                  00002da8    00000028     compdcm_mpu9150.obj (.text:MPU9150AppI2CWait)
                  00002dd0    00000026     sensorlib.lib : vector.obj (.text:VectorDotProduct)
                  00002df6    00000026                   : vector.obj (.text:VectorScale)
                  00002e1c    00000024     control.obj (.text:millis)
                  00002e40    00000024     rtsv7M4_T_le_v4SPD16_eabi.lib : sqrtf.obj (.text)
                  00002e64    00000020     sensorlib.lib : i2cm_drv.obj (.text:I2CMStateReadOne)
                  00002e84    00000020     rtsv7M4_T_le_v4SPD16_eabi.lib : u_tofd_t2.obj (.text)
                  00002ea4    0000001c     control.obj (.text:IntBalancing)
                  00002ec0    00000018     sensorlib.lib : i2cm_drv.obj (.text:I2CMStateReadWait)
                  00002ed8    00000018     uartstdio.obj (.text:IsBufferFull)
                  00002ef0    00000018     compdcm_mpu9150.obj (.text:MPU9150AppCallback)
                  00002f08    00000018     driverlib.lib : timer.obj (.text:TimerIntRegister)
                  00002f20    00000018     rtsv7M4_T_le_v4SPD16_eabi.lib : args_main.obj (.text)
                  00002f38    00000014                                   : _lock.obj (.text)
                  00002f4c    00000012     driverlib.lib : gpio.obj (.text:GPIOPinTypeI2CSCL)
                  00002f5e    0000000e     sensorlib.lib : comp_dcm.obj (.text:CompDCMAccelUpdate)
                  00002f6c    0000000e                   : comp_dcm.obj (.text:CompDCMGyroUpdate)
                  00002f7a    0000000e                   : comp_dcm.obj (.text:CompDCMMagnetoUpdate)
                  00002f88    0000000e     driverlib.lib : gpio.obj (.text:GPIOIntStatus)
                  00002f96    0000000e     uartstdio.obj (.text:IsBufferEmpty)
                  00002fa4    0000000e     rtsv7M4_T_le_v4SPD16_eabi.lib : copy_decompress_none.obj (.text:decompress:none)
                  00002fb2    0000000c     driverlib.lib : gpio.obj (.text:GPIOIntEnable)
                  00002fbe    00000002     --HOLE-- [fill = 0]
                  00002fc0    0000000c                   : interrupt.obj (.text:IntTrigger)
                  00002fcc    0000000c     compdcm_mpu9150.obj (.text:MPU9150I2CIntHandler)
                  00002fd8    0000000c     rtsv7M4_T_le_v4SPD16_eabi.lib : copy_zero_init.obj (.text:decompress:ZI)
                  00002fe4    0000000a     driverlib.lib : i2c.obj (.text:I2CMasterEnable)
                  00002fee    00000008                   : i2c.obj (.text:I2CMasterIntClear)
                  00002ff6    00000008                   : i2c.obj (.text:I2CMasterIntEnableEx)
                  00002ffe    00000008                   : i2c.obj (.text:I2CMasterSlaveAddrSet)
                  00003006    00000006                   : gpio.obj (.text:GPIOIntClear)
                  0000300c    00000006     startup_ccs.obj (.text:ResetISR)
                  00003012    00000006     driverlib.lib : uart.obj (.text:UARTClockSourceSet)
                  00003018    00000006     rtsv7M4_T_le_v4SPD16_eabi.lib : copy_decompress_rle.obj (.text:decompress:rle24)
                  0000301e    00000004     driverlib.lib : i2c.obj (.text:I2CMasterControl)
                  00003022    00000004                   : i2c.obj (.text:I2CMasterDataGet)
                  00003026    00000004                   : i2c.obj (.text:I2CMasterDataPut)
                  0000302a    00000004     rtsv7M4_T_le_v4SPD16_eabi.lib : pre_init.obj (.text)

.const     0    00003030    0000020a     
                  00003030    00000070     driverlib.lib : interrupt.obj (.const)
                  000030a0    0000006c                   : sysctl.obj (.const:g_pui32Xtals)
                  0000310c    00000060                   : timer.obj (.const:g_ppui32TimerIntMap)
                  0000316c    00000040                   : timer.obj (.const:g_ppui32TimerIntMapSnowflake)
                  000031ac    00000034     rtsv7M4_T_le_v4SPD16_eabi.lib : xfatan.obj (.const)
                  000031e0    00000028     uartstdio.obj (.const)
                  00003208    00000020     sensorlib.lib : mpu9150.obj (.const)
                  00003228    00000012     uartstdio.obj (.const:.string)

.cinit     0    00003240    00000070     
                  00003240    00000038     (.cinit..data.load) [load image, compression = rle]
                  00003278    0000000c     (__TI_handler_table)
                  00003284    00000004     --HOLE-- [fill = 0]
                  00003288    00000008     (.cinit..bss.load) [load image, compression = zero_init]
                  00003290    00000008     (.cinit..vtable.load) [load image, compression = zero_init]
                  00003298    00000018     (__TI_cinit_table)

.init_array 
*          0    00000000    00000000     UNINITIALIZED

.vtable    0    20000000    0000026c     UNINITIALIZED
                  20000000    0000026c     driverlib.lib : interrupt.obj (.vtable)

.bss       0    2000026c    00000739     UNINITIALIZED
                  2000026c    00000400     uartstdio.obj (.bss:g_pcUARTTxBuffer)
                  2000066c    00000124     compdcm_mpu9150.obj (.bss:g_sI2CInst)
                  20000790    00000080     uartstdio.obj (.bss:g_pcUARTRxBuffer)
                  20000810    0000006c     compdcm_mpu9150.obj (.bss:g_sMPU9150Inst)
                  2000087c    00000058     compdcm_mpu9150.obj (.bss:g_sCompDCMInst)
                  200008d4    00000040     control.obj (.bss:g_pfData)
                  20000914    00000038     control.obj (.bss:g_pitch_pid)
                  2000094c    00000038     control.obj (.bss:g_roll_pid)
                  20000984    00000004     (.common:g_ui32PortNum)
                  20000988    00000004     (.common:g_vui8ErrorFlag)
                  2000098c    00000004     (.common:g_vui8I2CDoneFlag)
                  20000990    00000004     (.common:ui32Load)
                  20000994    00000004     (.common:ui32Load_High_Bound)
                  20000998    00000004     (.common:ui32Load_Low_Bound)
                  2000099c    00000004     (.common:ui32Load_Range)
                  200009a0    00000004     (.common:ui32PWMClock)
                  200009a4    00000001     (.common:g_bDisableEcho)

.data      0    20000da8    00000150     UNINITIALIZED
                  20000da8    000000b0     rtsv7M4_T_le_v4SPD16_eabi.lib : signal.obj (.data:sigtable)
                  20000e58    00000068                                   : xfvalues.obj (.data)
                  20000ec0    00000015     uartstdio.obj (.data)
                  20000ed5    00000003     --HOLE--
                  20000ed8    00000008     rtsv7M4_T_le_v4SPD16_eabi.lib : _lock.obj (.data)
                  20000ee0    00000008                                   : exit.obj (.data)
                  20000ee8    00000008                                   : feraiseexcept.obj (.data)
                  20000ef0    00000004                                   : errno.obj (.data)
                  20000ef4    00000004                                   : stkdepth_vars.obj (.data)

.TI.noinit 
*          0    2000026c    00000000     UNINITIALIZED

.stack     0    200009a8    00000400     UNINITIALIZED
                  200009a8    00000400     --HOLE--

.TI.persistent 
*          0    20000da8    00000000     UNINITIALIZED


LINKER GENERATED COPY TABLES

__TI_cinit_table @ 00003298 records: 3, size/record: 8, table size: 24
	.data: load addr=00003240, load size=00000038 bytes, run addr=20000da8, run size=00000150 bytes, compression=rle
	.bss: load addr=00003288, load size=00000008 bytes, run addr=2000026c, run size=00000739 bytes, compression=zero_init
	.vtable: load addr=00003290, load size=00000008 bytes, run addr=20000000, run size=0000026c bytes, compression=zero_init


LINKER GENERATED HANDLER TABLE

__TI_handler_table @ 00003278 records: 3, size/record: 4, table size: 12
	index: 0, handler: __TI_zero_init
	index: 1, handler: __TI_decompress_rle24
	index: 2, handler: __TI_decompress_none


GLOBAL SYMBOLS: SORTED ALPHABETICALLY BY Name 

address   name                      
-------   ----                      
00001e99  BLEMiniConfig             
0000201d  BalancingStart            
00002901  C$$EXIT                   
00000ce5  COMPDCM                   
00002f5f  CompDCMAccelUpdate        
00002989  CompDCMComputeEulers      
00000501  CompDCMComputeQuaternion  
00002f6d  CompDCMGyroUpdate         
00002879  CompDCMInit               
00002f7b  CompDCMMagnetoUpdate      
0000026d  CompDCMUpdate             
00000881  Compdcm9150Config         
00002095  ControlSetup              
000015b1  ESCConfig                 
00002d55  GPIODirModeSet            
00003007  GPIOIntClear              
00002fb3  GPIOIntEnable             
00002f89  GPIOIntStatus             
00000f63  GPIOPadConfigSet          
00002f4d  GPIOPinTypeI2CSCL         
00001f1d  I2CMCommand               
00002b35  I2CMInit                  
000014bd  I2CMIntHandler            
00002c6b  I2CMTransferResume        
00002525  I2CMWrite8                
0000301f  I2CMasterControl          
00003023  I2CMasterDataGet          
00003027  I2CMasterDataPut          
00002fe5  I2CMasterEnable           
000027a1  I2CMasterInitExpClk       
00002fef  I2CMasterIntClear         
00002ff7  I2CMasterIntEnableEx      
00002fff  I2CMasterSlaveAddrSet     
00002ea5  IntBalancing              
000023a5  IntDisable                
00002405  IntEnable                 
00002b69  IntGPIOb                  
00002341  IntIsEnabled              
00002b9d  IntRegister               
00002fc1  IntTrigger                
00001c51  M0PWM0_Config             
00001ce5  M0PWM1_Config             
00001d79  M0PWM2_Config             
0000193d  M0PWM3_Config             
00002ef1  MPU9150AppCallback        
000015af  MPU9150AppErrorHandler    
00002da9  MPU9150AppI2CWait         
0000210d  MPU9150DataAccelGetFloat  
00002185  MPU9150DataGyroGetFloat   
00001899  MPU9150DataMagnetoGetFloat
00002465  MPU9150DataRead           
00002fcd  MPU9150I2CIntHandler      
000021fd  MPU9150Init               
000019dd  MPU9150Write              
000012c5  PIDConfig                 
0000300d  ResetISR                  
UNDEFED   SHT$$INIT_ARRAY$$Base     
UNDEFED   SHT$$INIT_ARRAY$$Limit    
00001095  SysCtlClockGet            
00002675  SysTimerStart             
00002f09  TimerIntRegister          
00003013  UARTClockSourceSet        
00002cfd  UARTFlushRx               
00002a89  UARTFlushTx               
00001a7d  UARTStdioConfig           
00000b85  UARTStdioIntHandler       
00001749  UARTwrite                 
00002c39  VectorAdd                 
0000257d  VectorCrossProduct        
00002dd1  VectorDotProduct          
00002df7  VectorScale               
20000ef0  _Errno                    
000017f1  _FAtan                    
00002d29  _FDclass                  
20000e58  _FDenorm                  
20000e68  _FEps                     
20000e78  _FInf                     
20000e88  _FNan                     
20000ea8  _FRteps                   
20000e98  _FSnan                    
20000eb8  _FXbig                    
20000ebc  _FZero                    
20000ee8  _Fenv                     
00002c9d  _Feraise                  
20000eec  _Tls_setup__Fenv          
20000da8  __STACK_END               
00000400  __STACK_SIZE              
20000da8  __STACK_TOP               
00003298  __TI_CINIT_Base           
000032b0  __TI_CINIT_Limit          
00003278  __TI_Handler_Table_Base   
00003284  __TI_Handler_Table_Limit  
00002269  __TI_auto_init            
20000ee0  __TI_cleanup_ptr          
00002fa5  __TI_decompress_none      
00003019  __TI_decompress_rle24     
20000ee4  __TI_dtors_ptr            
00000000  __TI_static_base__        
00002fd9  __TI_zero_init            
000027e9  __aeabi_d2f               
00002945  __aeabi_d2uiz             
000006d3  __aeabi_dadd              
00000e2d  __aeabi_ddiv              
000013c1  __aeabi_dmul              
000006c9  __aeabi_dsub              
00002afd  __aeabi_f2d               
00001fa1  __aeabi_memclr            
00001fa1  __aeabi_memclr4           
00001fa1  __aeabi_memclr8           
00001b1d  __aeabi_memcpy            
00001b1d  __aeabi_memcpy4           
00001b1d  __aeabi_memcpy8           
00001fa3  __aeabi_memset            
00001fa3  __aeabi_memset4           
00001fa3  __aeabi_memset8           
00002e85  __aeabi_ui2d              
ffffffff  __binit__                 
ffffffff  __c_args__                
200009a8  __stack                   
00002f21  _args_main                
000025d5  _c_int00                  
20000ed8  _lock                     
00002f47  _nop                      
00002f3f  _register_lock            
00002f39  _register_unlock          
0000302b  _system_pre_init          
20000edc  _unlock                   
00002905  abort                     
00001695  asinf                     
000011ad  atan2f                    
ffffffff  binit                     
0000270d  copy_in                   
0000290d  exit                      
00002c05  feraiseexcept             
200008d4  g_pfData                  
20000000  g_pfnRAMVectors           
00000000  g_pfnVectors              
20000914  g_pitch_pid               
2000094c  g_roll_pid                
2000087c  g_sCompDCMInst            
2000066c  g_sI2CInst                
20000810  g_sMPU9150Inst            
20000988  g_vui8ErrorFlag           
2000098c  g_vui8I2CDoneFlag         
00002bd1  main                      
20000ef4  main_func_sp              
00001b1d  memcpy                    
00001fa9  memset                    
00002e1d  millis                    
00002ccd  raise                     
000029cd  signal                    
00002e41  sqrtf                     
20000990  ui32Load                  
20000994  ui32Load_High_Bound       
20000998  ui32Load_Low_Bound        
2000099c  ui32Load_Range            
200009a0  ui32PWMClock              


GLOBAL SYMBOLS: SORTED BY Symbol Address 

address   name                      
-------   ----                      
00000000  __TI_static_base__        
00000000  g_pfnVectors              
0000026d  CompDCMUpdate             
00000400  __STACK_SIZE              
00000501  CompDCMComputeQuaternion  
000006c9  __aeabi_dsub              
000006d3  __aeabi_dadd              
00000881  Compdcm9150Config         
00000b85  UARTStdioIntHandler       
00000ce5  COMPDCM                   
00000e2d  __aeabi_ddiv              
00000f63  GPIOPadConfigSet          
00001095  SysCtlClockGet            
000011ad  atan2f                    
000012c5  PIDConfig                 
000013c1  __aeabi_dmul              
000014bd  I2CMIntHandler            
000015af  MPU9150AppErrorHandler    
000015b1  ESCConfig                 
00001695  asinf                     
00001749  UARTwrite                 
000017f1  _FAtan                    
00001899  MPU9150DataMagnetoGetFloat
0000193d  M0PWM3_Config             
000019dd  MPU9150Write              
00001a7d  UARTStdioConfig           
00001b1d  __aeabi_memcpy            
00001b1d  __aeabi_memcpy4           
00001b1d  __aeabi_memcpy8           
00001b1d  memcpy                    
00001c51  M0PWM0_Config             
00001ce5  M0PWM1_Config             
00001d79  M0PWM2_Config             
00001e99  BLEMiniConfig             
00001f1d  I2CMCommand               
00001fa1  __aeabi_memclr            
00001fa1  __aeabi_memclr4           
00001fa1  __aeabi_memclr8           
00001fa3  __aeabi_memset            
00001fa3  __aeabi_memset4           
00001fa3  __aeabi_memset8           
00001fa9  memset                    
0000201d  BalancingStart            
00002095  ControlSetup              
0000210d  MPU9150DataAccelGetFloat  
00002185  MPU9150DataGyroGetFloat   
000021fd  MPU9150Init               
00002269  __TI_auto_init            
00002341  IntIsEnabled              
000023a5  IntDisable                
00002405  IntEnable                 
00002465  MPU9150DataRead           
00002525  I2CMWrite8                
0000257d  VectorCrossProduct        
000025d5  _c_int00                  
00002675  SysTimerStart             
0000270d  copy_in                   
000027a1  I2CMasterInitExpClk       
000027e9  __aeabi_d2f               
00002879  CompDCMInit               
00002901  C$$EXIT                   
00002905  abort                     
0000290d  exit                      
00002945  __aeabi_d2uiz             
00002989  CompDCMComputeEulers      
000029cd  signal                    
00002a89  UARTFlushTx               
00002afd  __aeabi_f2d               
00002b35  I2CMInit                  
00002b69  IntGPIOb                  
00002b9d  IntRegister               
00002bd1  main                      
00002c05  feraiseexcept             
00002c39  VectorAdd                 
00002c6b  I2CMTransferResume        
00002c9d  _Feraise                  
00002ccd  raise                     
00002cfd  UARTFlushRx               
00002d29  _FDclass                  
00002d55  GPIODirModeSet            
00002da9  MPU9150AppI2CWait         
00002dd1  VectorDotProduct          
00002df7  VectorScale               
00002e1d  millis                    
00002e41  sqrtf                     
00002e85  __aeabi_ui2d              
00002ea5  IntBalancing              
00002ef1  MPU9150AppCallback        
00002f09  TimerIntRegister          
00002f21  _args_main                
00002f39  _register_unlock          
00002f3f  _register_lock            
00002f47  _nop                      
00002f4d  GPIOPinTypeI2CSCL         
00002f5f  CompDCMAccelUpdate        
00002f6d  CompDCMGyroUpdate         
00002f7b  CompDCMMagnetoUpdate      
00002f89  GPIOIntStatus             
00002fa5  __TI_decompress_none      
00002fb3  GPIOIntEnable             
00002fc1  IntTrigger                
00002fcd  MPU9150I2CIntHandler      
00002fd9  __TI_zero_init            
00002fe5  I2CMasterEnable           
00002fef  I2CMasterIntClear         
00002ff7  I2CMasterIntEnableEx      
00002fff  I2CMasterSlaveAddrSet     
00003007  GPIOIntClear              
0000300d  ResetISR                  
00003013  UARTClockSourceSet        
00003019  __TI_decompress_rle24     
0000301f  I2CMasterControl          
00003023  I2CMasterDataGet          
00003027  I2CMasterDataPut          
0000302b  _system_pre_init          
00003278  __TI_Handler_Table_Base   
00003284  __TI_Handler_Table_Limit  
00003298  __TI_CINIT_Base           
000032b0  __TI_CINIT_Limit          
20000000  g_pfnRAMVectors           
2000066c  g_sI2CInst                
20000810  g_sMPU9150Inst            
2000087c  g_sCompDCMInst            
200008d4  g_pfData                  
20000914  g_pitch_pid               
2000094c  g_roll_pid                
20000988  g_vui8ErrorFlag           
2000098c  g_vui8I2CDoneFlag         
20000990  ui32Load                  
20000994  ui32Load_High_Bound       
20000998  ui32Load_Low_Bound        
2000099c  ui32Load_Range            
200009a0  ui32PWMClock              
200009a8  __stack                   
20000da8  __STACK_END               
20000da8  __STACK_TOP               
20000e58  _FDenorm                  
20000e68  _FEps                     
20000e78  _FInf                     
20000e88  _FNan                     
20000e98  _FSnan                    
20000ea8  _FRteps                   
20000eb8  _FXbig                    
20000ebc  _FZero                    
20000ed8  _lock                     
20000edc  _unlock                   
20000ee0  __TI_cleanup_ptr          
20000ee4  __TI_dtors_ptr            
20000ee8  _Fenv                     
20000eec  _Tls_setup__Fenv          
20000ef0  _Errno                    
20000ef4  main_func_sp              
ffffffff  __binit__                 
ffffffff  __c_args__                
ffffffff  binit                     
UNDEFED   SHT$$INIT_ARRAY$$Base     
UNDEFED   SHT$$INIT_ARRAY$$Limit    

[157 symbols]
