******************************************************************************
                  TI ARM Linker Unix v5.2.5                    
******************************************************************************
>> Linked Sat Jan  2 01:34:15 2016

OUTPUT FILE NAME:   <tm4c_quadcopter.out>
ENTRY POINT SYMBOL: "_c_int00"  address: 000022cd


MEMORY CONFIGURATION

         name            origin    length      used     unused   attr    fill
----------------------  --------  ---------  --------  --------  ----  --------
  FLASH                 00000000   00040000  00002dc2  0003d23e  R  X
  SRAM                  20000000   00008000  00000c19  000073e7  RW X


SEGMENT ALLOCATION MAP

run origin  load origin   length   init length attrs members
----------  ----------- ---------- ----------- ----- -------
00000000    00000000    00002dc8   00002dc8    r-x
  00000000    00000000    0000026c   0000026c    r-- .intvecs
  0000026c    0000026c    0000298c   0000298c    r-x .text
  00002bf8    00002bf8    0000016a   0000016a    r-- .const
  00002d68    00002d68    00000060   00000060    r-- .cinit
20000000    20000000    00000c20   00000000    rw-
  20000000    20000000    000006c9   00000000    rw- .bss
  200006cc    200006cc    00000400   00000000    rw- .stack
  20000ad0    20000ad0    00000150   00000000    rw- .data


SECTION ALLOCATION MAP

 output                                  attributes/
section   page    origin      length       input sections
--------  ----  ----------  ----------   ----------------
.intvecs   0    00000000    0000026c     
                  00000000    0000026c     startup_ccs.obj (.intvecs)

.text      0    0000026c    0000298c     
                  0000026c    00000294     sensorlib.lib : comp_dcm.obj (.text:CompDCMUpdate)
                  00000500    000001c8                   : comp_dcm.obj (.text:CompDCMComputeQuaternion)
                  000006c8    000001b6     rtsv7M4_T_le_v4SPD16_eabi.lib : fd_add_t2.obj (.text)
                  0000087e    00000002     startup_ccs.obj (.text:FaultISR)
                  00000880    00000184     compdcm_mpu9150.obj (.text:MPU9150Config)
                  00000a04    00000180     sensorlib.lib : mpu9150.obj (.text:MPU9150Callback)
                  00000b84    00000160     uartstdio.obj (.text:UARTStdioIntHandler)
                  00000ce4    00000150     compdcm_mpu9150.obj (.text:CompDCM)
                  00000e34    00000136     rtsv7M4_T_le_v4SPD16_eabi.lib : fd_div_t2.obj (.text)
                  00000f6a    00000130     driverlib.lib : gpio.obj (.text:GPIOPadConfigSet)
                  0000109a    00000002     startup_ccs.obj (.text:IntDefaultHandler)
                  0000109c    00000118     driverlib.lib : sysctl.obj (.text:SysCtlClockGet)
                  000011b4    00000118     rtsv7M4_T_le_v4SPD16_eabi.lib : atan2f.obj (.text)
                  000012cc    000000fc                                   : fd_mul_t2.obj (.text)
                  000013c8    000000f2     sensorlib.lib : i2cm_drv.obj (.text:I2CMIntHandler)
                  000014ba    00000002     compdcm_mpu9150.obj (.text:MPU9150AppErrorHandler)
                  000014bc    000000e4     esc.obj (.text:ESCConfig)
                  000015a0    000000b4     rtsv7M4_T_le_v4SPD16_eabi.lib : asinf.obj (.text)
                  00001654    000000a8     uartstdio.obj (.text:UARTwrite)
                  000016fc    000000a8     rtsv7M4_T_le_v4SPD16_eabi.lib : xfatan.obj (.text)
                  000017a4    000000a4     sensorlib.lib : mpu9150.obj (.text:MPU9150DataMagnetoGetFloat)
                  00001848    000000a0     esc.obj (.text:M0PWM3_Config)
                  000018e8    000000a0     sensorlib.lib : mpu9150.obj (.text:MPU9150Write)
                  00001988    0000009c     rtsv7M4_T_le_v4SPD16_eabi.lib : memcpy_t2.obj (.text)
                  00001a24    00000098     sensorlib.lib : i2cm_drv.obj (.text:I2CMStateIdle)
                  00001abc    00000094     esc.obj (.text:M0PWM0_Config)
                  00001b50    00000094     esc.obj (.text:M0PWM1_Config)
                  00001be4    00000094     esc.obj (.text:M0PWM2_Config)
                  00001c78    0000008c     uartstdio.obj (.text:UARTPrimeTransmit)
                  00001d04    00000084     sensorlib.lib : i2cm_drv.obj (.text:I2CMCommand)
                  00001d88    0000007a     rtsv7M4_T_le_v4SPD16_eabi.lib : memset_t2.obj (.text)
                  00001e02    00000002     startup_ccs.obj (.text:NmiSR)
                  00001e04    00000078     sensorlib.lib : mpu9150.obj (.text:MPU9150DataAccelGetFloat)
                  00001e7c    00000078                   : mpu9150.obj (.text:MPU9150DataGyroGetFloat)
                  00001ef4    0000006c                   : mpu9150.obj (.text:MPU9150Init)
                  00001f60    0000006c     rtsv7M4_T_le_v4SPD16_eabi.lib : autoinit.obj (.text)
                  00001fcc    0000006a                                   : copy_decompress_rle.obj (.text)
                  00002036    00000002     --HOLE-- [fill = 0]
                  00002038    00000064     driverlib.lib : interrupt.obj (.text:IntIsEnabled)
                  0000209c    00000060                   : interrupt.obj (.text:IntDisable)
                  000020fc    00000060                   : interrupt.obj (.text:IntEnable)
                  0000215c    00000060     sensorlib.lib : mpu9150.obj (.text:MPU9150DataRead)
                  000021bc    0000005e                   : i2cm_drv.obj (.text:I2CMStateWritePause)
                  0000221a    00000002     --HOLE-- [fill = 0]
                  0000221c    00000058                   : i2cm_drv.obj (.text:I2CMWrite8)
                  00002274    00000056                   : vector.obj (.text:VectorCrossProduct)
                  000022ca    00000002     --HOLE-- [fill = 0]
                  000022cc    00000050     rtsv7M4_T_le_v4SPD16_eabi.lib : boot.obj (.text)
                  0000231c    0000004e     sensorlib.lib : i2cm_drv.obj (.text:I2CMStateWriteFinal)
                  0000236a    00000002     --HOLE-- [fill = 0]
                  0000236c    0000004c     control.obj (.text:SysTimerConfig)
                  000023b8    0000004c     rtsv7M4_T_le_v4SPD16_eabi.lib : cpy_tbl.obj (.text)
                  00002404    00000048     sensorlib.lib : i2cm_drv.obj (.text:I2CMStateReadNext)
                  0000244c    00000048     driverlib.lib : i2c.obj (.text:I2CMasterInitExpClk)
                  00002494    00000048     rtsv7M4_T_le_v4SPD16_eabi.lib : fd_tos_t2.obj (.text)
                  000024dc    00000046     sensorlib.lib : i2cm_drv.obj (.text:I2CMStateWriteNext)
                  00002522    00000002     --HOLE-- [fill = 0]
                  00002524    00000044                   : comp_dcm.obj (.text:CompDCMInit)
                  00002568    00000044                   : i2cm_drv.obj (.text:I2CMStateCallback)
                  000025ac    00000044     rtsv7M4_T_le_v4SPD16_eabi.lib : exit.obj (.text)
                  000025f0    00000044                                   : fd_tou_t2.obj (.text)
                  00002634    00000042     sensorlib.lib : comp_dcm.obj (.text:CompDCMComputeEulers)
                  00002676    00000002     --HOLE-- [fill = 0]
                  00002678    00000040     rtsv7M4_T_le_v4SPD16_eabi.lib : signal.obj (.text)
                  000026b8    0000003e     sensorlib.lib : i2cm_drv.obj (.text:I2CMStateReadFinal)
                  000026f6    0000003e                   : i2cm_drv.obj (.text:I2CMStateReadPause)
                  00002734    00000038                   : i2cm_drv.obj (.text:I2CMWrite8Callback)
                  0000276c    00000038     rtsv7M4_T_le_v4SPD16_eabi.lib : fs_tod_t2.obj (.text)
                  000027a4    00000034     sensorlib.lib : i2cm_drv.obj (.text:I2CMInit)
                  000027d8    00000034     compdcm_mpu9150.obj (.text:IntGPIOb)
                  0000280c    00000034     rtsv7M4_T_le_v4SPD16_eabi.lib : feraiseexcept.obj (.text)
                  00002840    00000032     sensorlib.lib : vector.obj (.text:VectorAdd)
                  00002872    00000030                   : i2cm_drv.obj (.text:I2CMTransferResume)
                  000028a2    00000002     --HOLE-- [fill = 0]
                  000028a4    00000030     main.obj (.text:main)
                  000028d4    00000030     rtsv7M4_T_le_v4SPD16_eabi.lib : xferaise.obj (.text)
                  00002904    0000002e                                   : raise.obj (.text)
                  00002932    0000002c                                   : xfdclass.obj (.text)
                  0000295e    0000002a     driverlib.lib : gpio.obj (.text:GPIODirModeSet)
                  00002988    0000002a     sensorlib.lib : i2cm_drv.obj (.text:I2CMStateReadFirst)
                  000029b2    00000002     --HOLE-- [fill = 0]
                  000029b4    00000028     compdcm_mpu9150.obj (.text:MPU9150AppI2CWait)
                  000029dc    00000026     sensorlib.lib : vector.obj (.text:VectorDotProduct)
                  00002a02    00000026                   : vector.obj (.text:VectorScale)
                  00002a28    00000024     rtsv7M4_T_le_v4SPD16_eabi.lib : sqrtf.obj (.text)
                  00002a4c    00000020     sensorlib.lib : i2cm_drv.obj (.text:I2CMStateReadOne)
                  00002a6c    00000020     rtsv7M4_T_le_v4SPD16_eabi.lib : u_tofd_t2.obj (.text)
                  00002a8c    0000001c     control.obj (.text:IntWakeUp)
                  00002aa8    00000018     sensorlib.lib : i2cm_drv.obj (.text:I2CMStateReadWait)
                  00002ac0    00000018     uartstdio.obj (.text:IsBufferFull)
                  00002ad8    00000018     compdcm_mpu9150.obj (.text:MPU9150AppCallback)
                  00002af0    00000018     rtsv7M4_T_le_v4SPD16_eabi.lib : args_main.obj (.text)
                  00002b08    00000014                                   : _lock.obj (.text)
                  00002b1c    00000012     driverlib.lib : gpio.obj (.text:GPIOPinTypeI2CSCL)
                  00002b2e    0000000e     sensorlib.lib : comp_dcm.obj (.text:CompDCMAccelUpdate)
                  00002b3c    0000000e                   : comp_dcm.obj (.text:CompDCMGyroUpdate)
                  00002b4a    0000000e                   : comp_dcm.obj (.text:CompDCMMagnetoUpdate)
                  00002b58    0000000e     driverlib.lib : gpio.obj (.text:GPIOIntStatus)
                  00002b66    0000000e     uartstdio.obj (.text:IsBufferEmpty)
                  00002b74    0000000e     rtsv7M4_T_le_v4SPD16_eabi.lib : copy_decompress_none.obj (.text:decompress:none)
                  00002b82    0000000c     driverlib.lib : gpio.obj (.text:GPIOIntEnable)
                  00002b8e    00000002     --HOLE-- [fill = 0]
                  00002b90    0000000c                   : interrupt.obj (.text:IntTrigger)
                  00002b9c    0000000c     compdcm_mpu9150.obj (.text:MPU9150I2CIntHandler)
                  00002ba8    0000000c     rtsv7M4_T_le_v4SPD16_eabi.lib : copy_zero_init.obj (.text:decompress:ZI)
                  00002bb4    0000000a     driverlib.lib : i2c.obj (.text:I2CMasterEnable)
                  00002bbe    00000008                   : i2c.obj (.text:I2CMasterIntClear)
                  00002bc6    00000008                   : i2c.obj (.text:I2CMasterIntEnableEx)
                  00002bce    00000008                   : i2c.obj (.text:I2CMasterSlaveAddrSet)
                  00002bd6    00000006                   : gpio.obj (.text:GPIOIntClear)
                  00002bdc    00000006     startup_ccs.obj (.text:ResetISR)
                  00002be2    00000006     rtsv7M4_T_le_v4SPD16_eabi.lib : copy_decompress_rle.obj (.text:decompress:rle24)
                  00002be8    00000004     driverlib.lib : i2c.obj (.text:I2CMasterControl)
                  00002bec    00000004                   : i2c.obj (.text:I2CMasterDataGet)
                  00002bf0    00000004                   : i2c.obj (.text:I2CMasterDataPut)
                  00002bf4    00000004     rtsv7M4_T_le_v4SPD16_eabi.lib : pre_init.obj (.text)

.const     0    00002bf8    0000016a     
                  00002bf8    00000070     driverlib.lib : interrupt.obj (.const)
                  00002c68    0000006c                   : sysctl.obj (.const:g_pui32Xtals)
                  00002cd4    00000034     rtsv7M4_T_le_v4SPD16_eabi.lib : xfatan.obj (.const)
                  00002d08    00000028     uartstdio.obj (.const)
                  00002d30    00000020     sensorlib.lib : mpu9150.obj (.const)
                  00002d50    00000012     uartstdio.obj (.const:.string)

.cinit     0    00002d68    00000060     
                  00002d68    00000038     (.cinit..data.load) [load image, compression = rle]
                  00002da0    0000000c     (__TI_handler_table)
                  00002dac    00000004     --HOLE-- [fill = 0]
                  00002db0    00000008     (.cinit..bss.load) [load image, compression = zero_init]
                  00002db8    00000010     (__TI_cinit_table)

.init_array 
*          0    00000000    00000000     UNINITIALIZED

.bss       0    20000000    000006c9     UNINITIALIZED
                  20000000    00000400     uartstdio.obj (.bss:g_pcUARTTxBuffer)
                  20000400    00000124     compdcm_mpu9150.obj (.bss:g_sI2CInst)
                  20000524    00000080     uartstdio.obj (.bss:g_pcUARTRxBuffer)
                  200005a4    0000006c     compdcm_mpu9150.obj (.bss:g_sMPU9150Inst)
                  20000610    00000058     compdcm_mpu9150.obj (.bss:g_sCompDCMInst)
                  20000668    00000040     control.obj (.bss:g_pfData)
                  200006a8    00000004     (.common:g_ui32PortNum)
                  200006ac    00000004     (.common:g_vui8ErrorFlag)
                  200006b0    00000004     (.common:g_vui8I2CDoneFlag)
                  200006b4    00000004     (.common:ui32Load)
                  200006b8    00000004     (.common:ui32Load_High_Bound)
                  200006bc    00000004     (.common:ui32Load_Low_Bound)
                  200006c0    00000004     (.common:ui32Load_Range)
                  200006c4    00000004     (.common:ui32PWMClock)
                  200006c8    00000001     (.common:g_bDisableEcho)

.data      0    20000ad0    00000150     UNINITIALIZED
                  20000ad0    000000b0     rtsv7M4_T_le_v4SPD16_eabi.lib : signal.obj (.data:sigtable)
                  20000b80    00000068                                   : xfvalues.obj (.data)
                  20000be8    00000015     uartstdio.obj (.data)
                  20000bfd    00000003     --HOLE--
                  20000c00    00000008     rtsv7M4_T_le_v4SPD16_eabi.lib : _lock.obj (.data)
                  20000c08    00000008                                   : exit.obj (.data)
                  20000c10    00000008                                   : feraiseexcept.obj (.data)
                  20000c18    00000004                                   : errno.obj (.data)
                  20000c1c    00000004                                   : stkdepth_vars.obj (.data)

.TI.noinit 
*          0    20000000    00000000     UNINITIALIZED

.stack     0    200006cc    00000400     UNINITIALIZED
                  200006cc    00000400     --HOLE--

.TI.persistent 
*          0    20000ad0    00000000     UNINITIALIZED


LINKER GENERATED COPY TABLES

__TI_cinit_table @ 00002db8 records: 2, size/record: 8, table size: 16
	.data: load addr=00002d68, load size=00000038 bytes, run addr=20000ad0, run size=00000150 bytes, compression=rle
	.bss: load addr=00002db0, load size=00000008 bytes, run addr=20000000, run size=000006c9 bytes, compression=zero_init


LINKER GENERATED HANDLER TABLE

__TI_handler_table @ 00002da0 records: 3, size/record: 4, table size: 12
	index: 0, handler: __TI_decompress_rle24
	index: 1, handler: __TI_decompress_none
	index: 2, handler: __TI_zero_init


GLOBAL SYMBOLS: SORTED ALPHABETICALLY BY Name 

address   name                      
-------   ----                      
000025ad  C$$EXIT                   
00000ce5  CompDCM                   
00002b2f  CompDCMAccelUpdate        
00002635  CompDCMComputeEulers      
00000501  CompDCMComputeQuaternion  
00002b3d  CompDCMGyroUpdate         
00002525  CompDCMInit               
00002b4b  CompDCMMagnetoUpdate      
0000026d  CompDCMUpdate             
000014bd  ESCConfig                 
0000295f  GPIODirModeSet            
00002bd7  GPIOIntClear              
00002b83  GPIOIntEnable             
00002b59  GPIOIntStatus             
00000f6b  GPIOPadConfigSet          
00002b1d  GPIOPinTypeI2CSCL         
00001d05  I2CMCommand               
000027a5  I2CMInit                  
000013c9  I2CMIntHandler            
00002873  I2CMTransferResume        
0000221d  I2CMWrite8                
00002be9  I2CMasterControl          
00002bed  I2CMasterDataGet          
00002bf1  I2CMasterDataPut          
00002bb5  I2CMasterEnable           
0000244d  I2CMasterInitExpClk       
00002bbf  I2CMasterIntClear         
00002bc7  I2CMasterIntEnableEx      
00002bcf  I2CMasterSlaveAddrSet     
0000209d  IntDisable                
000020fd  IntEnable                 
000027d9  IntGPIOb                  
00002039  IntIsEnabled              
00002b91  IntTrigger                
00002a8d  IntWakeUp                 
00001abd  M0PWM0_Config             
00001b51  M0PWM1_Config             
00001be5  M0PWM2_Config             
00001849  M0PWM3_Config             
00002ad9  MPU9150AppCallback        
000014bb  MPU9150AppErrorHandler    
000029b5  MPU9150AppI2CWait         
00000881  MPU9150Config             
00001e05  MPU9150DataAccelGetFloat  
00001e7d  MPU9150DataGyroGetFloat   
000017a5  MPU9150DataMagnetoGetFloat
0000215d  MPU9150DataRead           
00002b9d  MPU9150I2CIntHandler      
00001ef5  MPU9150Init               
000018e9  MPU9150Write              
00002bdd  ResetISR                  
UNDEFED   SHT$$INIT_ARRAY$$Base     
UNDEFED   SHT$$INIT_ARRAY$$Limit    
0000109d  SysCtlClockGet            
0000236d  SysTimerConfig            
00000b85  UARTStdioIntHandler       
00001655  UARTwrite                 
00002841  VectorAdd                 
00002275  VectorCrossProduct        
000029dd  VectorDotProduct          
00002a03  VectorScale               
20000c18  _Errno                    
000016fd  _FAtan                    
00002933  _FDclass                  
20000b80  _FDenorm                  
20000b90  _FEps                     
20000ba0  _FInf                     
20000bb0  _FNan                     
20000bd0  _FRteps                   
20000bc0  _FSnan                    
20000be0  _FXbig                    
20000be4  _FZero                    
20000c10  _Fenv                     
000028d5  _Feraise                  
20000c14  _Tls_setup__Fenv          
20000acc  __STACK_END               
00000400  __STACK_SIZE              
20000acc  __STACK_TOP               
00002db8  __TI_CINIT_Base           
00002dc8  __TI_CINIT_Limit          
00002da0  __TI_Handler_Table_Base   
00002dac  __TI_Handler_Table_Limit  
00001f61  __TI_auto_init            
20000c08  __TI_cleanup_ptr          
00002b75  __TI_decompress_none      
00002be3  __TI_decompress_rle24     
20000c0c  __TI_dtors_ptr            
00000000  __TI_static_base__        
00002ba9  __TI_zero_init            
00002495  __aeabi_d2f               
000025f1  __aeabi_d2uiz             
000006d3  __aeabi_dadd              
00000e35  __aeabi_ddiv              
000012cd  __aeabi_dmul              
000006c9  __aeabi_dsub              
0000276d  __aeabi_f2d               
00001d89  __aeabi_memclr            
00001d89  __aeabi_memclr4           
00001d89  __aeabi_memclr8           
00001989  __aeabi_memcpy            
00001989  __aeabi_memcpy4           
00001989  __aeabi_memcpy8           
00001d8b  __aeabi_memset            
00001d8b  __aeabi_memset4           
00001d8b  __aeabi_memset8           
00002a6d  __aeabi_ui2d              
ffffffff  __binit__                 
ffffffff  __c_args__                
200006cc  __stack                   
00002af1  _args_main                
000022cd  _c_int00                  
20000c00  _lock                     
00002b17  _nop                      
00002b0f  _register_lock            
00002b09  _register_unlock          
00002bf5  _system_pre_init          
20000c04  _unlock                   
000025b1  abort                     
000015a1  asinf                     
000011b5  atan2f                    
ffffffff  binit                     
000023b9  copy_in                   
000025b9  exit                      
0000280d  feraiseexcept             
20000668  g_pfData                  
00000000  g_pfnVectors              
20000610  g_sCompDCMInst            
20000400  g_sI2CInst                
200005a4  g_sMPU9150Inst            
200006ac  g_vui8ErrorFlag           
200006b0  g_vui8I2CDoneFlag         
000028a5  main                      
20000c1c  main_func_sp              
00001989  memcpy                    
00001d91  memset                    
00002905  raise                     
00002679  signal                    
00002a29  sqrtf                     
200006b4  ui32Load                  
200006b8  ui32Load_High_Bound       
200006bc  ui32Load_Low_Bound        
200006c0  ui32Load_Range            
200006c4  ui32PWMClock              


GLOBAL SYMBOLS: SORTED BY Symbol Address 

address   name                      
-------   ----                      
00000000  __TI_static_base__        
00000000  g_pfnVectors              
0000026d  CompDCMUpdate             
00000400  __STACK_SIZE              
00000501  CompDCMComputeQuaternion  
000006c9  __aeabi_dsub              
000006d3  __aeabi_dadd              
00000881  MPU9150Config             
00000b85  UARTStdioIntHandler       
00000ce5  CompDCM                   
00000e35  __aeabi_ddiv              
00000f6b  GPIOPadConfigSet          
0000109d  SysCtlClockGet            
000011b5  atan2f                    
000012cd  __aeabi_dmul              
000013c9  I2CMIntHandler            
000014bb  MPU9150AppErrorHandler    
000014bd  ESCConfig                 
000015a1  asinf                     
00001655  UARTwrite                 
000016fd  _FAtan                    
000017a5  MPU9150DataMagnetoGetFloat
00001849  M0PWM3_Config             
000018e9  MPU9150Write              
00001989  __aeabi_memcpy            
00001989  __aeabi_memcpy4           
00001989  __aeabi_memcpy8           
00001989  memcpy                    
00001abd  M0PWM0_Config             
00001b51  M0PWM1_Config             
00001be5  M0PWM2_Config             
00001d05  I2CMCommand               
00001d89  __aeabi_memclr            
00001d89  __aeabi_memclr4           
00001d89  __aeabi_memclr8           
00001d8b  __aeabi_memset            
00001d8b  __aeabi_memset4           
00001d8b  __aeabi_memset8           
00001d91  memset                    
00001e05  MPU9150DataAccelGetFloat  
00001e7d  MPU9150DataGyroGetFloat   
00001ef5  MPU9150Init               
00001f61  __TI_auto_init            
00002039  IntIsEnabled              
0000209d  IntDisable                
000020fd  IntEnable                 
0000215d  MPU9150DataRead           
0000221d  I2CMWrite8                
00002275  VectorCrossProduct        
000022cd  _c_int00                  
0000236d  SysTimerConfig            
000023b9  copy_in                   
0000244d  I2CMasterInitExpClk       
00002495  __aeabi_d2f               
00002525  CompDCMInit               
000025ad  C$$EXIT                   
000025b1  abort                     
000025b9  exit                      
000025f1  __aeabi_d2uiz             
00002635  CompDCMComputeEulers      
00002679  signal                    
0000276d  __aeabi_f2d               
000027a5  I2CMInit                  
000027d9  IntGPIOb                  
0000280d  feraiseexcept             
00002841  VectorAdd                 
00002873  I2CMTransferResume        
000028a5  main                      
000028d5  _Feraise                  
00002905  raise                     
00002933  _FDclass                  
0000295f  GPIODirModeSet            
000029b5  MPU9150AppI2CWait         
000029dd  VectorDotProduct          
00002a03  VectorScale               
00002a29  sqrtf                     
00002a6d  __aeabi_ui2d              
00002a8d  IntWakeUp                 
00002ad9  MPU9150AppCallback        
00002af1  _args_main                
00002b09  _register_unlock          
00002b0f  _register_lock            
00002b17  _nop                      
00002b1d  GPIOPinTypeI2CSCL         
00002b2f  CompDCMAccelUpdate        
00002b3d  CompDCMGyroUpdate         
00002b4b  CompDCMMagnetoUpdate      
00002b59  GPIOIntStatus             
00002b75  __TI_decompress_none      
00002b83  GPIOIntEnable             
00002b91  IntTrigger                
00002b9d  MPU9150I2CIntHandler      
00002ba9  __TI_zero_init            
00002bb5  I2CMasterEnable           
00002bbf  I2CMasterIntClear         
00002bc7  I2CMasterIntEnableEx      
00002bcf  I2CMasterSlaveAddrSet     
00002bd7  GPIOIntClear              
00002bdd  ResetISR                  
00002be3  __TI_decompress_rle24     
00002be9  I2CMasterControl          
00002bed  I2CMasterDataGet          
00002bf1  I2CMasterDataPut          
00002bf5  _system_pre_init          
00002da0  __TI_Handler_Table_Base   
00002dac  __TI_Handler_Table_Limit  
00002db8  __TI_CINIT_Base           
00002dc8  __TI_CINIT_Limit          
20000400  g_sI2CInst                
200005a4  g_sMPU9150Inst            
20000610  g_sCompDCMInst            
20000668  g_pfData                  
200006ac  g_vui8ErrorFlag           
200006b0  g_vui8I2CDoneFlag         
200006b4  ui32Load                  
200006b8  ui32Load_High_Bound       
200006bc  ui32Load_Low_Bound        
200006c0  ui32Load_Range            
200006c4  ui32PWMClock              
200006cc  __stack                   
20000acc  __STACK_END               
20000acc  __STACK_TOP               
20000b80  _FDenorm                  
20000b90  _FEps                     
20000ba0  _FInf                     
20000bb0  _FNan                     
20000bc0  _FSnan                    
20000bd0  _FRteps                   
20000be0  _FXbig                    
20000be4  _FZero                    
20000c00  _lock                     
20000c04  _unlock                   
20000c08  __TI_cleanup_ptr          
20000c0c  __TI_dtors_ptr            
20000c10  _Fenv                     
20000c14  _Tls_setup__Fenv          
20000c18  _Errno                    
20000c1c  main_func_sp              
ffffffff  __binit__                 
ffffffff  __c_args__                
ffffffff  binit                     
UNDEFED   SHT$$INIT_ARRAY$$Base     
UNDEFED   SHT$$INIT_ARRAY$$Limit    

[143 symbols]
