<?xml version="1.0"?>
<link_info>
   <banner>TI ARM Linker Unix v5.2.2</banner>
   <copyright>Copyright (c) 1996-2015 Texas Instruments Incorporated</copyright>
   <link_time>0x55cab29c</link_time>
   <link_errors>0x0</link_errors>
   <output_file>compdcm_mpu9150.out</output_file>
   <entry_point>
      <name>_c_int00</name>
      <address>0x27c1</address>
   </entry_point>
   <input_file_list>
      <input_file id="fl-2">
         <path>./</path>
         <kind>object</kind>
         <file>ble_mini.obj</file>
         <name>ble_mini.obj</name>
      </input_file>
      <input_file id="fl-3">
         <path>./</path>
         <kind>object</kind>
         <file>compdcm_mpu9150.obj</file>
         <name>compdcm_mpu9150.obj</name>
      </input_file>
      <input_file id="fl-4">
         <path>./</path>
         <kind>object</kind>
         <file>flight_control.obj</file>
         <name>flight_control.obj</name>
      </input_file>
      <input_file id="fl-5">
         <path>./</path>
         <kind>object</kind>
         <file>pid.obj</file>
         <name>pid.obj</name>
      </input_file>
      <input_file id="fl-6">
         <path>./</path>
         <kind>object</kind>
         <file>quad_pwm.obj</file>
         <name>quad_pwm.obj</name>
      </input_file>
      <input_file id="fl-7">
         <path>./</path>
         <kind>object</kind>
         <file>startup_ccs.obj</file>
         <name>startup_ccs.obj</name>
      </input_file>
      <input_file id="fl-8">
         <path>./</path>
         <kind>object</kind>
         <file>sys_timer.obj</file>
         <name>sys_timer.obj</name>
      </input_file>
      <input_file id="fl-9">
         <path>./utils/</path>
         <kind>object</kind>
         <file>uartstdio.obj</file>
         <name>uartstdio.obj</name>
      </input_file>
      <input_file id="fl-a">
         <path>./drivers/</path>
         <kind>object</kind>
         <file>rgb.obj</file>
         <name>rgb.obj</name>
      </input_file>
      <input_file id="fl-132">
         <path>/home/bill/ti/ccsv6/tools/compiler/ti-cgt-arm_5.2.2/lib/</path>
         <kind>archive</kind>
         <file>rtsv7M4_T_le_v4SPD16_eabi.lib</file>
         <name>boot.obj</name>
      </input_file>
      <input_file id="fl-133">
         <path>/home/bill/ti/ccsv6/tools/compiler/ti-cgt-arm_5.2.2/lib/</path>
         <kind>archive</kind>
         <file>rtsv7M4_T_le_v4SPD16_eabi.lib</file>
         <name>copy_decompress_none.obj</name>
      </input_file>
      <input_file id="fl-134">
         <path>/home/bill/ti/ccsv6/tools/compiler/ti-cgt-arm_5.2.2/lib/</path>
         <kind>archive</kind>
         <file>rtsv7M4_T_le_v4SPD16_eabi.lib</file>
         <name>copy_decompress_rle.obj</name>
      </input_file>
      <input_file id="fl-135">
         <path>/home/bill/ti/ccsv6/tools/compiler/ti-cgt-arm_5.2.2/lib/</path>
         <kind>archive</kind>
         <file>rtsv7M4_T_le_v4SPD16_eabi.lib</file>
         <name>copy_zero_init.obj</name>
      </input_file>
      <input_file id="fl-136">
         <path>/home/bill/ti/ccsv6/tools/compiler/ti-cgt-arm_5.2.2/lib/</path>
         <kind>archive</kind>
         <file>rtsv7M4_T_le_v4SPD16_eabi.lib</file>
         <name>exit.obj</name>
      </input_file>
      <input_file id="fl-137">
         <path>/home/bill/ti/ccsv6/tools/compiler/ti-cgt-arm_5.2.2/lib/</path>
         <kind>archive</kind>
         <file>rtsv7M4_T_le_v4SPD16_eabi.lib</file>
         <name>fs_toull_t2.obj</name>
      </input_file>
      <input_file id="fl-138">
         <path>/home/bill/ti/ccsv6/tools/compiler/ti-cgt-arm_5.2.2/lib/</path>
         <kind>archive</kind>
         <file>rtsv7M4_T_le_v4SPD16_eabi.lib</file>
         <name>memcpy_t2.obj</name>
      </input_file>
      <input_file id="fl-139">
         <path>/home/bill/ti/ccsv6/tools/compiler/ti-cgt-arm_5.2.2/lib/</path>
         <kind>archive</kind>
         <file>rtsv7M4_T_le_v4SPD16_eabi.lib</file>
         <name>memset_t2.obj</name>
      </input_file>
      <input_file id="fl-13a">
         <path>/home/bill/ti/ccsv6/tools/compiler/ti-cgt-arm_5.2.2/lib/</path>
         <kind>archive</kind>
         <file>rtsv7M4_T_le_v4SPD16_eabi.lib</file>
         <name>pre_init.obj</name>
      </input_file>
      <input_file id="fl-13b">
         <path>/home/bill/ti/ccsv6/tools/compiler/ti-cgt-arm_5.2.2/lib/</path>
         <kind>archive</kind>
         <file>rtsv7M4_T_le_v4SPD16_eabi.lib</file>
         <name>stkdepth_vars.obj</name>
      </input_file>
      <input_file id="fl-13c">
         <path>/home/bill/ti/ccsv6/tools/compiler/ti-cgt-arm_5.2.2/lib/</path>
         <kind>archive</kind>
         <file>rtsv7M4_T_le_v4SPD16_eabi.lib</file>
         <name>u_divt2.obj</name>
      </input_file>
      <input_file id="fl-13d">
         <path>/home/bill/ti/ccsv6/tools/compiler/ti-cgt-arm_5.2.2/lib/</path>
         <kind>archive</kind>
         <file>rtsv7M4_T_le_v4SPD16_eabi.lib</file>
         <name>_lock.obj</name>
      </input_file>
      <input_file id="fl-13e">
         <path>/home/bill/ti/ccsv6/tools/compiler/ti-cgt-arm_5.2.2/lib/</path>
         <kind>archive</kind>
         <file>rtsv7M4_T_le_v4SPD16_eabi.lib</file>
         <name>args_main.obj</name>
      </input_file>
      <input_file id="fl-13f">
         <path>/home/bill/ti/ccsv6/tools/compiler/ti-cgt-arm_5.2.2/lib/</path>
         <kind>archive</kind>
         <file>rtsv7M4_T_le_v4SPD16_eabi.lib</file>
         <name>autoinit.obj</name>
      </input_file>
      <input_file id="fl-140">
         <path>/home/bill/ti/ccsv6/tools/compiler/ti-cgt-arm_5.2.2/lib/</path>
         <kind>archive</kind>
         <file>rtsv7M4_T_le_v4SPD16_eabi.lib</file>
         <name>cpy_tbl.obj</name>
      </input_file>
      <input_file id="fl-141">
         <path>/media/bill/WANG/TivaTM4C123G/TIVAWARE/examples/boards/ek-tm4c123gxl-boostxl-senshub/compdcm_mpu9150/ccs/../../../../../driverlib/ccs/Debug/</path>
         <kind>archive</kind>
         <file>driverlib.lib</file>
         <name>uart.obj</name>
      </input_file>
      <input_file id="fl-142">
         <path>/media/bill/WANG/TivaTM4C123G/TIVAWARE/examples/boards/ek-tm4c123gxl-boostxl-senshub/compdcm_mpu9150/ccs/../../../../../driverlib/ccs/Debug/</path>
         <kind>archive</kind>
         <file>driverlib.lib</file>
         <name>timer.obj</name>
      </input_file>
      <input_file id="fl-143">
         <path>/media/bill/WANG/TivaTM4C123G/TIVAWARE/examples/boards/ek-tm4c123gxl-boostxl-senshub/compdcm_mpu9150/ccs/../../../../../driverlib/ccs/Debug/</path>
         <kind>archive</kind>
         <file>driverlib.lib</file>
         <name>sysctl.obj</name>
      </input_file>
      <input_file id="fl-144">
         <path>/media/bill/WANG/TivaTM4C123G/TIVAWARE/examples/boards/ek-tm4c123gxl-boostxl-senshub/compdcm_mpu9150/ccs/../../../../../driverlib/ccs/Debug/</path>
         <kind>archive</kind>
         <file>driverlib.lib</file>
         <name>pwm.obj</name>
      </input_file>
      <input_file id="fl-145">
         <path>/media/bill/WANG/TivaTM4C123G/TIVAWARE/examples/boards/ek-tm4c123gxl-boostxl-senshub/compdcm_mpu9150/ccs/../../../../../driverlib/ccs/Debug/</path>
         <kind>archive</kind>
         <file>driverlib.lib</file>
         <name>interrupt.obj</name>
      </input_file>
      <input_file id="fl-146">
         <path>/media/bill/WANG/TivaTM4C123G/TIVAWARE/examples/boards/ek-tm4c123gxl-boostxl-senshub/compdcm_mpu9150/ccs/../../../../../driverlib/ccs/Debug/</path>
         <kind>archive</kind>
         <file>driverlib.lib</file>
         <name>gpio.obj</name>
      </input_file>
      <input_file id="fl-147">
         <path>/media/bill/WANG/TivaTM4C123G/TIVAWARE/examples/boards/ek-tm4c123gxl-boostxl-senshub/compdcm_mpu9150/ccs/../../../../../driverlib/ccs/Debug/</path>
         <kind>archive</kind>
         <file>driverlib.lib</file>
         <name>cpu.obj</name>
      </input_file>
      <input_file id="fl-148">
         <path>/media/bill/WANG/TivaTM4C123G/TIVAWARE/examples/boards/ek-tm4c123gxl-boostxl-senshub/compdcm_mpu9150/ccs/../../../../../sensorlib/ccs/Debug/</path>
         <kind>archive</kind>
         <file>sensorlib.lib</file>
         <name>mpu9150.obj</name>
      </input_file>
      <input_file id="fl-149">
         <path>/media/bill/WANG/TivaTM4C123G/TIVAWARE/examples/boards/ek-tm4c123gxl-boostxl-senshub/compdcm_mpu9150/ccs/../../../../../sensorlib/ccs/Debug/</path>
         <kind>archive</kind>
         <file>sensorlib.lib</file>
         <name>i2cm_drv.obj</name>
      </input_file>
      <input_file id="fl-14a">
         <path>/media/bill/WANG/TivaTM4C123G/TIVAWARE/examples/boards/ek-tm4c123gxl-boostxl-senshub/compdcm_mpu9150/ccs/../../../../../sensorlib/ccs/Debug/</path>
         <kind>archive</kind>
         <file>sensorlib.lib</file>
         <name>comp_dcm.obj</name>
      </input_file>
      <input_file id="fl-14b">
         <path>/media/bill/WANG/TivaTM4C123G/TIVAWARE/examples/boards/ek-tm4c123gxl-boostxl-senshub/compdcm_mpu9150/ccs/../../../../../sensorlib/ccs/Debug/</path>
         <kind>archive</kind>
         <file>sensorlib.lib</file>
         <name>vector.obj</name>
      </input_file>
      <input_file id="fl-14c">
         <path>/home/bill/ti/ccsv6/tools/compiler/ti-cgt-arm_5.2.2/lib/</path>
         <kind>archive</kind>
         <file>rtsv7M4_T_le_v4SPD16_eabi.lib</file>
         <name>asinf.obj</name>
      </input_file>
      <input_file id="fl-14d">
         <path>/home/bill/ti/ccsv6/tools/compiler/ti-cgt-arm_5.2.2/lib/</path>
         <kind>archive</kind>
         <file>rtsv7M4_T_le_v4SPD16_eabi.lib</file>
         <name>atan2f.obj</name>
      </input_file>
      <input_file id="fl-14e">
         <path>/home/bill/ti/ccsv6/tools/compiler/ti-cgt-arm_5.2.2/lib/</path>
         <kind>archive</kind>
         <file>rtsv7M4_T_le_v4SPD16_eabi.lib</file>
         <name>fd_add_t2.obj</name>
      </input_file>
      <input_file id="fl-14f">
         <path>/home/bill/ti/ccsv6/tools/compiler/ti-cgt-arm_5.2.2/lib/</path>
         <kind>archive</kind>
         <file>rtsv7M4_T_le_v4SPD16_eabi.lib</file>
         <name>fd_mul_t2.obj</name>
      </input_file>
      <input_file id="fl-150">
         <path>/home/bill/ti/ccsv6/tools/compiler/ti-cgt-arm_5.2.2/lib/</path>
         <kind>archive</kind>
         <file>rtsv7M4_T_le_v4SPD16_eabi.lib</file>
         <name>fd_tos_t2.obj</name>
      </input_file>
      <input_file id="fl-151">
         <path>/home/bill/ti/ccsv6/tools/compiler/ti-cgt-arm_5.2.2/lib/</path>
         <kind>archive</kind>
         <file>rtsv7M4_T_le_v4SPD16_eabi.lib</file>
         <name>fs_tod_t2.obj</name>
      </input_file>
      <input_file id="fl-152">
         <path>/home/bill/ti/ccsv6/tools/compiler/ti-cgt-arm_5.2.2/lib/</path>
         <kind>archive</kind>
         <file>rtsv7M4_T_le_v4SPD16_eabi.lib</file>
         <name>sqrtf.obj</name>
      </input_file>
      <input_file id="fl-153">
         <path>/home/bill/ti/ccsv6/tools/compiler/ti-cgt-arm_5.2.2/lib/</path>
         <kind>archive</kind>
         <file>rtsv7M4_T_le_v4SPD16_eabi.lib</file>
         <name>xfatan.obj</name>
      </input_file>
      <input_file id="fl-154">
         <path>/home/bill/ti/ccsv6/tools/compiler/ti-cgt-arm_5.2.2/lib/</path>
         <kind>archive</kind>
         <file>rtsv7M4_T_le_v4SPD16_eabi.lib</file>
         <name>xfdclass.obj</name>
      </input_file>
      <input_file id="fl-155">
         <path>/home/bill/ti/ccsv6/tools/compiler/ti-cgt-arm_5.2.2/lib/</path>
         <kind>archive</kind>
         <file>rtsv7M4_T_le_v4SPD16_eabi.lib</file>
         <name>xferaise.obj</name>
      </input_file>
      <input_file id="fl-156">
         <path>/home/bill/ti/ccsv6/tools/compiler/ti-cgt-arm_5.2.2/lib/</path>
         <kind>archive</kind>
         <file>rtsv7M4_T_le_v4SPD16_eabi.lib</file>
         <name>xfvalues.obj</name>
      </input_file>
      <input_file id="fl-157">
         <path>/home/bill/ti/ccsv6/tools/compiler/ti-cgt-arm_5.2.2/lib/</path>
         <kind>archive</kind>
         <file>rtsv7M4_T_le_v4SPD16_eabi.lib</file>
         <name>errno.obj</name>
      </input_file>
      <input_file id="fl-158">
         <path>/home/bill/ti/ccsv6/tools/compiler/ti-cgt-arm_5.2.2/lib/</path>
         <kind>archive</kind>
         <file>rtsv7M4_T_le_v4SPD16_eabi.lib</file>
         <name>feraiseexcept.obj</name>
      </input_file>
      <input_file id="fl-159">
         <path>/home/bill/ti/ccsv6/tools/compiler/ti-cgt-arm_5.2.2/lib/</path>
         <kind>archive</kind>
         <file>rtsv7M4_T_le_v4SPD16_eabi.lib</file>
         <name>raise.obj</name>
      </input_file>
      <input_file id="fl-15a">
         <path>/home/bill/ti/ccsv6/tools/compiler/ti-cgt-arm_5.2.2/lib/</path>
         <kind>archive</kind>
         <file>rtsv7M4_T_le_v4SPD16_eabi.lib</file>
         <name>signal.obj</name>
      </input_file>
      <input_file id="fl-15b">
         <path>/media/bill/WANG/TivaTM4C123G/TIVAWARE/examples/boards/ek-tm4c123gxl-boostxl-senshub/compdcm_mpu9150/ccs/../../../../../driverlib/ccs/Debug/</path>
         <kind>archive</kind>
         <file>driverlib.lib</file>
         <name>i2c.obj</name>
      </input_file>
   </input_file_list>
   <object_component_list>
      <object_component id="oc-f">
         <name>.intvecs</name>
         <load_address>0x0</load_address>
         <run_address>0x0</run_address>
         <size>0x26c</size>
         <input_file_ref idref="fl-7"/>
      </object_component>
      <object_component id="oc-367">
         <name>.text:CompDCMUpdate</name>
         <load_address>0x26c</load_address>
         <run_address>0x26c</run_address>
         <size>0x294</size>
         <input_file_ref idref="fl-14a"/>
      </object_component>
      <object_component id="oc-12c">
         <name>.text:main</name>
         <load_address>0x500</load_address>
         <run_address>0x500</run_address>
         <size>0x248</size>
         <input_file_ref idref="fl-4"/>
      </object_component>
      <object_component id="oc-373">
         <name>.text:CompDCMComputeQuaternion</name>
         <load_address>0x748</load_address>
         <run_address>0x748</run_address>
         <size>0x1c8</size>
         <input_file_ref idref="fl-14a"/>
      </object_component>
      <object_component id="oc-42c">
         <name>.text</name>
         <load_address>0x910</load_address>
         <run_address>0x910</run_address>
         <size>0x1b6</size>
         <input_file_ref idref="fl-14e"/>
      </object_component>
      <object_component id="oc-36">
         <name>.text:FaultISR</name>
         <load_address>0xac6</load_address>
         <run_address>0xac6</run_address>
         <size>0x2</size>
         <input_file_ref idref="fl-7"/>
      </object_component>
      <object_component id="oc-1e9">
         <name>.text:Compdcm9150Config</name>
         <load_address>0xac8</load_address>
         <run_address>0xac8</run_address>
         <size>0x184</size>
         <input_file_ref idref="fl-3"/>
      </object_component>
      <object_component id="oc-152">
         <name>.text:MPU9150Callback</name>
         <load_address>0xc4c</load_address>
         <run_address>0xc4c</run_address>
         <size>0x180</size>
         <input_file_ref idref="fl-148"/>
      </object_component>
      <object_component id="oc-48">
         <name>.text:UARTStdioIntHandler</name>
         <load_address>0xdcc</load_address>
         <run_address>0xdcc</run_address>
         <size>0x160</size>
         <input_file_ref idref="fl-9"/>
      </object_component>
      <object_component id="oc-219">
         <name>.text:COMPDCM</name>
         <load_address>0xf2c</load_address>
         <run_address>0xf2c</run_address>
         <size>0x148</size>
         <input_file_ref idref="fl-3"/>
      </object_component>
      <object_component id="oc-3b2">
         <name>.text:GPIOPadConfigSet</name>
         <load_address>0x1074</load_address>
         <run_address>0x1074</run_address>
         <size>0x130</size>
         <input_file_ref idref="fl-146"/>
      </object_component>
      <object_component id="oc-329">
         <name>.text:SysCtlClockGet</name>
         <load_address>0x11a4</load_address>
         <run_address>0x11a4</run_address>
         <size>0x118</size>
         <input_file_ref idref="fl-143"/>
      </object_component>
      <object_component id="oc-438">
         <name>.text</name>
         <load_address>0x12bc</load_address>
         <run_address>0x12bc</run_address>
         <size>0x118</size>
         <input_file_ref idref="fl-14d"/>
      </object_component>
      <object_component id="oc-1f5">
         <name>.text:PIDConfig</name>
         <load_address>0x13d4</load_address>
         <run_address>0x13d4</run_address>
         <size>0x108</size>
         <input_file_ref idref="fl-5"/>
      </object_component>
      <object_component id="oc-400">
         <name>.text</name>
         <load_address>0x14dc</load_address>
         <run_address>0x14dc</run_address>
         <size>0xfc</size>
         <input_file_ref idref="fl-14f"/>
      </object_component>
      <object_component id="oc-f1">
         <name>.text:I2CMIntHandler</name>
         <load_address>0x15d8</load_address>
         <run_address>0x15d8</run_address>
         <size>0xf2</size>
         <input_file_ref idref="fl-149"/>
      </object_component>
      <object_component id="oc-3c">
         <name>.text:IntDefaultHandler</name>
         <load_address>0x16ca</load_address>
         <run_address>0x16ca</run_address>
         <size>0x2</size>
         <input_file_ref idref="fl-7"/>
      </object_component>
      <object_component id="oc-101">
         <name>.text:RGBEnable</name>
         <load_address>0x16cc</load_address>
         <run_address>0x16cc</run_address>
         <size>0xc0</size>
         <input_file_ref idref="fl-a"/>
      </object_component>
      <object_component id="oc-43e">
         <name>.text</name>
         <load_address>0x178c</load_address>
         <run_address>0x178c</run_address>
         <size>0xb4</size>
         <input_file_ref idref="fl-14c"/>
      </object_component>
      <object_component id="oc-201">
         <name>.text:M0PWM0_Config</name>
         <load_address>0x1840</load_address>
         <run_address>0x1840</run_address>
         <size>0xb0</size>
         <input_file_ref idref="fl-6"/>
      </object_component>
      <object_component id="oc-207">
         <name>.text:M0PWM1_Config</name>
         <load_address>0x18f0</load_address>
         <run_address>0x18f0</run_address>
         <size>0xb0</size>
         <input_file_ref idref="fl-6"/>
      </object_component>
      <object_component id="oc-20d">
         <name>.text:M0PWM2_Config</name>
         <load_address>0x19a0</load_address>
         <run_address>0x19a0</run_address>
         <size>0xb0</size>
         <input_file_ref idref="fl-6"/>
      </object_component>
      <object_component id="oc-213">
         <name>.text:M0PWM3_Config</name>
         <load_address>0x1a50</load_address>
         <run_address>0x1a50</run_address>
         <size>0xb0</size>
         <input_file_ref idref="fl-6"/>
      </object_component>
      <object_component id="oc-d5">
         <name>.text:UARTwrite</name>
         <load_address>0x1b00</load_address>
         <run_address>0x1b00</run_address>
         <size>0xa8</size>
         <input_file_ref idref="fl-9"/>
      </object_component>
      <object_component id="oc-48e">
         <name>.text</name>
         <load_address>0x1ba8</load_address>
         <run_address>0x1ba8</run_address>
         <size>0xa8</size>
         <input_file_ref idref="fl-153"/>
      </object_component>
      <object_component id="oc-34f">
         <name>.text:MPU9150DataMagnetoGetFloat</name>
         <load_address>0x1c50</load_address>
         <run_address>0x1c50</run_address>
         <size>0xa4</size>
         <input_file_ref idref="fl-148"/>
      </object_component>
      <object_component id="oc-225">
         <name>.text:ComputePID</name>
         <load_address>0x1cf4</load_address>
         <run_address>0x1cf4</run_address>
         <size>0xa0</size>
         <input_file_ref idref="fl-5"/>
      </object_component>
      <object_component id="oc-309">
         <name>.text:MPU9150Write</name>
         <load_address>0x1d94</load_address>
         <run_address>0x1d94</run_address>
         <size>0xa0</size>
         <input_file_ref idref="fl-148"/>
      </object_component>
      <object_component id="oc-2e4">
         <name>.text:UARTStdioConfig</name>
         <load_address>0x1e34</load_address>
         <run_address>0x1e34</run_address>
         <size>0xa0</size>
         <input_file_ref idref="fl-9"/>
      </object_component>
      <object_component id="oc-63">
         <name>.text</name>
         <load_address>0x1ed4</load_address>
         <run_address>0x1ed4</run_address>
         <size>0x9c</size>
         <input_file_ref idref="fl-138"/>
      </object_component>
      <object_component id="oc-1c4">
         <name>.text:I2CMStateIdle</name>
         <load_address>0x1f70</load_address>
         <run_address>0x1f70</run_address>
         <size>0x98</size>
         <input_file_ref idref="fl-149"/>
      </object_component>
      <object_component id="oc-c9">
         <name>.text:UARTPrimeTransmit</name>
         <load_address>0x2008</load_address>
         <run_address>0x2008</run_address>
         <size>0x8c</size>
         <input_file_ref idref="fl-9"/>
      </object_component>
      <object_component id="oc-1e3">
         <name>.text:BLEMiniConfig</name>
         <load_address>0x2094</load_address>
         <run_address>0x2094</run_address>
         <size>0x84</size>
         <input_file_ref idref="fl-2"/>
      </object_component>
      <object_component id="oc-14c">
         <name>.text:I2CMCommand</name>
         <load_address>0x2118</load_address>
         <run_address>0x2118</run_address>
         <size>0x84</size>
         <input_file_ref idref="fl-149"/>
      </object_component>
      <object_component id="oc-7c">
         <name>.text</name>
         <load_address>0x219c</load_address>
         <run_address>0x219c</run_address>
         <size>0x7a</size>
         <input_file_ref idref="fl-139"/>
      </object_component>
      <object_component id="oc-3c8">
         <name>.text:MPU9150AppErrorHandler</name>
         <load_address>0x2216</load_address>
         <run_address>0x2216</run_address>
         <size>0x2</size>
         <input_file_ref idref="fl-3"/>
      </object_component>
      <object_component id="oc-1fb">
         <name>.text:BalancingStart</name>
         <load_address>0x2218</load_address>
         <run_address>0x2218</run_address>
         <size>0x78</size>
         <input_file_ref idref="fl-4"/>
      </object_component>
      <object_component id="oc-343">
         <name>.text:MPU9150DataAccelGetFloat</name>
         <load_address>0x2290</load_address>
         <run_address>0x2290</run_address>
         <size>0x78</size>
         <input_file_ref idref="fl-148"/>
      </object_component>
      <object_component id="oc-349">
         <name>.text:MPU9150DataGyroGetFloat</name>
         <load_address>0x2308</load_address>
         <run_address>0x2308</run_address>
         <size>0x78</size>
         <input_file_ref idref="fl-148"/>
      </object_component>
      <object_component id="oc-2fd">
         <name>.text:MPU9150Init</name>
         <load_address>0x2380</load_address>
         <run_address>0x2380</run_address>
         <size>0x6c</size>
         <input_file_ref idref="fl-148"/>
      </object_component>
      <object_component id="oc-8e">
         <name>.text</name>
         <load_address>0x23ec</load_address>
         <run_address>0x23ec</run_address>
         <size>0x6c</size>
         <input_file_ref idref="fl-13f"/>
      </object_component>
      <object_component id="oc-6f">
         <name>.text</name>
         <load_address>0x2458</load_address>
         <run_address>0x2458</run_address>
         <size>0x6a</size>
         <input_file_ref idref="fl-134"/>
      </object_component>
      <object_component id="oc-30">
         <name>.text:NmiSR</name>
         <load_address>0x24c2</load_address>
         <run_address>0x24c2</run_address>
         <size>0x2</size>
         <input_file_ref idref="fl-7"/>
      </object_component>
      <object_component id="oc-fb">
         <name>.text:RGBDisable</name>
         <load_address>0x24c4</load_address>
         <run_address>0x24c4</run_address>
         <size>0x68</size>
         <input_file_ref idref="fl-a"/>
      </object_component>
      <object_component id="oc-26a">
         <name>.text:IntIsEnabled</name>
         <load_address>0x252c</load_address>
         <run_address>0x252c</run_address>
         <size>0x64</size>
         <input_file_ref idref="fl-145"/>
      </object_component>
      <object_component id="oc-270">
         <name>.text:IntDisable</name>
         <load_address>0x2590</load_address>
         <run_address>0x2590</run_address>
         <size>0x60</size>
         <input_file_ref idref="fl-145"/>
      </object_component>
      <object_component id="oc-27c">
         <name>.text:IntEnable</name>
         <load_address>0x25f0</load_address>
         <run_address>0x25f0</run_address>
         <size>0x60</size>
         <input_file_ref idref="fl-145"/>
      </object_component>
      <object_component id="oc-b4">
         <name>.text:MPU9150DataRead</name>
         <load_address>0x2650</load_address>
         <run_address>0x2650</run_address>
         <size>0x60</size>
         <input_file_ref idref="fl-148"/>
      </object_component>
      <object_component id="oc-1b2">
         <name>.text:I2CMStateWritePause</name>
         <load_address>0x26b0</load_address>
         <run_address>0x26b0</run_address>
         <size>0x5e</size>
         <input_file_ref idref="fl-149"/>
      </object_component>
      <object_component id="oc-3cf">
         <name>.text:I2CMWrite8</name>
         <load_address>0x2710</load_address>
         <run_address>0x2710</run_address>
         <size>0x58</size>
         <input_file_ref idref="fl-149"/>
      </object_component>
      <object_component id="oc-40e">
         <name>.text:VectorCrossProduct</name>
         <load_address>0x2768</load_address>
         <run_address>0x2768</run_address>
         <size>0x56</size>
         <input_file_ref idref="fl-14b"/>
      </object_component>
      <object_component id="oc-24">
         <name>.text</name>
         <load_address>0x27c0</load_address>
         <run_address>0x27c0</run_address>
         <size>0x50</size>
         <input_file_ref idref="fl-132"/>
      </object_component>
      <object_component id="oc-1b8">
         <name>.text:I2CMStateWriteFinal</name>
         <load_address>0x2810</load_address>
         <run_address>0x2810</run_address>
         <size>0x4e</size>
         <input_file_ref idref="fl-149"/>
      </object_component>
      <object_component id="oc-1ef">
         <name>.text:SysTimerStart</name>
         <load_address>0x2860</load_address>
         <run_address>0x2860</run_address>
         <size>0x4c</size>
         <input_file_ref idref="fl-8"/>
      </object_component>
      <object_component id="oc-3dd">
         <name>.text:_TimerIntNumberGet</name>
         <load_address>0x28ac</load_address>
         <run_address>0x28ac</run_address>
         <size>0x4c</size>
         <input_file_ref idref="fl-142"/>
      </object_component>
      <object_component id="oc-124">
         <name>.text</name>
         <load_address>0x28f8</load_address>
         <run_address>0x28f8</run_address>
         <size>0x4c</size>
         <input_file_ref idref="fl-140"/>
      </object_component>
      <object_component id="oc-405">
         <name>.text</name>
         <load_address>0x2944</load_address>
         <run_address>0x2944</run_address>
         <size>0x4a</size>
         <input_file_ref idref="fl-150"/>
      </object_component>
      <object_component id="oc-1a0">
         <name>.text:I2CMStateReadNext</name>
         <load_address>0x298e</load_address>
         <run_address>0x298e</run_address>
         <size>0x48</size>
         <input_file_ref idref="fl-149"/>
      </object_component>
      <object_component id="oc-3ba">
         <name>.text:I2CMasterInitExpClk</name>
         <load_address>0x29d8</load_address>
         <run_address>0x29d8</run_address>
         <size>0x48</size>
         <input_file_ref idref="fl-15b"/>
      </object_component>
      <object_component id="oc-1be">
         <name>.text:I2CMStateWriteNext</name>
         <load_address>0x2a20</load_address>
         <run_address>0x2a20</run_address>
         <size>0x46</size>
         <input_file_ref idref="fl-149"/>
      </object_component>
      <object_component id="oc-30f">
         <name>.text:CompDCMInit</name>
         <load_address>0x2a68</load_address>
         <run_address>0x2a68</run_address>
         <size>0x44</size>
         <input_file_ref idref="fl-14a"/>
      </object_component>
      <object_component id="oc-188">
         <name>.text:I2CMStateCallback</name>
         <load_address>0x2aac</load_address>
         <run_address>0x2aac</run_address>
         <size>0x44</size>
         <input_file_ref idref="fl-149"/>
      </object_component>
      <object_component id="oc-9a">
         <name>.text</name>
         <load_address>0x2af0</load_address>
         <run_address>0x2af0</run_address>
         <size>0x44</size>
         <input_file_ref idref="fl-136"/>
      </object_component>
      <object_component id="oc-36d">
         <name>.text:CompDCMComputeEulers</name>
         <load_address>0x2b34</load_address>
         <run_address>0x2b34</run_address>
         <size>0x42</size>
         <input_file_ref idref="fl-14a"/>
      </object_component>
      <object_component id="oc-21f">
         <name>.text:SetControllerDirection</name>
         <load_address>0x2b78</load_address>
         <run_address>0x2b78</run_address>
         <size>0x40</size>
         <input_file_ref idref="fl-5"/>
      </object_component>
      <object_component id="oc-4e0">
         <name>.text</name>
         <load_address>0x2bb8</load_address>
         <run_address>0x2bb8</run_address>
         <size>0x40</size>
         <input_file_ref idref="fl-15a"/>
      </object_component>
      <object_component id="oc-19a">
         <name>.text:I2CMStateReadFinal</name>
         <load_address>0x2bf8</load_address>
         <run_address>0x2bf8</run_address>
         <size>0x3e</size>
         <input_file_ref idref="fl-149"/>
      </object_component>
      <object_component id="oc-194">
         <name>.text:I2CMStateReadPause</name>
         <load_address>0x2c36</load_address>
         <run_address>0x2c36</run_address>
         <size>0x3e</size>
         <input_file_ref idref="fl-149"/>
      </object_component>
      <object_component id="oc-3a5">
         <name>.text:UARTFlushTx</name>
         <load_address>0x2c74</load_address>
         <run_address>0x2c74</run_address>
         <size>0x3c</size>
         <input_file_ref idref="fl-9"/>
      </object_component>
      <object_component id="oc-459">
         <name>.text:I2CMWrite8Callback</name>
         <load_address>0x2cb0</load_address>
         <run_address>0x2cb0</run_address>
         <size>0x38</size>
         <input_file_ref idref="fl-149"/>
      </object_component>
      <object_component id="oc-5a">
         <name>.text:RGBBlinkIntHandler</name>
         <load_address>0x2ce8</load_address>
         <run_address>0x2ce8</run_address>
         <size>0x38</size>
         <input_file_ref idref="fl-a"/>
      </object_component>
      <object_component id="oc-3fb">
         <name>.text</name>
         <load_address>0x2d20</load_address>
         <run_address>0x2d20</run_address>
         <size>0x38</size>
         <input_file_ref idref="fl-151"/>
      </object_component>
      <object_component id="oc-2f7">
         <name>.text:I2CMInit</name>
         <load_address>0x2d58</load_address>
         <run_address>0x2d58</run_address>
         <size>0x34</size>
         <input_file_ref idref="fl-149"/>
      </object_component>
      <object_component id="oc-42">
         <name>.text:IntGPIOb</name>
         <load_address>0x2d8c</load_address>
         <run_address>0x2d8c</run_address>
         <size>0x34</size>
         <input_file_ref idref="fl-3"/>
      </object_component>
      <object_component id="oc-3e3">
         <name>.text:IntRegister</name>
         <load_address>0x2dc0</load_address>
         <run_address>0x2dc0</run_address>
         <size>0x34</size>
         <input_file_ref idref="fl-145"/>
      </object_component>
      <object_component id="oc-4b2">
         <name>.text</name>
         <load_address>0x2df4</load_address>
         <run_address>0x2df4</run_address>
         <size>0x34</size>
         <input_file_ref idref="fl-158"/>
      </object_component>
      <object_component id="oc-426">
         <name>.text:VectorAdd</name>
         <load_address>0x2e28</load_address>
         <run_address>0x2e28</run_address>
         <size>0x32</size>
         <input_file_ref idref="fl-14b"/>
      </object_component>
      <object_component id="oc-49c">
         <name>.text:I2CMTransferResume</name>
         <load_address>0x2e5a</load_address>
         <run_address>0x2e5a</run_address>
         <size>0x30</size>
         <input_file_ref idref="fl-149"/>
      </object_component>
      <object_component id="oc-481">
         <name>.text</name>
         <load_address>0x2e8c</load_address>
         <run_address>0x2e8c</run_address>
         <size>0x30</size>
         <input_file_ref idref="fl-155"/>
      </object_component>
      <object_component id="oc-4d0">
         <name>.text</name>
         <load_address>0x2ebc</load_address>
         <run_address>0x2ebc</run_address>
         <size>0x2e</size>
         <input_file_ref idref="fl-159"/>
      </object_component>
      <object_component id="oc-39f">
         <name>.text:UARTFlushRx</name>
         <load_address>0x2eec</load_address>
         <run_address>0x2eec</run_address>
         <size>0x2c</size>
         <input_file_ref idref="fl-9"/>
      </object_component>
      <object_component id="oc-431">
         <name>.text</name>
         <load_address>0x2f18</load_address>
         <run_address>0x2f18</run_address>
         <size>0x2c</size>
         <input_file_ref idref="fl-154"/>
      </object_component>
      <object_component id="oc-3ac">
         <name>.text:GPIODirModeSet</name>
         <load_address>0x2f44</load_address>
         <run_address>0x2f44</run_address>
         <size>0x2a</size>
         <input_file_ref idref="fl-146"/>
      </object_component>
      <object_component id="oc-1a6">
         <name>.text:I2CMStateReadFirst</name>
         <load_address>0x2f6e</load_address>
         <run_address>0x2f6e</run_address>
         <size>0x2a</size>
         <input_file_ref idref="fl-149"/>
      </object_component>
      <object_component id="oc-303">
         <name>.text:MPU9150AppI2CWait</name>
         <load_address>0x2f98</load_address>
         <run_address>0x2f98</run_address>
         <size>0x28</size>
         <input_file_ref idref="fl-3"/>
      </object_component>
      <object_component id="oc-414">
         <name>.text:VectorDotProduct</name>
         <load_address>0x2fc0</load_address>
         <run_address>0x2fc0</run_address>
         <size>0x26</size>
         <input_file_ref idref="fl-14b"/>
      </object_component>
      <object_component id="oc-420">
         <name>.text:VectorScale</name>
         <load_address>0x2fe6</load_address>
         <run_address>0x2fe6</run_address>
         <size>0x26</size>
         <input_file_ref idref="fl-14b"/>
      </object_component>
      <object_component id="oc-31a">
         <name>.text:millis</name>
         <load_address>0x300c</load_address>
         <run_address>0x300c</run_address>
         <size>0x24</size>
         <input_file_ref idref="fl-8"/>
      </object_component>
      <object_component id="oc-41a">
         <name>.text</name>
         <load_address>0x3030</load_address>
         <run_address>0x3030</run_address>
         <size>0x24</size>
         <input_file_ref idref="fl-152"/>
      </object_component>
      <object_component id="oc-32f">
         <name>.text:PWMGenConfigure</name>
         <load_address>0x3054</load_address>
         <run_address>0x3054</run_address>
         <size>0x22</size>
         <input_file_ref idref="fl-144"/>
      </object_component>
      <object_component id="oc-1ac">
         <name>.text:I2CMStateReadOne</name>
         <load_address>0x3076</load_address>
         <run_address>0x3076</run_address>
         <size>0x20</size>
         <input_file_ref idref="fl-149"/>
      </object_component>
      <object_component id="oc-4e">
         <name>.text:IntBalancing</name>
         <load_address>0x3098</load_address>
         <run_address>0x3098</run_address>
         <size>0x1c</size>
         <input_file_ref idref="fl-4"/>
      </object_component>
      <object_component id="oc-22b">
         <name>.text:M0PWM0_Set</name>
         <load_address>0x30b4</load_address>
         <run_address>0x30b4</run_address>
         <size>0x1c</size>
         <input_file_ref idref="fl-6"/>
      </object_component>
      <object_component id="oc-231">
         <name>.text:M0PWM1_Set</name>
         <load_address>0x30d0</load_address>
         <run_address>0x30d0</run_address>
         <size>0x1c</size>
         <input_file_ref idref="fl-6"/>
      </object_component>
      <object_component id="oc-237">
         <name>.text:M0PWM2_Set</name>
         <load_address>0x30ec</load_address>
         <run_address>0x30ec</run_address>
         <size>0x1c</size>
         <input_file_ref idref="fl-6"/>
      </object_component>
      <object_component id="oc-23d">
         <name>.text:M0PWM3_Set</name>
         <load_address>0x3108</load_address>
         <run_address>0x3108</run_address>
         <size>0x1c</size>
         <input_file_ref idref="fl-6"/>
      </object_component>
      <object_component id="oc-18e">
         <name>.text:I2CMStateReadWait</name>
         <load_address>0x3124</load_address>
         <run_address>0x3124</run_address>
         <size>0x18</size>
         <input_file_ref idref="fl-149"/>
      </object_component>
      <object_component id="oc-db">
         <name>.text:IsBufferFull</name>
         <load_address>0x313c</load_address>
         <run_address>0x313c</run_address>
         <size>0x18</size>
         <input_file_ref idref="fl-9"/>
      </object_component>
      <object_component id="oc-bd">
         <name>.text:MPU9150AppCallback</name>
         <load_address>0x3154</load_address>
         <run_address>0x3154</run_address>
         <size>0x18</size>
         <input_file_ref idref="fl-3"/>
      </object_component>
      <object_component id="oc-322">
         <name>.text:TimerIntRegister</name>
         <load_address>0x316c</load_address>
         <run_address>0x316c</run_address>
         <size>0x18</size>
         <input_file_ref idref="fl-142"/>
      </object_component>
      <object_component id="oc-94">
         <name>.text</name>
         <load_address>0x3184</load_address>
         <run_address>0x3184</run_address>
         <size>0x18</size>
         <input_file_ref idref="fl-13e"/>
      </object_component>
      <object_component id="oc-25a">
         <name>.text</name>
         <load_address>0x319c</load_address>
         <run_address>0x319c</run_address>
         <size>0x14</size>
         <input_file_ref idref="fl-13d"/>
      </object_component>
      <object_component id="oc-2eb">
         <name>.text:GPIOPinTypeI2CSCL</name>
         <load_address>0x31b0</load_address>
         <run_address>0x31b0</run_address>
         <size>0x12</size>
         <input_file_ref idref="fl-146"/>
      </object_component>
      <object_component id="oc-335">
         <name>.text:PWMGenPeriodSet</name>
         <load_address>0x31c2</load_address>
         <run_address>0x31c2</run_address>
         <size>0x10</size>
         <input_file_ref idref="fl-144"/>
      </object_component>
      <object_component id="oc-35b">
         <name>.text:CompDCMAccelUpdate</name>
         <load_address>0x31d2</load_address>
         <run_address>0x31d2</run_address>
         <size>0xe</size>
         <input_file_ref idref="fl-14a"/>
      </object_component>
      <object_component id="oc-361">
         <name>.text:CompDCMGyroUpdate</name>
         <load_address>0x31e0</load_address>
         <run_address>0x31e0</run_address>
         <size>0xe</size>
         <input_file_ref idref="fl-14a"/>
      </object_component>
      <object_component id="oc-355">
         <name>.text:CompDCMMagnetoUpdate</name>
         <load_address>0x31ee</load_address>
         <run_address>0x31ee</run_address>
         <size>0xe</size>
         <input_file_ref idref="fl-14a"/>
      </object_component>
      <object_component id="oc-a8">
         <name>.text:GPIOIntStatus</name>
         <load_address>0x31fc</load_address>
         <run_address>0x31fc</run_address>
         <size>0xe</size>
         <input_file_ref idref="fl-146"/>
      </object_component>
      <object_component id="oc-cf">
         <name>.text:IsBufferEmpty</name>
         <load_address>0x320a</load_address>
         <run_address>0x320a</run_address>
         <size>0xe</size>
         <input_file_ref idref="fl-9"/>
      </object_component>
      <object_component id="oc-12">
         <name>.text:decompress:none</name>
         <load_address>0x3218</load_address>
         <run_address>0x3218</run_address>
         <size>0xe</size>
         <input_file_ref idref="fl-133"/>
      </object_component>
      <object_component id="oc-2f1">
         <name>.text:GPIOIntEnable</name>
         <load_address>0x3226</load_address>
         <run_address>0x3226</run_address>
         <size>0xc</size>
         <input_file_ref idref="fl-146"/>
      </object_component>
      <object_component id="oc-276">
         <name>.text:IntTrigger</name>
         <load_address>0x3234</load_address>
         <run_address>0x3234</run_address>
         <size>0xc</size>
         <input_file_ref idref="fl-145"/>
      </object_component>
      <object_component id="oc-54">
         <name>.text:MPU9150I2CIntHandler</name>
         <load_address>0x3240</load_address>
         <run_address>0x3240</run_address>
         <size>0xc</size>
         <input_file_ref idref="fl-3"/>
      </object_component>
      <object_component id="oc-1e">
         <name>.text:decompress:ZI</name>
         <load_address>0x324c</load_address>
         <run_address>0x324c</run_address>
         <size>0xc</size>
         <input_file_ref idref="fl-135"/>
      </object_component>
      <object_component id="oc-450">
         <name>.text:I2CMasterEnable</name>
         <load_address>0x3258</load_address>
         <run_address>0x3258</run_address>
         <size>0xa</size>
         <input_file_ref idref="fl-15b"/>
      </object_component>
      <object_component id="oc-17c">
         <name>.text:I2CMasterIntClear</name>
         <load_address>0x3262</load_address>
         <run_address>0x3262</run_address>
         <size>0x8</size>
         <input_file_ref idref="fl-15b"/>
      </object_component>
      <object_component id="oc-3c0">
         <name>.text:I2CMasterIntEnableEx</name>
         <load_address>0x326a</load_address>
         <run_address>0x326a</run_address>
         <size>0x8</size>
         <input_file_ref idref="fl-15b"/>
      </object_component>
      <object_component id="oc-2b9">
         <name>.text:I2CMasterSlaveAddrSet</name>
         <load_address>0x3272</load_address>
         <run_address>0x3272</run_address>
         <size>0x8</size>
         <input_file_ref idref="fl-15b"/>
      </object_component>
      <object_component id="oc-ae">
         <name>.text:GPIOIntClear</name>
         <load_address>0x327a</load_address>
         <run_address>0x327a</run_address>
         <size>0x6</size>
         <input_file_ref idref="fl-146"/>
      </object_component>
      <object_component id="oc-2a">
         <name>.text:ResetISR</name>
         <load_address>0x3280</load_address>
         <run_address>0x3280</run_address>
         <size>0x6</size>
         <input_file_ref idref="fl-7"/>
      </object_component>
      <object_component id="oc-2de">
         <name>.text:UARTClockSourceSet</name>
         <load_address>0x3286</load_address>
         <run_address>0x3286</run_address>
         <size>0x6</size>
         <input_file_ref idref="fl-141"/>
      </object_component>
      <object_component id="oc-18">
         <name>.text:decompress:rle24</name>
         <load_address>0x328c</load_address>
         <run_address>0x328c</run_address>
         <size>0x6</size>
         <input_file_ref idref="fl-134"/>
      </object_component>
      <object_component id="oc-182">
         <name>.text:I2CMasterControl</name>
         <load_address>0x3292</load_address>
         <run_address>0x3292</run_address>
         <size>0x4</size>
         <input_file_ref idref="fl-15b"/>
      </object_component>
      <object_component id="oc-2af">
         <name>.text:I2CMasterDataGet</name>
         <load_address>0x3296</load_address>
         <run_address>0x3296</run_address>
         <size>0x4</size>
         <input_file_ref idref="fl-15b"/>
      </object_component>
      <object_component id="oc-2c1">
         <name>.text:I2CMasterDataPut</name>
         <load_address>0x329a</load_address>
         <run_address>0x329a</run_address>
         <size>0x4</size>
         <input_file_ref idref="fl-15b"/>
      </object_component>
      <object_component id="oc-88">
         <name>.text</name>
         <load_address>0x329e</load_address>
         <run_address>0x329e</run_address>
         <size>0x4</size>
         <input_file_ref idref="fl-13a"/>
      </object_component>
      <object_component id="oc-390">
         <name>.const</name>
         <load_address>0x32a4</load_address>
         <run_address>0x32a4</run_address>
         <size>0x70</size>
         <input_file_ref idref="fl-145"/>
      </object_component>
      <object_component id="oc-3eb">
         <name>.const:g_pui32Xtals</name>
         <load_address>0x3314</load_address>
         <run_address>0x3314</run_address>
         <size>0x6c</size>
         <input_file_ref idref="fl-143"/>
      </object_component>
      <object_component id="oc-467">
         <name>.const:g_ppui32TimerIntMap</name>
         <load_address>0x3380</load_address>
         <run_address>0x3380</run_address>
         <size>0x60</size>
         <input_file_ref idref="fl-142"/>
      </object_component>
      <object_component id="oc-46a">
         <name>.const:g_ppui32TimerIntMapSnowflake</name>
         <load_address>0x33e0</load_address>
         <run_address>0x33e0</run_address>
         <size>0x40</size>
         <input_file_ref idref="fl-142"/>
      </object_component>
      <object_component id="oc-4c0">
         <name>.const</name>
         <load_address>0x3420</load_address>
         <run_address>0x3420</run_address>
         <size>0x34</size>
         <input_file_ref idref="fl-153"/>
      </object_component>
      <object_component id="oc-16c">
         <name>.const</name>
         <load_address>0x3454</load_address>
         <run_address>0x3454</run_address>
         <size>0x28</size>
         <input_file_ref idref="fl-9"/>
      </object_component>
      <object_component id="oc-3f6">
         <name>.const</name>
         <load_address>0x347c</load_address>
         <run_address>0x347c</run_address>
         <size>0x20</size>
         <input_file_ref idref="fl-148"/>
      </object_component>
      <object_component id="oc-2a6">
         <name>.const:.string</name>
         <load_address>0x349c</load_address>
         <run_address>0x349c</run_address>
         <size>0x12</size>
         <input_file_ref idref="fl-9"/>
      </object_component>
      <object_component id="oc-529">
         <name>.cinit..data.load</name>
         <load_address>0x34b0</load_address>
         <run_address>0x34b0</run_address>
         <size>0x40</size>
      </object_component>
      <object_component id="oc-526">
         <name>__TI_handler_table</name>
         <load_address>0x34f0</load_address>
         <run_address>0x34f0</run_address>
         <size>0xc</size>
      </object_component>
      <object_component id="oc-52a">
         <name>.cinit..bss.load</name>
         <load_address>0x3500</load_address>
         <run_address>0x3500</run_address>
         <size>0x8</size>
      </object_component>
      <object_component id="oc-528">
         <name>.cinit..vtable.load</name>
         <load_address>0x3508</load_address>
         <run_address>0x3508</run_address>
         <size>0x8</size>
      </object_component>
      <object_component id="oc-527">
         <name>__TI_cinit_table</name>
         <load_address>0x3510</load_address>
         <run_address>0x3510</run_address>
         <size>0x18</size>
      </object_component>
      <object_component id="oc-46e">
         <name>.vtable</name>
         <uninitialized>true</uninitialized>
         <run_address>0x20000000</run_address>
         <size>0x26c</size>
         <input_file_ref idref="fl-145"/>
      </object_component>
      <object_component id="oc-29">
         <name>.stack</name>
         <uninitialized>true</uninitialized>
         <run_address>0x200009a8</run_address>
         <size>0x0</size>
         <input_file_ref idref="fl-132"/>
      </object_component>
      <object_component id="oc-52b">
         <name>.stack</name>
         <uninitialized>true</uninitialized>
         <run_address>0x200009a8</run_address>
         <size>0x0</size>
      </object_component>
      <object_component id="oc-f7">
         <name>.bss:g_sI2CInst</name>
         <uninitialized>true</uninitialized>
         <run_address>0x2000066c</run_address>
         <size>0x124</size>
         <input_file_ref idref="fl-3"/>
      </object_component>
      <object_component id="oc-ba">
         <name>.bss:g_sMPU9150Inst</name>
         <uninitialized>true</uninitialized>
         <run_address>0x20000810</run_address>
         <size>0x6c</size>
         <input_file_ref idref="fl-3"/>
      </object_component>
      <object_component id="oc-315">
         <name>.bss:g_sCompDCMInst</name>
         <uninitialized>true</uninitialized>
         <run_address>0x2000087c</run_address>
         <size>0x58</size>
         <input_file_ref idref="fl-3"/>
      </object_component>
      <object_component id="oc-24f">
         <name>.bss:g_pfData</name>
         <uninitialized>true</uninitialized>
         <run_address>0x200008d4</run_address>
         <size>0x40</size>
         <input_file_ref idref="fl-4"/>
      </object_component>
      <object_component id="oc-243">
         <name>.bss:g_roll_pid</name>
         <uninitialized>true</uninitialized>
         <run_address>0x2000094c</run_address>
         <size>0x38</size>
         <input_file_ref idref="fl-4"/>
      </object_component>
      <object_component id="oc-246">
         <name>.bss:g_pitch_pid</name>
         <uninitialized>true</uninitialized>
         <run_address>0x20000914</run_address>
         <size>0x38</size>
         <input_file_ref idref="fl-4"/>
      </object_component>
      <object_component id="oc-16f">
         <name>.bss:g_pcUARTTxBuffer</name>
         <uninitialized>true</uninitialized>
         <run_address>0x2000026c</run_address>
         <size>0x400</size>
         <input_file_ref idref="fl-9"/>
      </object_component>
      <object_component id="oc-e7">
         <name>.bss:g_pcUARTRxBuffer</name>
         <uninitialized>true</uninitialized>
         <run_address>0x20000790</run_address>
         <size>0x80</size>
         <input_file_ref idref="fl-9"/>
      </object_component>
      <object_component id="oc-166">
         <name>.common:g_vui8I2CDoneFlag</name>
         <uninitialized>true</uninitialized>
         <run_address>0x2000099c</run_address>
         <size>0x4</size>
      </object_component>
      <object_component id="oc-169">
         <name>.common:g_vui8ErrorFlag</name>
         <uninitialized>true</uninitialized>
         <run_address>0x20000998</run_address>
         <size>0x4</size>
      </object_component>
      <object_component id="oc-24e">
         <name>.common:PWMPulseWidth_0</name>
         <uninitialized>true</uninitialized>
         <run_address>0x20000984</run_address>
         <size>0x4</size>
      </object_component>
      <object_component id="oc-24d">
         <name>.common:PWMPulseWidth_1</name>
         <uninitialized>true</uninitialized>
         <run_address>0x20000988</run_address>
         <size>0x4</size>
      </object_component>
      <object_component id="oc-24c">
         <name>.common:PWMPulseWidth_2</name>
         <uninitialized>true</uninitialized>
         <run_address>0x2000098c</run_address>
         <size>0x4</size>
      </object_component>
      <object_component id="oc-249">
         <name>.common:PWMPulseWidth_3</name>
         <uninitialized>true</uninitialized>
         <run_address>0x20000990</run_address>
         <size>0x4</size>
      </object_component>
      <object_component id="oc-e4">
         <name>.common:g_bDisableEcho</name>
         <uninitialized>true</uninitialized>
         <run_address>0x200009a4</run_address>
         <size>0x1</size>
      </object_component>
      <object_component id="oc-16b">
         <name>.common:g_ui32PortNum</name>
         <uninitialized>true</uninitialized>
         <run_address>0x20000994</run_address>
         <size>0x4</size>
      </object_component>
      <object_component id="oc-107">
         <name>.common:ulFlags$1</name>
         <uninitialized>true</uninitialized>
         <run_address>0x200009a0</run_address>
         <size>0x4</size>
      </object_component>
      <object_component id="oc-33b">
         <name>.data</name>
         <load_address>0x20000ed8</load_address>
         <run_address>0x20000ed8</run_address>
         <size>0x8</size>
         <input_file_ref idref="fl-6"/>
      </object_component>
      <object_component id="oc-e1">
         <name>.data</name>
         <load_address>0x20000ec0</load_address>
         <run_address>0x20000ec0</run_address>
         <size>0x15</size>
         <input_file_ref idref="fl-9"/>
      </object_component>
      <object_component id="oc-137">
         <name>.data</name>
         <load_address>0x20000ee8</load_address>
         <run_address>0x20000ee8</run_address>
         <size>0x8</size>
         <input_file_ref idref="fl-136"/>
      </object_component>
      <object_component id="oc-a0">
         <name>.data</name>
         <load_address>0x20000efc</load_address>
         <run_address>0x20000efc</run_address>
         <size>0x4</size>
         <input_file_ref idref="fl-13b"/>
      </object_component>
      <object_component id="oc-134">
         <name>.data</name>
         <load_address>0x20000ee0</load_address>
         <run_address>0x20000ee0</run_address>
         <size>0x8</size>
         <input_file_ref idref="fl-13d"/>
      </object_component>
      <object_component id="oc-496">
         <name>.data</name>
         <load_address>0x20000e58</load_address>
         <run_address>0x20000e58</run_address>
         <size>0x68</size>
         <input_file_ref idref="fl-156"/>
      </object_component>
      <object_component id="oc-4b8">
         <name>.data</name>
         <load_address>0x20000ef8</load_address>
         <run_address>0x20000ef8</run_address>
         <size>0x4</size>
         <input_file_ref idref="fl-157"/>
      </object_component>
      <object_component id="oc-4d6">
         <name>.data</name>
         <load_address>0x20000ef0</load_address>
         <run_address>0x20000ef0</run_address>
         <size>0x8</size>
         <input_file_ref idref="fl-158"/>
      </object_component>
      <object_component id="oc-4f3">
         <name>.data:sigtable</name>
         <load_address>0x20000da8</load_address>
         <run_address>0x20000da8</run_address>
         <size>0xb0</size>
         <input_file_ref idref="fl-15a"/>
      </object_component>
      <object_component id="oc-1e4">
         <name>.debug_info</name>
         <load_address>0x0</load_address>
         <run_address>0x0</run_address>
         <size>0x173</size>
         <input_file_ref idref="fl-2"/>
      </object_component>
      <object_component id="oc-109">
         <name>.debug_info</name>
         <load_address>0x173</load_address>
         <run_address>0x173</run_address>
         <size>0x84</size>
         <input_file_ref idref="fl-2"/>
      </object_component>
      <object_component id="oc-eb">
         <name>.debug_info</name>
         <load_address>0x1f7</load_address>
         <run_address>0x1f7</run_address>
         <size>0x18b</size>
         <input_file_ref idref="fl-2"/>
      </object_component>
      <object_component id="oc-167">
         <name>.debug_info</name>
         <load_address>0x382</load_address>
         <run_address>0x382</run_address>
         <size>0x7bc</size>
         <input_file_ref idref="fl-3"/>
      </object_component>
      <object_component id="oc-f8">
         <name>.debug_info</name>
         <load_address>0xb3e</load_address>
         <run_address>0xb3e</run_address>
         <size>0xe2</size>
         <input_file_ref idref="fl-3"/>
      </object_component>
      <object_component id="oc-bb">
         <name>.debug_info</name>
         <load_address>0xc20</load_address>
         <run_address>0xc20</run_address>
         <size>0xea</size>
         <input_file_ref idref="fl-3"/>
      </object_component>
      <object_component id="oc-316">
         <name>.debug_info</name>
         <load_address>0xd0a</load_address>
         <run_address>0xd0a</run_address>
         <size>0xea</size>
         <input_file_ref idref="fl-3"/>
      </object_component>
      <object_component id="oc-55">
         <name>.debug_info</name>
         <load_address>0xdf4</load_address>
         <run_address>0xdf4</run_address>
         <size>0x149</size>
         <input_file_ref idref="fl-3"/>
      </object_component>
      <object_component id="oc-3c9">
         <name>.debug_info</name>
         <load_address>0xf3d</load_address>
         <run_address>0xf3d</run_address>
         <size>0x16d</size>
         <input_file_ref idref="fl-3"/>
      </object_component>
      <object_component id="oc-304">
         <name>.debug_info</name>
         <load_address>0x10aa</load_address>
         <run_address>0x10aa</run_address>
         <size>0x1bd</size>
         <input_file_ref idref="fl-3"/>
      </object_component>
      <object_component id="oc-be">
         <name>.debug_info</name>
         <load_address>0x1267</load_address>
         <run_address>0x1267</run_address>
         <size>0x190</size>
         <input_file_ref idref="fl-3"/>
      </object_component>
      <object_component id="oc-43">
         <name>.debug_info</name>
         <load_address>0x13f7</load_address>
         <run_address>0x13f7</run_address>
         <size>0x177</size>
         <input_file_ref idref="fl-3"/>
      </object_component>
      <object_component id="oc-1ea">
         <name>.debug_info</name>
         <load_address>0x156e</load_address>
         <run_address>0x156e</run_address>
         <size>0x29f</size>
         <input_file_ref idref="fl-3"/>
      </object_component>
      <object_component id="oc-21a">
         <name>.debug_info</name>
         <load_address>0x180d</load_address>
         <run_address>0x180d</run_address>
         <size>0x28d</size>
         <input_file_ref idref="fl-3"/>
      </object_component>
      <object_component id="oc-1ce">
         <name>.debug_info</name>
         <load_address>0x1a9a</load_address>
         <run_address>0x1a9a</run_address>
         <size>0x4e6</size>
         <input_file_ref idref="fl-3"/>
      </object_component>
      <object_component id="oc-29a">
         <name>.debug_info</name>
         <load_address>0x1f80</load_address>
         <run_address>0x1f80</run_address>
         <size>0x108</size>
         <input_file_ref idref="fl-3"/>
      </object_component>
      <object_component id="oc-161">
         <name>.debug_info</name>
         <load_address>0x2088</load_address>
         <run_address>0x2088</run_address>
         <size>0x16c</size>
         <input_file_ref idref="fl-3"/>
      </object_component>
      <object_component id="oc-2a1">
         <name>.debug_info</name>
         <load_address>0x21f4</load_address>
         <run_address>0x21f4</run_address>
         <size>0xd6</size>
         <input_file_ref idref="fl-3"/>
      </object_component>
      <object_component id="oc-c4">
         <name>.debug_info</name>
         <load_address>0x22ca</load_address>
         <run_address>0x22ca</run_address>
         <size>0x8b</size>
         <input_file_ref idref="fl-3"/>
      </object_component>
      <object_component id="oc-24a">
         <name>.debug_info</name>
         <load_address>0x2355</load_address>
         <run_address>0x2355</run_address>
         <size>0x5c7</size>
         <input_file_ref idref="fl-4"/>
      </object_component>
      <object_component id="oc-250">
         <name>.debug_info</name>
         <load_address>0x291c</load_address>
         <run_address>0x291c</run_address>
         <size>0xdd</size>
         <input_file_ref idref="fl-4"/>
      </object_component>
      <object_component id="oc-244">
         <name>.debug_info</name>
         <load_address>0x29f9</load_address>
         <run_address>0x29f9</run_address>
         <size>0xe1</size>
         <input_file_ref idref="fl-4"/>
      </object_component>
      <object_component id="oc-247">
         <name>.debug_info</name>
         <load_address>0x2ada</load_address>
         <run_address>0x2ada</run_address>
         <size>0xe3</size>
         <input_file_ref idref="fl-4"/>
      </object_component>
      <object_component id="oc-4f">
         <name>.debug_info</name>
         <load_address>0x2bbd</load_address>
         <run_address>0x2bbd</run_address>
         <size>0x12a</size>
         <input_file_ref idref="fl-4"/>
      </object_component>
      <object_component id="oc-1fc">
         <name>.debug_info</name>
         <load_address>0x2ce7</load_address>
         <run_address>0x2ce7</run_address>
         <size>0x16f</size>
         <input_file_ref idref="fl-4"/>
      </object_component>
      <object_component id="oc-12d">
         <name>.debug_info</name>
         <load_address>0x2e56</load_address>
         <run_address>0x2e56</run_address>
         <size>0x292</size>
         <input_file_ref idref="fl-4"/>
      </object_component>
      <object_component id="oc-382">
         <name>.debug_info</name>
         <load_address>0x30e8</load_address>
         <run_address>0x30e8</run_address>
         <size>0x14e</size>
         <input_file_ref idref="fl-4"/>
      </object_component>
      <object_component id="oc-321">
         <name>.debug_info</name>
         <load_address>0x3236</load_address>
         <run_address>0x3236</run_address>
         <size>0xea</size>
         <input_file_ref idref="fl-5"/>
      </object_component>
      <object_component id="oc-220">
         <name>.debug_info</name>
         <load_address>0x3320</load_address>
         <run_address>0x3320</run_address>
         <size>0x17a</size>
         <input_file_ref idref="fl-5"/>
      </object_component>
      <object_component id="oc-1f6">
         <name>.debug_info</name>
         <load_address>0x349a</load_address>
         <run_address>0x349a</run_address>
         <size>0x26f</size>
         <input_file_ref idref="fl-5"/>
      </object_component>
      <object_component id="oc-226">
         <name>.debug_info</name>
         <load_address>0x3709</load_address>
         <run_address>0x3709</run_address>
         <size>0x190</size>
         <input_file_ref idref="fl-5"/>
      </object_component>
      <object_component id="oc-33f">
         <name>.debug_info</name>
         <load_address>0x3899</load_address>
         <run_address>0x3899</run_address>
         <size>0x169</size>
         <input_file_ref idref="fl-6"/>
      </object_component>
      <object_component id="oc-33c">
         <name>.debug_info</name>
         <load_address>0x3a02</load_address>
         <run_address>0x3a02</run_address>
         <size>0x106</size>
         <input_file_ref idref="fl-6"/>
      </object_component>
      <object_component id="oc-23e">
         <name>.debug_info</name>
         <load_address>0x3b08</load_address>
         <run_address>0x3b08</run_address>
         <size>0x14e</size>
         <input_file_ref idref="fl-6"/>
      </object_component>
      <object_component id="oc-214">
         <name>.debug_info</name>
         <load_address>0x3c56</load_address>
         <run_address>0x3c56</run_address>
         <size>0x1b5</size>
         <input_file_ref idref="fl-6"/>
      </object_component>
      <object_component id="oc-238">
         <name>.debug_info</name>
         <load_address>0x3e0b</load_address>
         <run_address>0x3e0b</run_address>
         <size>0x14e</size>
         <input_file_ref idref="fl-6"/>
      </object_component>
      <object_component id="oc-20e">
         <name>.debug_info</name>
         <load_address>0x3f59</load_address>
         <run_address>0x3f59</run_address>
         <size>0x1b5</size>
         <input_file_ref idref="fl-6"/>
      </object_component>
      <object_component id="oc-232">
         <name>.debug_info</name>
         <load_address>0x410e</load_address>
         <run_address>0x410e</run_address>
         <size>0x14e</size>
         <input_file_ref idref="fl-6"/>
      </object_component>
      <object_component id="oc-208">
         <name>.debug_info</name>
         <load_address>0x425c</load_address>
         <run_address>0x425c</run_address>
         <size>0x1b5</size>
         <input_file_ref idref="fl-6"/>
      </object_component>
      <object_component id="oc-22c">
         <name>.debug_info</name>
         <load_address>0x4411</load_address>
         <run_address>0x4411</run_address>
         <size>0x14e</size>
         <input_file_ref idref="fl-6"/>
      </object_component>
      <object_component id="oc-202">
         <name>.debug_info</name>
         <load_address>0x455f</load_address>
         <run_address>0x455f</run_address>
         <size>0x1b5</size>
         <input_file_ref idref="fl-6"/>
      </object_component>
      <object_component id="oc-62">
         <name>.debug_info</name>
         <load_address>0x4714</load_address>
         <run_address>0x4714</run_address>
         <size>0x1bf</size>
         <input_file_ref idref="fl-7"/>
      </object_component>
      <object_component id="oc-10">
         <name>.debug_info</name>
         <load_address>0x48d3</load_address>
         <run_address>0x48d3</run_address>
         <size>0xe2</size>
         <input_file_ref idref="fl-7"/>
      </object_component>
      <object_component id="oc-2b">
         <name>.debug_info</name>
         <load_address>0x49b5</load_address>
         <run_address>0x49b5</run_address>
         <size>0x113</size>
         <input_file_ref idref="fl-7"/>
      </object_component>
      <object_component id="oc-31">
         <name>.debug_info</name>
         <load_address>0x4ac8</load_address>
         <run_address>0x4ac8</run_address>
         <size>0x103</size>
         <input_file_ref idref="fl-7"/>
      </object_component>
      <object_component id="oc-3d">
         <name>.debug_info</name>
         <load_address>0x4bcb</load_address>
         <run_address>0x4bcb</run_address>
         <size>0x11b</size>
         <input_file_ref idref="fl-7"/>
      </object_component>
      <object_component id="oc-37">
         <name>.debug_info</name>
         <load_address>0x4ce6</load_address>
         <run_address>0x4ce6</run_address>
         <size>0x109</size>
         <input_file_ref idref="fl-7"/>
      </object_component>
      <object_component id="oc-31b">
         <name>.debug_info</name>
         <load_address>0x4def</load_address>
         <run_address>0x4def</run_address>
         <size>0x113</size>
         <input_file_ref idref="fl-8"/>
      </object_component>
      <object_component id="oc-1f0">
         <name>.debug_info</name>
         <load_address>0x4f02</load_address>
         <run_address>0x4f02</run_address>
         <size>0x139</size>
         <input_file_ref idref="fl-8"/>
      </object_component>
      <object_component id="oc-e5">
         <name>.debug_info</name>
         <load_address>0x503b</load_address>
         <run_address>0x503b</run_address>
         <size>0x1b1</size>
         <input_file_ref idref="fl-9"/>
      </object_component>
      <object_component id="oc-170">
         <name>.debug_info</name>
         <load_address>0x51ec</load_address>
         <run_address>0x51ec</run_address>
         <size>0x111</size>
         <input_file_ref idref="fl-9"/>
      </object_component>
      <object_component id="oc-e2">
         <name>.debug_info</name>
         <load_address>0x52fd</load_address>
         <run_address>0x52fd</run_address>
         <size>0x1f1</size>
         <input_file_ref idref="fl-9"/>
      </object_component>
      <object_component id="oc-e8">
         <name>.debug_info</name>
         <load_address>0x54ee</load_address>
         <run_address>0x54ee</run_address>
         <size>0x111</size>
         <input_file_ref idref="fl-9"/>
      </object_component>
      <object_component id="oc-16d">
         <name>.debug_info</name>
         <load_address>0x55ff</load_address>
         <run_address>0x55ff</run_address>
         <size>0x185</size>
         <input_file_ref idref="fl-9"/>
      </object_component>
      <object_component id="oc-dc">
         <name>.debug_info</name>
         <load_address>0x5784</load_address>
         <run_address>0x5784</run_address>
         <size>0x26b</size>
         <input_file_ref idref="fl-9"/>
      </object_component>
      <object_component id="oc-d0">
         <name>.debug_info</name>
         <load_address>0x59ef</load_address>
         <run_address>0x59ef</run_address>
         <size>0x23b</size>
         <input_file_ref idref="fl-9"/>
      </object_component>
      <object_component id="oc-ca">
         <name>.debug_info</name>
         <load_address>0x5c2a</load_address>
         <run_address>0x5c2a</run_address>
         <size>0x214</size>
         <input_file_ref idref="fl-9"/>
      </object_component>
      <object_component id="oc-d6">
         <name>.debug_info</name>
         <load_address>0x5e3e</load_address>
         <run_address>0x5e3e</run_address>
         <size>0x251</size>
         <input_file_ref idref="fl-9"/>
      </object_component>
      <object_component id="oc-49">
         <name>.debug_info</name>
         <load_address>0x608f</load_address>
         <run_address>0x608f</run_address>
         <size>0x2cf</size>
         <input_file_ref idref="fl-9"/>
      </object_component>
      <object_component id="oc-3a0">
         <name>.debug_info</name>
         <load_address>0x635e</load_address>
         <run_address>0x635e</run_address>
         <size>0x1b8</size>
         <input_file_ref idref="fl-9"/>
      </object_component>
      <object_component id="oc-3a6">
         <name>.debug_info</name>
         <load_address>0x6516</load_address>
         <run_address>0x6516</run_address>
         <size>0x204</size>
         <input_file_ref idref="fl-9"/>
      </object_component>
      <object_component id="oc-2e5">
         <name>.debug_info</name>
         <load_address>0x671a</load_address>
         <run_address>0x671a</run_address>
         <size>0x2a2</size>
         <input_file_ref idref="fl-9"/>
      </object_component>
      <object_component id="oc-102">
         <name>.debug_info</name>
         <load_address>0x69bc</load_address>
         <run_address>0x69bc</run_address>
         <size>0x25e</size>
         <input_file_ref idref="fl-a"/>
      </object_component>
      <object_component id="oc-fc">
         <name>.debug_info</name>
         <load_address>0x6c1a</load_address>
         <run_address>0x6c1a</run_address>
         <size>0x236</size>
         <input_file_ref idref="fl-a"/>
      </object_component>
      <object_component id="oc-5b">
         <name>.debug_info</name>
         <load_address>0x6e50</load_address>
         <run_address>0x6e50</run_address>
         <size>0x267</size>
         <input_file_ref idref="fl-a"/>
      </object_component>
      <object_component id="oc-26">
         <name>.debug_info</name>
         <load_address>0x70b7</load_address>
         <run_address>0x70b7</run_address>
         <size>0x138</size>
         <input_file_ref idref="fl-132"/>
      </object_component>
      <object_component id="oc-6e">
         <name>.debug_info</name>
         <load_address>0x71ef</load_address>
         <run_address>0x71ef</run_address>
         <size>0x123</size>
         <input_file_ref idref="fl-133"/>
      </object_component>
      <object_component id="oc-13">
         <name>.debug_info</name>
         <load_address>0x7312</load_address>
         <run_address>0x7312</run_address>
         <size>0x1c2</size>
         <input_file_ref idref="fl-133"/>
      </object_component>
      <object_component id="oc-69">
         <name>.debug_info</name>
         <load_address>0x74d4</load_address>
         <run_address>0x74d4</run_address>
         <size>0x46</size>
         <input_file_ref idref="fl-133"/>
      </object_component>
      <object_component id="oc-111">
         <name>.debug_info</name>
         <load_address>0x751a</load_address>
         <run_address>0x751a</run_address>
         <size>0x2c</size>
         <input_file_ref idref="fl-133"/>
      </object_component>
      <object_component id="oc-76">
         <name>.debug_info</name>
         <load_address>0x7546</load_address>
         <run_address>0x7546</run_address>
         <size>0x117</size>
         <input_file_ref idref="fl-134"/>
      </object_component>
      <object_component id="oc-70">
         <name>.debug_info</name>
         <load_address>0x765d</load_address>
         <run_address>0x765d</run_address>
         <size>0x22a</size>
         <input_file_ref idref="fl-134"/>
      </object_component>
      <object_component id="oc-19">
         <name>.debug_info</name>
         <load_address>0x7887</load_address>
         <run_address>0x7887</run_address>
         <size>0x1bc</size>
         <input_file_ref idref="fl-134"/>
      </object_component>
      <object_component id="oc-77">
         <name>.debug_info</name>
         <load_address>0x7a43</load_address>
         <run_address>0x7a43</run_address>
         <size>0x39</size>
         <input_file_ref idref="fl-134"/>
      </object_component>
      <object_component id="oc-11b">
         <name>.debug_info</name>
         <load_address>0x7a7c</load_address>
         <run_address>0x7a7c</run_address>
         <size>0x2c</size>
         <input_file_ref idref="fl-134"/>
      </object_component>
      <object_component id="oc-87">
         <name>.debug_info</name>
         <load_address>0x7aa8</load_address>
         <run_address>0x7aa8</run_address>
         <size>0x112</size>
         <input_file_ref idref="fl-135"/>
      </object_component>
      <object_component id="oc-1f">
         <name>.debug_info</name>
         <load_address>0x7bba</load_address>
         <run_address>0x7bba</run_address>
         <size>0x18d</size>
         <input_file_ref idref="fl-135"/>
      </object_component>
      <object_component id="oc-82">
         <name>.debug_info</name>
         <load_address>0x7d47</load_address>
         <run_address>0x7d47</run_address>
         <size>0x46</size>
         <input_file_ref idref="fl-135"/>
      </object_component>
      <object_component id="oc-13b">
         <name>.debug_info</name>
         <load_address>0x7d8d</load_address>
         <run_address>0x7d8d</run_address>
         <size>0x174</size>
         <input_file_ref idref="fl-136"/>
      </object_component>
      <object_component id="oc-138">
         <name>.debug_info</name>
         <load_address>0x7f01</load_address>
         <run_address>0x7f01</run_address>
         <size>0x119</size>
         <input_file_ref idref="fl-136"/>
      </object_component>
      <object_component id="oc-9b">
         <name>.debug_info</name>
         <load_address>0x801a</load_address>
         <run_address>0x801a</run_address>
         <size>0x1f0</size>
         <input_file_ref idref="fl-136"/>
      </object_component>
      <object_component id="oc-64">
         <name>.debug_info</name>
         <load_address>0x820a</load_address>
         <run_address>0x820a</run_address>
         <size>0xfa</size>
         <input_file_ref idref="fl-138"/>
      </object_component>
      <object_component id="oc-7d">
         <name>.debug_info</name>
         <load_address>0x8304</load_address>
         <run_address>0x8304</run_address>
         <size>0x12a</size>
         <input_file_ref idref="fl-139"/>
      </object_component>
      <object_component id="oc-89">
         <name>.debug_info</name>
         <load_address>0x842e</load_address>
         <run_address>0x842e</run_address>
         <size>0x12b</size>
         <input_file_ref idref="fl-13a"/>
      </object_component>
      <object_component id="oc-a1">
         <name>.debug_info</name>
         <load_address>0x8559</load_address>
         <run_address>0x8559</run_address>
         <size>0xec</size>
         <input_file_ref idref="fl-13b"/>
      </object_component>
      <object_component id="oc-262">
         <name>.debug_info</name>
         <load_address>0x8645</load_address>
         <run_address>0x8645</run_address>
         <size>0x107</size>
         <input_file_ref idref="fl-13d"/>
      </object_component>
      <object_component id="oc-135">
         <name>.debug_info</name>
         <load_address>0x874c</load_address>
         <run_address>0x874c</run_address>
         <size>0xf6</size>
         <input_file_ref idref="fl-13d"/>
      </object_component>
      <object_component id="oc-25b">
         <name>.debug_info</name>
         <load_address>0x8842</load_address>
         <run_address>0x8842</run_address>
         <size>0x202</size>
         <input_file_ref idref="fl-13d"/>
      </object_component>
      <object_component id="oc-133">
         <name>.debug_info</name>
         <load_address>0x8a44</load_address>
         <run_address>0x8a44</run_address>
         <size>0x149</size>
         <input_file_ref idref="fl-13e"/>
      </object_component>
      <object_component id="oc-95">
         <name>.debug_info</name>
         <load_address>0x8b8d</load_address>
         <run_address>0x8b8d</run_address>
         <size>0x14a</size>
         <input_file_ref idref="fl-13e"/>
      </object_component>
      <object_component id="oc-255">
         <name>.debug_info</name>
         <load_address>0x8cd7</load_address>
         <run_address>0x8cd7</run_address>
         <size>0x5e</size>
         <input_file_ref idref="fl-13e"/>
      </object_component>
      <object_component id="oc-12b">
         <name>.debug_info</name>
         <load_address>0x8d35</load_address>
         <run_address>0x8d35</run_address>
         <size>0x2a0</size>
         <input_file_ref idref="fl-13f"/>
      </object_component>
      <object_component id="oc-8f">
         <name>.debug_info</name>
         <load_address>0x8fd5</load_address>
         <run_address>0x8fd5</run_address>
         <size>0x15a</size>
         <input_file_ref idref="fl-13f"/>
      </object_component>
      <object_component id="oc-1d9">
         <name>.debug_info</name>
         <load_address>0x912f</load_address>
         <run_address>0x912f</run_address>
         <size>0x39</size>
         <input_file_ref idref="fl-13f"/>
      </object_component>
      <object_component id="oc-1de">
[...]
      </symbol>
      <symbol id="sm-1e1">
         <name>M0PWM3_Set</name>
         <value>0x3109</value>
         <object_component_ref idref="oc-23d"/>
      </symbol>
      <symbol id="sm-1e2">
         <name>M0PWM3_Config</name>
         <value>0x1a51</value>
         <object_component_ref idref="oc-213"/>
      </symbol>
      <symbol id="sm-1e3">
         <name>M0PWM2_Set</name>
         <value>0x30ed</value>
         <object_component_ref idref="oc-237"/>
      </symbol>
      <symbol id="sm-1e4">
         <name>M0PWM1_Set</name>
         <value>0x30d1</value>
         <object_component_ref idref="oc-231"/>
      </symbol>
      <symbol id="sm-1e5">
         <name>M0PWM0_Set</name>
         <value>0x30b5</value>
         <object_component_ref idref="oc-22b"/>
      </symbol>
      <symbol id="sm-1e6">
         <name>M0PWM0_Config</name>
         <value>0x1841</value>
         <object_component_ref idref="oc-201"/>
      </symbol>
      <symbol id="sm-1e7">
         <name>initPulseWidth</name>
         <value>0x20000ed8</value>
         <object_component_ref idref="oc-33b"/>
      </symbol>
      <symbol id="sm-1e8">
         <name>PWMPeriod</name>
         <value>0x20000edc</value>
         <object_component_ref idref="oc-33b"/>
      </symbol>
      <symbol id="sm-1e9">
         <name>M0PWM1_Config</name>
         <value>0x18f1</value>
         <object_component_ref idref="oc-207"/>
      </symbol>
      <symbol id="sm-21a">
         <name>ResetISR</name>
         <value>0x3281</value>
         <object_component_ref idref="oc-2a"/>
      </symbol>
      <symbol id="sm-21b">
         <name>g_pfnVectors</name>
         <value>0x0</value>
         <object_component_ref idref="oc-f"/>
      </symbol>
      <symbol id="sm-233">
         <name>millis</name>
         <value>0x300d</value>
         <object_component_ref idref="oc-31a"/>
      </symbol>
      <symbol id="sm-234">
         <name>SysTimerStart</name>
         <value>0x2861</value>
         <object_component_ref idref="oc-1ef"/>
      </symbol>
      <symbol id="sm-2e6">
         <name>UARTFlushRx</name>
         <value>0x2eed</value>
         <object_component_ref idref="oc-39f"/>
      </symbol>
      <symbol id="sm-2e7">
         <name>UARTFlushTx</name>
         <value>0x2c75</value>
         <object_component_ref idref="oc-3a5"/>
      </symbol>
      <symbol id="sm-2e8">
         <name>UARTStdioConfig</name>
         <value>0x1e35</value>
         <object_component_ref idref="oc-2e4"/>
      </symbol>
      <symbol id="sm-2e9">
         <name>UARTStdioIntHandler</name>
         <value>0xdcd</value>
         <object_component_ref idref="oc-48"/>
      </symbol>
      <symbol id="sm-2ea">
         <name>UARTwrite</name>
         <value>0x1b01</value>
         <object_component_ref idref="oc-d5"/>
      </symbol>
      <symbol id="sm-315">
         <name>RGBDisable</name>
         <value>0x24c5</value>
         <object_component_ref idref="oc-fb"/>
      </symbol>
      <symbol id="sm-316">
         <name>RGBBlinkIntHandler</name>
         <value>0x2ce9</value>
         <object_component_ref idref="oc-5a"/>
      </symbol>
      <symbol id="sm-317">
         <name>RGBEnable</name>
         <value>0x16cd</value>
         <object_component_ref idref="oc-101"/>
      </symbol>
      <symbol id="sm-329">
         <name>_c_int00</name>
         <value>0x27c1</value>
         <object_component_ref idref="oc-24"/>
      </symbol>
      <symbol id="sm-32a">
         <name>__stack</name>
         <value>0x200009a8</value>
         <object_component_ref idref="oc-29"/>
      </symbol>
      <symbol id="sm-341">
         <name>__TI_decompress_none</name>
         <value>0x3219</value>
         <object_component_ref idref="oc-12"/>
      </symbol>
      <symbol id="sm-369">
         <name>__TI_decompress_rle24</name>
         <value>0x328d</value>
         <object_component_ref idref="oc-18"/>
      </symbol>
      <symbol id="sm-37b">
         <name>__TI_zero_init</name>
         <value>0x324d</value>
         <object_component_ref idref="oc-1e"/>
      </symbol>
      <symbol id="sm-39a">
         <name>C$$EXIT</name>
         <value>0x2af1</value>
         <object_component_ref idref="oc-9a"/>
      </symbol>
      <symbol id="sm-39b">
         <name>abort</name>
         <value>0x2af5</value>
         <object_component_ref idref="oc-9a"/>
      </symbol>
      <symbol id="sm-39c">
         <name>exit</name>
         <value>0x2afd</value>
         <object_component_ref idref="oc-9a"/>
      </symbol>
      <symbol id="sm-39d">
         <name>__TI_dtors_ptr</name>
         <value>0x20000eec</value>
         <object_component_ref idref="oc-137"/>
      </symbol>
      <symbol id="sm-39e">
         <name>__TI_cleanup_ptr</name>
         <value>0x20000ee8</value>
         <object_component_ref idref="oc-137"/>
      </symbol>
      <symbol id="sm-3bc">
         <name>memcpy</name>
         <value>0x1ed5</value>
         <object_component_ref idref="oc-63"/>
      </symbol>
      <symbol id="sm-3bd">
         <name>__aeabi_memcpy</name>
         <value>0x1ed5</value>
         <object_component_ref idref="oc-63"/>
      </symbol>
      <symbol id="sm-3be">
         <name>__aeabi_memcpy8</name>
         <value>0x1ed5</value>
         <object_component_ref idref="oc-63"/>
      </symbol>
      <symbol id="sm-3bf">
         <name>__aeabi_memcpy4</name>
         <value>0x1ed5</value>
         <object_component_ref idref="oc-63"/>
      </symbol>
      <symbol id="sm-3ce">
         <name>__aeabi_memset</name>
         <value>0x219f</value>
         <object_component_ref idref="oc-7c"/>
      </symbol>
      <symbol id="sm-3cf">
         <name>memset</name>
         <value>0x21a5</value>
         <object_component_ref idref="oc-7c"/>
      </symbol>
      <symbol id="sm-3d0">
         <name>__aeabi_memset8</name>
         <value>0x219f</value>
         <object_component_ref idref="oc-7c"/>
      </symbol>
      <symbol id="sm-3d1">
         <name>__aeabi_memset4</name>
         <value>0x219f</value>
         <object_component_ref idref="oc-7c"/>
      </symbol>
      <symbol id="sm-3d2">
         <name>__aeabi_memclr8</name>
         <value>0x219d</value>
         <object_component_ref idref="oc-7c"/>
      </symbol>
      <symbol id="sm-3d3">
         <name>__aeabi_memclr4</name>
         <value>0x219d</value>
         <object_component_ref idref="oc-7c"/>
      </symbol>
      <symbol id="sm-3d4">
         <name>__aeabi_memclr</name>
         <value>0x219d</value>
         <object_component_ref idref="oc-7c"/>
      </symbol>
      <symbol id="sm-3de">
         <name>_system_pre_init</name>
         <value>0x329f</value>
         <object_component_ref idref="oc-88"/>
      </symbol>
      <symbol id="sm-3e6">
         <name>main_func_sp</name>
         <value>0x20000efc</value>
         <object_component_ref idref="oc-a0"/>
      </symbol>
      <symbol id="sm-403">
         <name>_nop</name>
         <value>0x31ab</value>
         <object_component_ref idref="oc-25a"/>
      </symbol>
      <symbol id="sm-404">
         <name>_lock</name>
         <value>0x20000ee0</value>
         <object_component_ref idref="oc-134"/>
      </symbol>
      <symbol id="sm-405">
         <name>_unlock</name>
         <value>0x20000ee4</value>
         <object_component_ref idref="oc-134"/>
      </symbol>
      <symbol id="sm-406">
         <name>_register_lock</name>
         <value>0x31a3</value>
         <object_component_ref idref="oc-25a"/>
      </symbol>
      <symbol id="sm-407">
         <name>_register_unlock</name>
         <value>0x319d</value>
         <object_component_ref idref="oc-25a"/>
      </symbol>
      <symbol id="sm-41c">
         <name>_args_main</name>
         <value>0x3185</value>
         <object_component_ref idref="oc-94"/>
      </symbol>
      <symbol id="sm-442">
         <name>__TI_auto_init</name>
         <value>0x23ed</value>
         <object_component_ref idref="oc-8e"/>
      </symbol>
      <symbol id="sm-45c">
         <name>copy_in</name>
         <value>0x28f9</value>
         <object_component_ref idref="oc-124"/>
      </symbol>
      <symbol id="sm-473">
         <name>UARTClockSourceSet</name>
         <value>0x3287</value>
         <object_component_ref idref="oc-2de"/>
      </symbol>
      <symbol id="sm-4a3">
         <name>TimerIntRegister</name>
         <value>0x316d</value>
         <object_component_ref idref="oc-322"/>
      </symbol>
      <symbol id="sm-4d4">
         <name>SysCtlClockGet</name>
         <value>0x11a5</value>
         <object_component_ref idref="oc-329"/>
      </symbol>
      <symbol id="sm-4e9">
         <name>PWMGenPeriodSet</name>
         <value>0x31c3</value>
         <object_component_ref idref="oc-335"/>
      </symbol>
      <symbol id="sm-4ea">
         <name>PWMGenConfigure</name>
         <value>0x3055</value>
         <object_component_ref idref="oc-32f"/>
      </symbol>
      <symbol id="sm-551">
         <name>IntIsEnabled</name>
         <value>0x252d</value>
         <object_component_ref idref="oc-26a"/>
      </symbol>
      <symbol id="sm-552">
         <name>IntEnable</name>
         <value>0x25f1</value>
         <object_component_ref idref="oc-27c"/>
      </symbol>
      <symbol id="sm-553">
         <name>IntTrigger</name>
         <value>0x3235</value>
         <object_component_ref idref="oc-276"/>
      </symbol>
      <symbol id="sm-554">
         <name>IntDisable</name>
         <value>0x2591</value>
         <object_component_ref idref="oc-270"/>
      </symbol>
      <symbol id="sm-555">
         <name>IntRegister</name>
         <value>0x2dc1</value>
         <object_component_ref idref="oc-3e3"/>
      </symbol>
      <symbol id="sm-556">
         <name>g_pfnRAMVectors</name>
         <value>0x20000000</value>
         <object_component_ref idref="oc-46e"/>
      </symbol>
      <symbol id="sm-593">
         <name>GPIOPinTypeI2CSCL</name>
         <value>0x31b1</value>
         <object_component_ref idref="oc-2eb"/>
      </symbol>
      <symbol id="sm-594">
         <name>GPIOIntEnable</name>
         <value>0x3227</value>
         <object_component_ref idref="oc-2f1"/>
      </symbol>
      <symbol id="sm-595">
         <name>GPIOIntClear</name>
         <value>0x327b</value>
         <object_component_ref idref="oc-ae"/>
      </symbol>
      <symbol id="sm-596">
         <name>GPIOIntStatus</name>
         <value>0x31fd</value>
         <object_component_ref idref="oc-a8"/>
      </symbol>
      <symbol id="sm-597">
         <name>GPIODirModeSet</name>
         <value>0x2f45</value>
         <object_component_ref idref="oc-3ac"/>
      </symbol>
      <symbol id="sm-598">
         <name>GPIOPadConfigSet</name>
         <value>0x1075</value>
         <object_component_ref idref="oc-3b2"/>
      </symbol>
      <symbol id="sm-62e">
         <name>MPU9150DataMagnetoGetFloat</name>
         <value>0x1c51</value>
         <object_component_ref idref="oc-34f"/>
      </symbol>
      <symbol id="sm-62f">
         <name>MPU9150Write</name>
         <value>0x1d95</value>
         <object_component_ref idref="oc-309"/>
      </symbol>
      <symbol id="sm-630">
         <name>MPU9150Init</name>
         <value>0x2381</value>
         <object_component_ref idref="oc-2fd"/>
      </symbol>
      <symbol id="sm-631">
         <name>MPU9150DataAccelGetFloat</name>
         <value>0x2291</value>
         <object_component_ref idref="oc-343"/>
      </symbol>
      <symbol id="sm-632">
         <name>MPU9150DataRead</name>
         <value>0x2651</value>
         <object_component_ref idref="oc-b4"/>
      </symbol>
      <symbol id="sm-633">
         <name>MPU9150DataGyroGetFloat</name>
         <value>0x2309</value>
         <object_component_ref idref="oc-349"/>
      </symbol>
      <symbol id="sm-720">
         <name>I2CMWrite8</name>
         <value>0x2711</value>
         <object_component_ref idref="oc-3cf"/>
      </symbol>
      <symbol id="sm-721">
         <name>I2CMCommand</name>
         <value>0x2119</value>
         <object_component_ref idref="oc-14c"/>
      </symbol>
      <symbol id="sm-722">
         <name>I2CMInit</name>
         <value>0x2d59</value>
         <object_component_ref idref="oc-2f7"/>
      </symbol>
      <symbol id="sm-723">
         <name>I2CMTransferResume</name>
         <value>0x2e5b</value>
         <object_component_ref idref="oc-49c"/>
      </symbol>
      <symbol id="sm-724">
         <name>I2CMIntHandler</name>
         <value>0x15d9</value>
         <object_component_ref idref="oc-f1"/>
      </symbol>
      <symbol id="sm-779">
         <name>CompDCMMagnetoUpdate</name>
         <value>0x31ef</value>
         <object_component_ref idref="oc-355"/>
      </symbol>
      <symbol id="sm-77a">
         <name>CompDCMComputeEulers</name>
         <value>0x2b35</value>
         <object_component_ref idref="oc-36d"/>
      </symbol>
      <symbol id="sm-77b">
         <name>CompDCMComputeQuaternion</name>
         <value>0x749</value>
         <object_component_ref idref="oc-373"/>
      </symbol>
      <symbol id="sm-77c">
         <name>CompDCMGyroUpdate</name>
         <value>0x31e1</value>
         <object_component_ref idref="oc-361"/>
      </symbol>
      <symbol id="sm-77d">
         <name>CompDCMUpdate</name>
         <value>0x26d</value>
         <object_component_ref idref="oc-367"/>
      </symbol>
      <symbol id="sm-77e">
         <name>CompDCMAccelUpdate</name>
         <value>0x31d3</value>
         <object_component_ref idref="oc-35b"/>
      </symbol>
      <symbol id="sm-77f">
         <name>CompDCMInit</name>
         <value>0x2a69</value>
         <object_component_ref idref="oc-30f"/>
      </symbol>
      <symbol id="sm-7a4">
         <name>VectorDotProduct</name>
         <value>0x2fc1</value>
         <object_component_ref idref="oc-414"/>
      </symbol>
      <symbol id="sm-7a5">
         <name>VectorScale</name>
         <value>0x2fe7</value>
         <object_component_ref idref="oc-420"/>
      </symbol>
      <symbol id="sm-7a6">
         <name>VectorAdd</name>
         <value>0x2e29</value>
         <object_component_ref idref="oc-426"/>
      </symbol>
      <symbol id="sm-7a7">
         <name>VectorCrossProduct</name>
         <value>0x2769</value>
         <object_component_ref idref="oc-40e"/>
      </symbol>
      <symbol id="sm-7c3">
         <name>asinf</name>
         <value>0x178d</value>
         <object_component_ref idref="oc-43e"/>
      </symbol>
      <symbol id="sm-7de">
         <name>atan2f</name>
         <value>0x12bd</value>
         <object_component_ref idref="oc-438"/>
      </symbol>
      <symbol id="sm-802">
         <name>__aeabi_dsub</name>
         <value>0x911</value>
         <object_component_ref idref="oc-42c"/>
      </symbol>
      <symbol id="sm-803">
         <name>__aeabi_dadd</name>
         <value>0x91b</value>
         <object_component_ref idref="oc-42c"/>
      </symbol>
      <symbol id="sm-81a">
         <name>__aeabi_dmul</name>
         <value>0x14dd</value>
         <object_component_ref idref="oc-400"/>
      </symbol>
      <symbol id="sm-826">
         <name>__aeabi_d2f</name>
         <value>0x2945</value>
         <object_component_ref idref="oc-405"/>
      </symbol>
      <symbol id="sm-834">
         <name>__aeabi_f2d</name>
         <value>0x2d21</value>
         <object_component_ref idref="oc-3fb"/>
      </symbol>
      <symbol id="sm-844">
         <name>sqrtf</name>
         <value>0x3031</value>
         <object_component_ref idref="oc-41a"/>
      </symbol>
      <symbol id="sm-869">
         <name>_FAtan</name>
         <value>0x1ba9</value>
         <object_component_ref idref="oc-48e"/>
      </symbol>
      <symbol id="sm-877">
         <name>_FDclass</name>
         <value>0x2f19</value>
         <object_component_ref idref="oc-431"/>
      </symbol>
      <symbol id="sm-886">
         <name>_Feraise</name>
         <value>0x2e8d</value>
         <object_component_ref idref="oc-481"/>
      </symbol>
      <symbol id="sm-895">
         <name>_FZero</name>
         <value>0x20000ebc</value>
         <object_component_ref idref="oc-496"/>
      </symbol>
      <symbol id="sm-896">
         <name>_FRteps</name>
         <value>0x20000ea8</value>
         <object_component_ref idref="oc-496"/>
      </symbol>
      <symbol id="sm-897">
         <name>_FSnan</name>
         <value>0x20000e98</value>
         <object_component_ref idref="oc-496"/>
      </symbol>
      <symbol id="sm-898">
         <name>_FNan</name>
         <value>0x20000e88</value>
         <object_component_ref idref="oc-496"/>
      </symbol>
      <symbol id="sm-899">
         <name>_FInf</name>
         <value>0x20000e78</value>
         <object_component_ref idref="oc-496"/>
      </symbol>
      <symbol id="sm-89a">
         <name>_FEps</name>
         <value>0x20000e68</value>
         <object_component_ref idref="oc-496"/>
      </symbol>
      <symbol id="sm-89b">
         <name>_FXbig</name>
         <value>0x20000eb8</value>
         <object_component_ref idref="oc-496"/>
      </symbol>
      <symbol id="sm-89c">
         <name>_FDenorm</name>
         <value>0x20000e58</value>
         <object_component_ref idref="oc-496"/>
      </symbol>
      <symbol id="sm-8a4">
         <name>_Errno</name>
         <value>0x20000ef8</value>
         <object_component_ref idref="oc-4b8"/>
      </symbol>
      <symbol id="sm-8c2">
         <name>feraiseexcept</name>
         <value>0x2df5</value>
         <object_component_ref idref="oc-4b2"/>
      </symbol>
      <symbol id="sm-8c3">
         <name>_Tls_setup__Fenv</name>
         <value>0x20000ef4</value>
         <object_component_ref idref="oc-4d6"/>
      </symbol>
      <symbol id="sm-8c4">
         <name>_Fenv</name>
         <value>0x20000ef0</value>
         <object_component_ref idref="oc-4d6"/>
      </symbol>
      <symbol id="sm-8d8">
         <name>raise</name>
         <value>0x2ebd</value>
         <object_component_ref idref="oc-4d0"/>
      </symbol>
      <symbol id="sm-8f2">
         <name>signal</name>
         <value>0x2bb9</value>
         <object_component_ref idref="oc-4e0"/>
      </symbol>
      <symbol id="sm-93b">
         <name>I2CMasterDataPut</name>
         <value>0x329b</value>
         <object_component_ref idref="oc-2c1"/>
      </symbol>
      <symbol id="sm-93c">
         <name>I2CMasterInitExpClk</name>
         <value>0x29d9</value>
         <object_component_ref idref="oc-3ba"/>
      </symbol>
      <symbol id="sm-93d">
         <name>I2CMasterSlaveAddrSet</name>
         <value>0x3273</value>
         <object_component_ref idref="oc-2b9"/>
      </symbol>
      <symbol id="sm-93e">
         <name>I2CMasterDataGet</name>
         <value>0x3297</value>
         <object_component_ref idref="oc-2af"/>
      </symbol>
      <symbol id="sm-93f">
         <name>I2CMasterIntEnableEx</name>
         <value>0x326b</value>
         <object_component_ref idref="oc-3c0"/>
      </symbol>
      <symbol id="sm-940">
         <name>I2CMasterControl</name>
         <value>0x3293</value>
         <object_component_ref idref="oc-182"/>
      </symbol>
      <symbol id="sm-941">
         <name>I2CMasterEnable</name>
         <value>0x3259</value>
         <object_component_ref idref="oc-450"/>
      </symbol>
      <symbol id="sm-942">
         <name>I2CMasterIntClear</name>
         <value>0x3263</value>
         <object_component_ref idref="oc-17c"/>
      </symbol>
      <symbol id="sm-943">
         <name>__TI_static_base__</name>
         <value>0x0</value>
      </symbol>
      <symbol id="sm-946">
         <name>SHT$$INIT_ARRAY$$Limit</name>
         <value>0x0</value>
      </symbol>
      <symbol id="sm-947">
         <name>SHT$$INIT_ARRAY$$Base</name>
         <value>0x0</value>
      </symbol>
   </symbol_table>
   <title>Link successful</title>
</link_info>
