<?xml version="1.0"?>
<link_info>
   <banner>TI ARM Linker Unix v5.2.5</banner>
   <copyright>Copyright (c) 1996-2015 Texas Instruments Incorporated</copyright>
   <link_time>0x56877d77</link_time>
   <link_errors>0x0</link_errors>
   <output_file>tm4c_quadcopter.out</output_file>
   <entry_point>
      <name>_c_int00</name>
      <address>0x22cd</address>
   </entry_point>
   <input_file_list>
      <input_file id="fl-2">
         <path>./</path>
         <kind>object</kind>
         <file>ble_mini.obj</file>
         <name>ble_mini.obj</name>
      </input_file>
      <input_file id="fl-3">
         <path>./</path>
         <kind>object</kind>
         <file>compdcm_mpu9150.obj</file>
         <name>compdcm_mpu9150.obj</name>
      </input_file>
      <input_file id="fl-4">
         <path>./</path>
         <kind>object</kind>
         <file>control.obj</file>
         <name>control.obj</name>
      </input_file>
      <input_file id="fl-5">
         <path>./</path>
         <kind>object</kind>
         <file>esc.obj</file>
         <name>esc.obj</name>
      </input_file>
      <input_file id="fl-6">
         <path>./</path>
         <kind>object</kind>
         <file>main.obj</file>
         <name>main.obj</name>
      </input_file>
      <input_file id="fl-7">
         <path>./</path>
         <kind>object</kind>
         <file>pid.obj</file>
         <name>pid.obj</name>
      </input_file>
      <input_file id="fl-8">
         <path>./</path>
         <kind>object</kind>
         <file>startup_ccs.obj</file>
         <name>startup_ccs.obj</name>
      </input_file>
      <input_file id="fl-9">
         <path>./utils/</path>
         <kind>object</kind>
         <file>uartstdio.obj</file>
         <name>uartstdio.obj</name>
      </input_file>
      <input_file id="fl-131">
         <path>/Applications/ti/ccsv6/tools/compiler/ti-cgt-arm_5.2.5/lib/</path>
         <kind>archive</kind>
         <file>rtsv7M4_T_le_v4SPD16_eabi.lib</file>
         <name>boot.obj</name>
      </input_file>
      <input_file id="fl-132">
         <path>/Applications/ti/ccsv6/tools/compiler/ti-cgt-arm_5.2.5/lib/</path>
         <kind>archive</kind>
         <file>rtsv7M4_T_le_v4SPD16_eabi.lib</file>
         <name>copy_decompress_none.obj</name>
      </input_file>
      <input_file id="fl-133">
         <path>/Applications/ti/ccsv6/tools/compiler/ti-cgt-arm_5.2.5/lib/</path>
         <kind>archive</kind>
         <file>rtsv7M4_T_le_v4SPD16_eabi.lib</file>
         <name>copy_decompress_rle.obj</name>
      </input_file>
      <input_file id="fl-134">
         <path>/Applications/ti/ccsv6/tools/compiler/ti-cgt-arm_5.2.5/lib/</path>
         <kind>archive</kind>
         <file>rtsv7M4_T_le_v4SPD16_eabi.lib</file>
         <name>copy_zero_init.obj</name>
      </input_file>
      <input_file id="fl-135">
         <path>/Applications/ti/ccsv6/tools/compiler/ti-cgt-arm_5.2.5/lib/</path>
         <kind>archive</kind>
         <file>rtsv7M4_T_le_v4SPD16_eabi.lib</file>
         <name>exit.obj</name>
      </input_file>
      <input_file id="fl-136">
         <path>/Applications/ti/ccsv6/tools/compiler/ti-cgt-arm_5.2.5/lib/</path>
         <kind>archive</kind>
         <file>rtsv7M4_T_le_v4SPD16_eabi.lib</file>
         <name>fd_add_t2.obj</name>
      </input_file>
      <input_file id="fl-137">
         <path>/Applications/ti/ccsv6/tools/compiler/ti-cgt-arm_5.2.5/lib/</path>
         <kind>archive</kind>
         <file>rtsv7M4_T_le_v4SPD16_eabi.lib</file>
         <name>fd_div_t2.obj</name>
      </input_file>
      <input_file id="fl-138">
         <path>/Applications/ti/ccsv6/tools/compiler/ti-cgt-arm_5.2.5/lib/</path>
         <kind>archive</kind>
         <file>rtsv7M4_T_le_v4SPD16_eabi.lib</file>
         <name>fd_mul_t2.obj</name>
      </input_file>
      <input_file id="fl-139">
         <path>/Applications/ti/ccsv6/tools/compiler/ti-cgt-arm_5.2.5/lib/</path>
         <kind>archive</kind>
         <file>rtsv7M4_T_le_v4SPD16_eabi.lib</file>
         <name>fd_tou_t2.obj</name>
      </input_file>
      <input_file id="fl-13a">
         <path>/Applications/ti/ccsv6/tools/compiler/ti-cgt-arm_5.2.5/lib/</path>
         <kind>archive</kind>
         <file>rtsv7M4_T_le_v4SPD16_eabi.lib</file>
         <name>memcpy_t2.obj</name>
      </input_file>
      <input_file id="fl-13b">
         <path>/Applications/ti/ccsv6/tools/compiler/ti-cgt-arm_5.2.5/lib/</path>
         <kind>archive</kind>
         <file>rtsv7M4_T_le_v4SPD16_eabi.lib</file>
         <name>memset_t2.obj</name>
      </input_file>
      <input_file id="fl-13c">
         <path>/Applications/ti/ccsv6/tools/compiler/ti-cgt-arm_5.2.5/lib/</path>
         <kind>archive</kind>
         <file>rtsv7M4_T_le_v4SPD16_eabi.lib</file>
         <name>pre_init.obj</name>
      </input_file>
      <input_file id="fl-13d">
         <path>/Applications/ti/ccsv6/tools/compiler/ti-cgt-arm_5.2.5/lib/</path>
         <kind>archive</kind>
         <file>rtsv7M4_T_le_v4SPD16_eabi.lib</file>
         <name>stkdepth_vars.obj</name>
      </input_file>
      <input_file id="fl-13e">
         <path>/Applications/ti/ccsv6/tools/compiler/ti-cgt-arm_5.2.5/lib/</path>
         <kind>archive</kind>
         <file>rtsv7M4_T_le_v4SPD16_eabi.lib</file>
         <name>u_divt2.obj</name>
      </input_file>
      <input_file id="fl-13f">
         <path>/Applications/ti/ccsv6/tools/compiler/ti-cgt-arm_5.2.5/lib/</path>
         <kind>archive</kind>
         <file>rtsv7M4_T_le_v4SPD16_eabi.lib</file>
         <name>u_tofd_t2.obj</name>
      </input_file>
      <input_file id="fl-140">
         <path>/Applications/ti/ccsv6/tools/compiler/ti-cgt-arm_5.2.5/lib/</path>
         <kind>archive</kind>
         <file>rtsv7M4_T_le_v4SPD16_eabi.lib</file>
         <name>_lock.obj</name>
      </input_file>
      <input_file id="fl-141">
         <path>/Applications/ti/ccsv6/tools/compiler/ti-cgt-arm_5.2.5/lib/</path>
         <kind>archive</kind>
         <file>rtsv7M4_T_le_v4SPD16_eabi.lib</file>
         <name>args_main.obj</name>
      </input_file>
      <input_file id="fl-142">
         <path>/Applications/ti/ccsv6/tools/compiler/ti-cgt-arm_5.2.5/lib/</path>
         <kind>archive</kind>
         <file>rtsv7M4_T_le_v4SPD16_eabi.lib</file>
         <name>autoinit.obj</name>
      </input_file>
      <input_file id="fl-143">
         <path>/Applications/ti/ccsv6/tools/compiler/ti-cgt-arm_5.2.5/lib/</path>
         <kind>archive</kind>
         <file>rtsv7M4_T_le_v4SPD16_eabi.lib</file>
         <name>cpy_tbl.obj</name>
      </input_file>
      <input_file id="fl-144">
         <path>/Applications/ti/ccsv6/tools/compiler/ti-cgt-arm_5.2.5/lib/</path>
         <kind>archive</kind>
         <file>rtsv7M4_T_le_v4SPD16_eabi.lib</file>
         <name>i_div0.obj</name>
      </input_file>
      <input_file id="fl-145">
         <path>/Users/billwang/Documents/TIVAWARE/driverlib/ccs/Debug/</path>
         <kind>archive</kind>
         <file>driverlib.lib</file>
         <name>uart.obj</name>
      </input_file>
      <input_file id="fl-146">
         <path>/Users/billwang/Documents/TIVAWARE/driverlib/ccs/Debug/</path>
         <kind>archive</kind>
         <file>driverlib.lib</file>
         <name>timer.obj</name>
      </input_file>
      <input_file id="fl-147">
         <path>/Users/billwang/Documents/TIVAWARE/driverlib/ccs/Debug/</path>
         <kind>archive</kind>
         <file>driverlib.lib</file>
         <name>sysctl.obj</name>
      </input_file>
      <input_file id="fl-148">
         <path>/Users/billwang/Documents/TIVAWARE/driverlib/ccs/Debug/</path>
         <kind>archive</kind>
         <file>driverlib.lib</file>
         <name>interrupt.obj</name>
      </input_file>
      <input_file id="fl-149">
         <path>/Users/billwang/Documents/TIVAWARE/driverlib/ccs/Debug/</path>
         <kind>archive</kind>
         <file>driverlib.lib</file>
         <name>gpio.obj</name>
      </input_file>
      <input_file id="fl-14a">
         <path>/Users/billwang/Documents/TIVAWARE/driverlib/ccs/Debug/</path>
         <kind>archive</kind>
         <file>driverlib.lib</file>
         <name>cpu.obj</name>
      </input_file>
      <input_file id="fl-14b">
         <path>/Users/billwang/Documents/TIVAWARE/sensorlib/ccs/Debug/</path>
         <kind>archive</kind>
         <file>sensorlib.lib</file>
         <name>mpu9150.obj</name>
      </input_file>
      <input_file id="fl-14c">
         <path>/Users/billwang/Documents/TIVAWARE/sensorlib/ccs/Debug/</path>
         <kind>archive</kind>
         <file>sensorlib.lib</file>
         <name>i2cm_drv.obj</name>
      </input_file>
      <input_file id="fl-14d">
         <path>/Users/billwang/Documents/TIVAWARE/sensorlib/ccs/Debug/</path>
         <kind>archive</kind>
         <file>sensorlib.lib</file>
         <name>comp_dcm.obj</name>
      </input_file>
      <input_file id="fl-14e">
         <path>/Users/billwang/Documents/TIVAWARE/sensorlib/ccs/Debug/</path>
         <kind>archive</kind>
         <file>sensorlib.lib</file>
         <name>vector.obj</name>
      </input_file>
      <input_file id="fl-14f">
         <path>/Applications/ti/ccsv6/tools/compiler/ti-cgt-arm_5.2.5/lib/</path>
         <kind>archive</kind>
         <file>rtsv7M4_T_le_v4SPD16_eabi.lib</file>
         <name>asinf.obj</name>
      </input_file>
      <input_file id="fl-150">
         <path>/Applications/ti/ccsv6/tools/compiler/ti-cgt-arm_5.2.5/lib/</path>
         <kind>archive</kind>
         <file>rtsv7M4_T_le_v4SPD16_eabi.lib</file>
         <name>atan2f.obj</name>
      </input_file>
      <input_file id="fl-151">
         <path>/Applications/ti/ccsv6/tools/compiler/ti-cgt-arm_5.2.5/lib/</path>
         <kind>archive</kind>
         <file>rtsv7M4_T_le_v4SPD16_eabi.lib</file>
         <name>fd_tos_t2.obj</name>
      </input_file>
      <input_file id="fl-152">
         <path>/Applications/ti/ccsv6/tools/compiler/ti-cgt-arm_5.2.5/lib/</path>
         <kind>archive</kind>
         <file>rtsv7M4_T_le_v4SPD16_eabi.lib</file>
         <name>fs_tod_t2.obj</name>
      </input_file>
      <input_file id="fl-153">
         <path>/Applications/ti/ccsv6/tools/compiler/ti-cgt-arm_5.2.5/lib/</path>
         <kind>archive</kind>
         <file>rtsv7M4_T_le_v4SPD16_eabi.lib</file>
         <name>sqrtf.obj</name>
      </input_file>
      <input_file id="fl-154">
         <path>/Applications/ti/ccsv6/tools/compiler/ti-cgt-arm_5.2.5/lib/</path>
         <kind>archive</kind>
         <file>rtsv7M4_T_le_v4SPD16_eabi.lib</file>
         <name>xfatan.obj</name>
      </input_file>
      <input_file id="fl-155">
         <path>/Applications/ti/ccsv6/tools/compiler/ti-cgt-arm_5.2.5/lib/</path>
         <kind>archive</kind>
         <file>rtsv7M4_T_le_v4SPD16_eabi.lib</file>
         <name>xfdclass.obj</name>
      </input_file>
      <input_file id="fl-156">
         <path>/Applications/ti/ccsv6/tools/compiler/ti-cgt-arm_5.2.5/lib/</path>
         <kind>archive</kind>
         <file>rtsv7M4_T_le_v4SPD16_eabi.lib</file>
         <name>xferaise.obj</name>
      </input_file>
      <input_file id="fl-157">
         <path>/Applications/ti/ccsv6/tools/compiler/ti-cgt-arm_5.2.5/lib/</path>
         <kind>archive</kind>
         <file>rtsv7M4_T_le_v4SPD16_eabi.lib</file>
         <name>xfvalues.obj</name>
      </input_file>
      <input_file id="fl-158">
         <path>/Applications/ti/ccsv6/tools/compiler/ti-cgt-arm_5.2.5/lib/</path>
         <kind>archive</kind>
         <file>rtsv7M4_T_le_v4SPD16_eabi.lib</file>
         <name>errno.obj</name>
      </input_file>
      <input_file id="fl-159">
         <path>/Applications/ti/ccsv6/tools/compiler/ti-cgt-arm_5.2.5/lib/</path>
         <kind>archive</kind>
         <file>rtsv7M4_T_le_v4SPD16_eabi.lib</file>
         <name>feraiseexcept.obj</name>
      </input_file>
      <input_file id="fl-15a">
         <path>/Applications/ti/ccsv6/tools/compiler/ti-cgt-arm_5.2.5/lib/</path>
         <kind>archive</kind>
         <file>rtsv7M4_T_le_v4SPD16_eabi.lib</file>
         <name>raise.obj</name>
      </input_file>
      <input_file id="fl-15b">
         <path>/Applications/ti/ccsv6/tools/compiler/ti-cgt-arm_5.2.5/lib/</path>
         <kind>archive</kind>
         <file>rtsv7M4_T_le_v4SPD16_eabi.lib</file>
         <name>signal.obj</name>
      </input_file>
      <input_file id="fl-15c">
         <path>/Users/billwang/Documents/TIVAWARE/driverlib/ccs/Debug/</path>
         <kind>archive</kind>
         <file>driverlib.lib</file>
         <name>i2c.obj</name>
      </input_file>
   </input_file_list>
   <object_component_list>
      <object_component id="oc-f">
         <name>.intvecs</name>
         <load_address>0x0</load_address>
         <run_address>0x0</run_address>
         <size>0x26c</size>
         <input_file_ref idref="fl-8"/>
      </object_component>
      <object_component id="oc-301">
         <name>.text:CompDCMUpdate</name>
         <load_address>0x26c</load_address>
         <run_address>0x26c</run_address>
         <size>0x294</size>
         <input_file_ref idref="fl-14d"/>
      </object_component>
      <object_component id="oc-30d">
         <name>.text:CompDCMComputeQuaternion</name>
         <load_address>0x500</load_address>
         <run_address>0x500</run_address>
         <size>0x1c8</size>
         <input_file_ref idref="fl-14d"/>
      </object_component>
      <object_component id="oc-284">
         <name>.text</name>
         <load_address>0x6c8</load_address>
         <run_address>0x6c8</run_address>
         <size>0x1b6</size>
         <input_file_ref idref="fl-136"/>
      </object_component>
      <object_component id="oc-36">
         <name>.text:FaultISR</name>
         <load_address>0x87e</load_address>
         <run_address>0x87e</run_address>
         <size>0x2</size>
         <input_file_ref idref="fl-8"/>
      </object_component>
      <object_component id="oc-1d3">
         <name>.text:MPU9150Config</name>
         <load_address>0x880</load_address>
         <run_address>0x880</run_address>
         <size>0x184</size>
         <input_file_ref idref="fl-3"/>
      </object_component>
      <object_component id="oc-13e">
         <name>.text:MPU9150Callback</name>
         <load_address>0xa04</load_address>
         <run_address>0xa04</run_address>
         <size>0x180</size>
         <input_file_ref idref="fl-14b"/>
      </object_component>
      <object_component id="oc-48">
         <name>.text:UARTStdioIntHandler</name>
         <load_address>0xb84</load_address>
         <run_address>0xb84</run_address>
         <size>0x160</size>
         <input_file_ref idref="fl-9"/>
      </object_component>
      <object_component id="oc-1df">
         <name>.text:CompDCM</name>
         <load_address>0xce4</load_address>
         <run_address>0xce4</run_address>
         <size>0x150</size>
         <input_file_ref idref="fl-3"/>
      </object_component>
      <object_component id="oc-27f">
         <name>.text</name>
         <load_address>0xe34</load_address>
         <run_address>0xe34</run_address>
         <size>0x136</size>
         <input_file_ref idref="fl-137"/>
      </object_component>
      <object_component id="oc-33c">
         <name>.text:GPIOPadConfigSet</name>
         <load_address>0xf6a</load_address>
         <run_address>0xf6a</run_address>
         <size>0x130</size>
         <input_file_ref idref="fl-149"/>
      </object_component>
      <object_component id="oc-3c">
         <name>.text:IntDefaultHandler</name>
         <load_address>0x109a</load_address>
         <run_address>0x109a</run_address>
         <size>0x2</size>
         <input_file_ref idref="fl-8"/>
      </object_component>
      <object_component id="oc-274">
         <name>.text:SysCtlClockGet</name>
         <load_address>0x109c</load_address>
         <run_address>0x109c</run_address>
         <size>0x118</size>
         <input_file_ref idref="fl-147"/>
      </object_component>
      <object_component id="oc-3a1">
         <name>.text</name>
         <load_address>0x11b4</load_address>
         <run_address>0x11b4</run_address>
         <size>0x118</size>
         <input_file_ref idref="fl-150"/>
      </object_component>
      <object_component id="oc-36e">
         <name>.text</name>
         <load_address>0x12cc</load_address>
         <run_address>0x12cc</run_address>
         <size>0xfc</size>
         <input_file_ref idref="fl-138"/>
      </object_component>
      <object_component id="oc-eb">
         <name>.text:I2CMIntHandler</name>
         <load_address>0x13c8</load_address>
         <run_address>0x13c8</run_address>
         <size>0xf2</size>
         <input_file_ref idref="fl-14c"/>
      </object_component>
      <object_component id="oc-352">
         <name>.text:MPU9150AppErrorHandler</name>
         <load_address>0x14ba</load_address>
         <run_address>0x14ba</run_address>
         <size>0x2</size>
         <input_file_ref idref="fl-3"/>
      </object_component>
      <object_component id="oc-1cd">
         <name>.text:ESCConfig</name>
         <load_address>0x14bc</load_address>
         <run_address>0x14bc</run_address>
         <size>0xe4</size>
         <input_file_ref idref="fl-5"/>
      </object_component>
      <object_component id="oc-3a7">
         <name>.text</name>
         <load_address>0x15a0</load_address>
         <run_address>0x15a0</run_address>
         <size>0xb4</size>
         <input_file_ref idref="fl-14f"/>
      </object_component>
      <object_component id="oc-cf">
         <name>.text:UARTwrite</name>
         <load_address>0x1654</load_address>
         <run_address>0x1654</run_address>
         <size>0xa8</size>
         <input_file_ref idref="fl-9"/>
      </object_component>
      <object_component id="oc-3e5">
         <name>.text</name>
         <load_address>0x16fc</load_address>
         <run_address>0x16fc</run_address>
         <size>0xa8</size>
         <input_file_ref idref="fl-154"/>
      </object_component>
      <object_component id="oc-2e9">
         <name>.text:MPU9150DataMagnetoGetFloat</name>
         <load_address>0x17a4</load_address>
         <run_address>0x17a4</run_address>
         <size>0xa4</size>
         <input_file_ref idref="fl-14b"/>
      </object_component>
      <object_component id="oc-2a0">
         <name>.text:M0PWM3_Config</name>
         <load_address>0x1848</load_address>
         <run_address>0x1848</run_address>
         <size>0xa0</size>
         <input_file_ref idref="fl-5"/>
      </object_component>
      <object_component id="oc-2cc">
         <name>.text:MPU9150Write</name>
         <load_address>0x18e8</load_address>
         <run_address>0x18e8</run_address>
         <size>0xa0</size>
         <input_file_ref idref="fl-14b"/>
      </object_component>
      <object_component id="oc-5d">
         <name>.text</name>
         <load_address>0x1988</load_address>
         <run_address>0x1988</run_address>
         <size>0x9c</size>
         <input_file_ref idref="fl-13a"/>
      </object_component>
      <object_component id="oc-1b0">
         <name>.text:I2CMStateIdle</name>
         <load_address>0x1a24</load_address>
         <run_address>0x1a24</run_address>
         <size>0x98</size>
         <input_file_ref idref="fl-14c"/>
      </object_component>
      <object_component id="oc-28e">
         <name>.text:M0PWM0_Config</name>
         <load_address>0x1abc</load_address>
         <run_address>0x1abc</run_address>
         <size>0x94</size>
         <input_file_ref idref="fl-5"/>
      </object_component>
      <object_component id="oc-294">
         <name>.text:M0PWM1_Config</name>
         <load_address>0x1b50</load_address>
         <run_address>0x1b50</run_address>
         <size>0x94</size>
         <input_file_ref idref="fl-5"/>
      </object_component>
      <object_component id="oc-29a">
         <name>.text:M0PWM2_Config</name>
         <load_address>0x1be4</load_address>
         <run_address>0x1be4</run_address>
         <size>0x94</size>
         <input_file_ref idref="fl-5"/>
      </object_component>
      <object_component id="oc-c3">
         <name>.text:UARTPrimeTransmit</name>
         <load_address>0x1c78</load_address>
         <run_address>0x1c78</run_address>
         <size>0x8c</size>
         <input_file_ref idref="fl-9"/>
      </object_component>
      <object_component id="oc-138">
         <name>.text:I2CMCommand</name>
         <load_address>0x1d04</load_address>
         <run_address>0x1d04</run_address>
         <size>0x84</size>
         <input_file_ref idref="fl-14c"/>
      </object_component>
      <object_component id="oc-76">
         <name>.text</name>
         <load_address>0x1d88</load_address>
         <run_address>0x1d88</run_address>
         <size>0x7a</size>
         <input_file_ref idref="fl-13b"/>
      </object_component>
      <object_component id="oc-30">
         <name>.text:NmiSR</name>
         <load_address>0x1e02</load_address>
         <run_address>0x1e02</run_address>
         <size>0x2</size>
         <input_file_ref idref="fl-8"/>
      </object_component>
      <object_component id="oc-2dd">
         <name>.text:MPU9150DataAccelGetFloat</name>
         <load_address>0x1e04</load_address>
         <run_address>0x1e04</run_address>
         <size>0x78</size>
         <input_file_ref idref="fl-14b"/>
      </object_component>
      <object_component id="oc-2e3">
         <name>.text:MPU9150DataGyroGetFloat</name>
         <load_address>0x1e7c</load_address>
         <run_address>0x1e7c</run_address>
         <size>0x78</size>
         <input_file_ref idref="fl-14b"/>
      </object_component>
      <object_component id="oc-2c0">
         <name>.text:MPU9150Init</name>
         <load_address>0x1ef4</load_address>
         <run_address>0x1ef4</run_address>
         <size>0x6c</size>
         <input_file_ref idref="fl-14b"/>
      </object_component>
      <object_component id="oc-88">
         <name>.text</name>
         <load_address>0x1f60</load_address>
         <run_address>0x1f60</run_address>
         <size>0x6c</size>
         <input_file_ref idref="fl-142"/>
      </object_component>
      <object_component id="oc-69">
         <name>.text</name>
         <load_address>0x1fcc</load_address>
         <run_address>0x1fcc</run_address>
         <size>0x6a</size>
         <input_file_ref idref="fl-133"/>
      </object_component>
      <object_component id="oc-200">
         <name>.text:IntIsEnabled</name>
         <load_address>0x2038</load_address>
         <run_address>0x2038</run_address>
         <size>0x64</size>
         <input_file_ref idref="fl-148"/>
      </object_component>
      <object_component id="oc-206">
         <name>.text:IntDisable</name>
         <load_address>0x209c</load_address>
         <run_address>0x209c</run_address>
         <size>0x60</size>
         <input_file_ref idref="fl-148"/>
      </object_component>
      <object_component id="oc-212">
         <name>.text:IntEnable</name>
         <load_address>0x20fc</load_address>
         <run_address>0x20fc</run_address>
         <size>0x60</size>
         <input_file_ref idref="fl-148"/>
      </object_component>
      <object_component id="oc-ae">
         <name>.text:MPU9150DataRead</name>
         <load_address>0x215c</load_address>
         <run_address>0x215c</run_address>
         <size>0x60</size>
         <input_file_ref idref="fl-14b"/>
      </object_component>
      <object_component id="oc-19e">
         <name>.text:I2CMStateWritePause</name>
         <load_address>0x21bc</load_address>
         <run_address>0x21bc</run_address>
         <size>0x5e</size>
         <input_file_ref idref="fl-14c"/>
      </object_component>
      <object_component id="oc-359">
         <name>.text:I2CMWrite8</name>
         <load_address>0x221c</load_address>
         <run_address>0x221c</run_address>
         <size>0x58</size>
         <input_file_ref idref="fl-14c"/>
      </object_component>
      <object_component id="oc-37c">
         <name>.text:VectorCrossProduct</name>
         <load_address>0x2274</load_address>
         <run_address>0x2274</run_address>
         <size>0x56</size>
         <input_file_ref idref="fl-14e"/>
      </object_component>
      <object_component id="oc-24">
         <name>.text</name>
         <load_address>0x22cc</load_address>
         <run_address>0x22cc</run_address>
         <size>0x50</size>
         <input_file_ref idref="fl-131"/>
      </object_component>
      <object_component id="oc-1a4">
         <name>.text:I2CMStateWriteFinal</name>
         <load_address>0x231c</load_address>
         <run_address>0x231c</run_address>
         <size>0x4e</size>
         <input_file_ref idref="fl-14c"/>
      </object_component>
      <object_component id="oc-1d9">
         <name>.text:SysTimerConfig</name>
         <load_address>0x236c</load_address>
         <run_address>0x236c</run_address>
         <size>0x4c</size>
         <input_file_ref idref="fl-4"/>
      </object_component>
      <object_component id="oc-110">
         <name>.text</name>
         <load_address>0x23b8</load_address>
         <run_address>0x23b8</run_address>
         <size>0x4c</size>
         <input_file_ref idref="fl-143"/>
      </object_component>
      <object_component id="oc-18c">
         <name>.text:I2CMStateReadNext</name>
         <load_address>0x2404</load_address>
         <run_address>0x2404</run_address>
         <size>0x48</size>
         <input_file_ref idref="fl-14c"/>
      </object_component>
      <object_component id="oc-344">
         <name>.text:I2CMasterInitExpClk</name>
         <load_address>0x244c</load_address>
         <run_address>0x244c</run_address>
         <size>0x48</size>
         <input_file_ref idref="fl-15c"/>
      </object_component>
      <object_component id="oc-373">
         <name>.text</name>
         <load_address>0x2494</load_address>
         <run_address>0x2494</run_address>
         <size>0x48</size>
         <input_file_ref idref="fl-151"/>
      </object_component>
      <object_component id="oc-1aa">
         <name>.text:I2CMStateWriteNext</name>
         <load_address>0x24dc</load_address>
         <run_address>0x24dc</run_address>
         <size>0x46</size>
         <input_file_ref idref="fl-14c"/>
      </object_component>
      <object_component id="oc-2d2">
         <name>.text:CompDCMInit</name>
         <load_address>0x2524</load_address>
         <run_address>0x2524</run_address>
         <size>0x44</size>
         <input_file_ref idref="fl-14d"/>
      </object_component>
      <object_component id="oc-174">
         <name>.text:I2CMStateCallback</name>
         <load_address>0x2568</load_address>
         <run_address>0x2568</run_address>
         <size>0x44</size>
         <input_file_ref idref="fl-14c"/>
      </object_component>
      <object_component id="oc-94">
         <name>.text</name>
         <load_address>0x25ac</load_address>
         <run_address>0x25ac</run_address>
         <size>0x44</size>
         <input_file_ref idref="fl-135"/>
      </object_component>
      <object_component id="oc-289">
         <name>.text</name>
         <load_address>0x25f0</load_address>
         <run_address>0x25f0</run_address>
         <size>0x44</size>
         <input_file_ref idref="fl-139"/>
      </object_component>
      <object_component id="oc-307">
         <name>.text:CompDCMComputeEulers</name>
         <load_address>0x2634</load_address>
         <run_address>0x2634</run_address>
         <size>0x42</size>
         <input_file_ref idref="fl-14d"/>
      </object_component>
      <object_component id="oc-431">
         <name>.text</name>
         <load_address>0x2678</load_address>
         <run_address>0x2678</run_address>
         <size>0x40</size>
         <input_file_ref idref="fl-15b"/>
      </object_component>
      <object_component id="oc-186">
         <name>.text:I2CMStateReadFinal</name>
         <load_address>0x26b8</load_address>
         <run_address>0x26b8</run_address>
         <size>0x3e</size>
         <input_file_ref idref="fl-14c"/>
      </object_component>
      <object_component id="oc-180">
         <name>.text:I2CMStateReadPause</name>
         <load_address>0x26f6</load_address>
         <run_address>0x26f6</run_address>
         <size>0x3e</size>
         <input_file_ref idref="fl-14c"/>
      </object_component>
      <object_component id="oc-3c3">
         <name>.text:I2CMWrite8Callback</name>
         <load_address>0x2734</load_address>
         <run_address>0x2734</run_address>
         <size>0x38</size>
         <input_file_ref idref="fl-14c"/>
      </object_component>
      <object_component id="oc-369">
         <name>.text</name>
         <load_address>0x276c</load_address>
         <run_address>0x276c</run_address>
         <size>0x38</size>
         <input_file_ref idref="fl-152"/>
      </object_component>
      <object_component id="oc-2ba">
         <name>.text:I2CMInit</name>
         <load_address>0x27a4</load_address>
         <run_address>0x27a4</run_address>
         <size>0x34</size>
         <input_file_ref idref="fl-14c"/>
      </object_component>
      <object_component id="oc-42">
         <name>.text:IntGPIOb</name>
         <load_address>0x27d8</load_address>
         <run_address>0x27d8</run_address>
         <size>0x34</size>
         <input_file_ref idref="fl-3"/>
      </object_component>
      <object_component id="oc-403">
         <name>.text</name>
         <load_address>0x280c</load_address>
         <run_address>0x280c</run_address>
         <size>0x34</size>
         <input_file_ref idref="fl-159"/>
      </object_component>
      <object_component id="oc-394">
         <name>.text:VectorAdd</name>
         <load_address>0x2840</load_address>
         <run_address>0x2840</run_address>
         <size>0x32</size>
         <input_file_ref idref="fl-14e"/>
      </object_component>
      <object_component id="oc-3fa">
         <name>.text:I2CMTransferResume</name>
         <load_address>0x2872</load_address>
         <run_address>0x2872</run_address>
         <size>0x30</size>
         <input_file_ref idref="fl-14c"/>
      </object_component>
      <object_component id="oc-118">
         <name>.text:main</name>
         <load_address>0x28a4</load_address>
         <run_address>0x28a4</run_address>
         <size>0x30</size>
         <input_file_ref idref="fl-6"/>
      </object_component>
      <object_component id="oc-3d9">
         <name>.text</name>
         <load_address>0x28d4</load_address>
         <run_address>0x28d4</run_address>
         <size>0x30</size>
         <input_file_ref idref="fl-156"/>
      </object_component>
      <object_component id="oc-421">
         <name>.text</name>
         <load_address>0x2904</load_address>
         <run_address>0x2904</run_address>
         <size>0x2e</size>
         <input_file_ref idref="fl-15a"/>
      </object_component>
      <object_component id="oc-39a">
         <name>.text</name>
         <load_address>0x2932</load_address>
         <run_address>0x2932</run_address>
         <size>0x2c</size>
         <input_file_ref idref="fl-155"/>
      </object_component>
      <object_component id="oc-336">
         <name>.text:GPIODirModeSet</name>
         <load_address>0x295e</load_address>
         <run_address>0x295e</run_address>
         <size>0x2a</size>
         <input_file_ref idref="fl-149"/>
      </object_component>
      <object_component id="oc-192">
         <name>.text:I2CMStateReadFirst</name>
         <load_address>0x2988</load_address>
         <run_address>0x2988</run_address>
         <size>0x2a</size>
         <input_file_ref idref="fl-14c"/>
      </object_component>
      <object_component id="oc-2c6">
         <name>.text:MPU9150AppI2CWait</name>
         <load_address>0x29b4</load_address>
         <run_address>0x29b4</run_address>
         <size>0x28</size>
         <input_file_ref idref="fl-3"/>
      </object_component>
      <object_component id="oc-382">
         <name>.text:VectorDotProduct</name>
         <load_address>0x29dc</load_address>
         <run_address>0x29dc</run_address>
         <size>0x26</size>
         <input_file_ref idref="fl-14e"/>
      </object_component>
      <object_component id="oc-38e">
         <name>.text:VectorScale</name>
         <load_address>0x2a02</load_address>
         <run_address>0x2a02</run_address>
         <size>0x26</size>
         <input_file_ref idref="fl-14e"/>
      </object_component>
      <object_component id="oc-388">
         <name>.text</name>
         <load_address>0x2a28</load_address>
         <run_address>0x2a28</run_address>
         <size>0x24</size>
         <input_file_ref idref="fl-153"/>
      </object_component>
      <object_component id="oc-198">
         <name>.text:I2CMStateReadOne</name>
         <load_address>0x2a4c</load_address>
         <run_address>0x2a4c</run_address>
         <size>0x20</size>
         <input_file_ref idref="fl-14c"/>
      </object_component>
      <object_component id="oc-27a">
         <name>.text</name>
         <load_address>0x2a6c</load_address>
         <run_address>0x2a6c</run_address>
         <size>0x20</size>
         <input_file_ref idref="fl-13f"/>
      </object_component>
      <object_component id="oc-4e">
         <name>.text:IntWakeUp</name>
         <load_address>0x2a8c</load_address>
         <run_address>0x2a8c</run_address>
         <size>0x1c</size>
         <input_file_ref idref="fl-4"/>
      </object_component>
      <object_component id="oc-17a">
         <name>.text:I2CMStateReadWait</name>
         <load_address>0x2aa8</load_address>
         <run_address>0x2aa8</run_address>
         <size>0x18</size>
         <input_file_ref idref="fl-14c"/>
      </object_component>
      <object_component id="oc-d5">
         <name>.text:IsBufferFull</name>
         <load_address>0x2ac0</load_address>
         <run_address>0x2ac0</run_address>
         <size>0x18</size>
         <input_file_ref idref="fl-9"/>
      </object_component>
      <object_component id="oc-b7">
         <name>.text:MPU9150AppCallback</name>
         <load_address>0x2ad8</load_address>
         <run_address>0x2ad8</run_address>
         <size>0x18</size>
         <input_file_ref idref="fl-3"/>
      </object_component>
      <object_component id="oc-8e">
         <name>.text</name>
         <load_address>0x2af0</load_address>
         <run_address>0x2af0</run_address>
         <size>0x18</size>
         <input_file_ref idref="fl-141"/>
      </object_component>
      <object_component id="oc-1f0">
         <name>.text</name>
         <load_address>0x2b08</load_address>
         <run_address>0x2b08</run_address>
         <size>0x14</size>
         <input_file_ref idref="fl-140"/>
      </object_component>
      <object_component id="oc-2ae">
         <name>.text:GPIOPinTypeI2CSCL</name>
         <load_address>0x2b1c</load_address>
         <run_address>0x2b1c</run_address>
         <size>0x12</size>
         <input_file_ref idref="fl-149"/>
      </object_component>
      <object_component id="oc-2f5">
         <name>.text:CompDCMAccelUpdate</name>
         <load_address>0x2b2e</load_address>
         <run_address>0x2b2e</run_address>
         <size>0xe</size>
         <input_file_ref idref="fl-14d"/>
      </object_component>
      <object_component id="oc-2fb">
         <name>.text:CompDCMGyroUpdate</name>
         <load_address>0x2b3c</load_address>
         <run_address>0x2b3c</run_address>
         <size>0xe</size>
         <input_file_ref idref="fl-14d"/>
      </object_component>
      <object_component id="oc-2ef">
         <name>.text:CompDCMMagnetoUpdate</name>
         <load_address>0x2b4a</load_address>
         <run_address>0x2b4a</run_address>
         <size>0xe</size>
         <input_file_ref idref="fl-14d"/>
      </object_component>
      <object_component id="oc-a2">
         <name>.text:GPIOIntStatus</name>
         <load_address>0x2b58</load_address>
         <run_address>0x2b58</run_address>
         <size>0xe</size>
         <input_file_ref idref="fl-149"/>
      </object_component>
      <object_component id="oc-c9">
         <name>.text:IsBufferEmpty</name>
         <load_address>0x2b66</load_address>
         <run_address>0x2b66</run_address>
         <size>0xe</size>
         <input_file_ref idref="fl-9"/>
      </object_component>
      <object_component id="oc-12">
         <name>.text:decompress:none</name>
         <load_address>0x2b74</load_address>
         <run_address>0x2b74</run_address>
         <size>0xe</size>
         <input_file_ref idref="fl-132"/>
      </object_component>
      <object_component id="oc-2b4">
         <name>.text:GPIOIntEnable</name>
         <load_address>0x2b82</load_address>
         <run_address>0x2b82</run_address>
         <size>0xc</size>
         <input_file_ref idref="fl-149"/>
      </object_component>
      <object_component id="oc-20c">
         <name>.text:IntTrigger</name>
         <load_address>0x2b90</load_address>
         <run_address>0x2b90</run_address>
         <size>0xc</size>
         <input_file_ref idref="fl-148"/>
      </object_component>
      <object_component id="oc-54">
         <name>.text:MPU9150I2CIntHandler</name>
         <load_address>0x2b9c</load_address>
         <run_address>0x2b9c</run_address>
         <size>0xc</size>
         <input_file_ref idref="fl-3"/>
      </object_component>
      <object_component id="oc-1e">
         <name>.text:decompress:ZI</name>
         <load_address>0x2ba8</load_address>
         <run_address>0x2ba8</run_address>
         <size>0xc</size>
         <input_file_ref idref="fl-134"/>
      </object_component>
      <object_component id="oc-3ba">
         <name>.text:I2CMasterEnable</name>
         <load_address>0x2bb4</load_address>
         <run_address>0x2bb4</run_address>
         <size>0xa</size>
         <input_file_ref idref="fl-15c"/>
      </object_component>
      <object_component id="oc-168">
         <name>.text:I2CMasterIntClear</name>
         <load_address>0x2bbe</load_address>
         <run_address>0x2bbe</run_address>
         <size>0x8</size>
         <input_file_ref idref="fl-15c"/>
      </object_component>
      <object_component id="oc-34a">
         <name>.text:I2CMasterIntEnableEx</name>
         <load_address>0x2bc6</load_address>
         <run_address>0x2bc6</run_address>
         <size>0x8</size>
         <input_file_ref idref="fl-15c"/>
      </object_component>
      <object_component id="oc-24f">
         <name>.text:I2CMasterSlaveAddrSet</name>
         <load_address>0x2bce</load_address>
         <run_address>0x2bce</run_address>
         <size>0x8</size>
         <input_file_ref idref="fl-15c"/>
      </object_component>
      <object_component id="oc-a8">
         <name>.text:GPIOIntClear</name>
         <load_address>0x2bd6</load_address>
         <run_address>0x2bd6</run_address>
         <size>0x6</size>
         <input_file_ref idref="fl-149"/>
      </object_component>
      <object_component id="oc-2a">
         <name>.text:ResetISR</name>
         <load_address>0x2bdc</load_address>
         <run_address>0x2bdc</run_address>
         <size>0x6</size>
         <input_file_ref idref="fl-8"/>
      </object_component>
      <object_component id="oc-18">
         <name>.text:decompress:rle24</name>
         <load_address>0x2be2</load_address>
         <run_address>0x2be2</run_address>
         <size>0x6</size>
         <input_file_ref idref="fl-133"/>
      </object_component>
      <object_component id="oc-16e">
         <name>.text:I2CMasterControl</name>
         <load_address>0x2be8</load_address>
         <run_address>0x2be8</run_address>
         <size>0x4</size>
         <input_file_ref idref="fl-15c"/>
      </object_component>
      <object_component id="oc-245">
         <name>.text:I2CMasterDataGet</name>
         <load_address>0x2bec</load_address>
         <run_address>0x2bec</run_address>
         <size>0x4</size>
         <input_file_ref idref="fl-15c"/>
      </object_component>
      <object_component id="oc-257">
         <name>.text:I2CMasterDataPut</name>
         <load_address>0x2bf0</load_address>
         <run_address>0x2bf0</run_address>
         <size>0x4</size>
         <input_file_ref idref="fl-15c"/>
      </object_component>
      <object_component id="oc-82">
         <name>.text</name>
         <load_address>0x2bf4</load_address>
         <run_address>0x2bf4</run_address>
         <size>0x4</size>
         <input_file_ref idref="fl-13c"/>
      </object_component>
      <object_component id="oc-31b">
         <name>.const</name>
         <load_address>0x2bf8</load_address>
         <run_address>0x2bf8</run_address>
         <size>0x70</size>
         <input_file_ref idref="fl-148"/>
      </object_component>
      <object_component id="oc-328">
         <name>.const:g_pui32Xtals</name>
         <load_address>0x2c68</load_address>
         <run_address>0x2c68</run_address>
         <size>0x6c</size>
         <input_file_ref idref="fl-147"/>
      </object_component>
      <object_component id="oc-411">
         <name>.const</name>
         <load_address>0x2cd4</load_address>
         <run_address>0x2cd4</run_address>
         <size>0x34</size>
         <input_file_ref idref="fl-154"/>
      </object_component>
      <object_component id="oc-158">
         <name>.const</name>
         <load_address>0x2d08</load_address>
         <run_address>0x2d08</run_address>
         <size>0x28</size>
         <input_file_ref idref="fl-9"/>
      </object_component>
      <object_component id="oc-364">
         <name>.const</name>
         <load_address>0x2d30</load_address>
         <run_address>0x2d30</run_address>
         <size>0x20</size>
         <input_file_ref idref="fl-14b"/>
      </object_component>
      <object_component id="oc-23c">
         <name>.const:.string</name>
         <load_address>0x2d50</load_address>
         <run_address>0x2d50</run_address>
         <size>0x12</size>
         <input_file_ref idref="fl-9"/>
      </object_component>
      <object_component id="oc-479">
         <name>.cinit..data.load</name>
         <load_address>0x2d68</load_address>
         <run_address>0x2d68</run_address>
         <size>0x38</size>
      </object_component>
      <object_component id="oc-477">
         <name>__TI_handler_table</name>
         <load_address>0x2da0</load_address>
         <run_address>0x2da0</run_address>
         <size>0xc</size>
      </object_component>
      <object_component id="oc-47a">
         <name>.cinit..bss.load</name>
         <load_address>0x2db0</load_address>
         <run_address>0x2db0</run_address>
         <size>0x8</size>
      </object_component>
      <object_component id="oc-478">
         <name>__TI_cinit_table</name>
         <load_address>0x2db8</load_address>
         <run_address>0x2db8</run_address>
         <size>0x10</size>
      </object_component>
      <object_component id="oc-29">
         <name>.stack</name>
         <uninitialized>true</uninitialized>
         <run_address>0x200006cc</run_address>
         <size>0x0</size>
         <input_file_ref idref="fl-131"/>
      </object_component>
      <object_component id="oc-47b">
         <name>.stack</name>
         <uninitialized>true</uninitialized>
         <run_address>0x200006cc</run_address>
         <size>0x0</size>
      </object_component>
      <object_component id="oc-f1">
         <name>.bss:g_sI2CInst</name>
         <uninitialized>true</uninitialized>
         <run_address>0x20000400</run_address>
         <size>0x124</size>
         <input_file_ref idref="fl-3"/>
      </object_component>
      <object_component id="oc-b4">
         <name>.bss:g_sMPU9150Inst</name>
         <uninitialized>true</uninitialized>
         <run_address>0x200005a4</run_address>
         <size>0x6c</size>
         <input_file_ref idref="fl-3"/>
      </object_component>
      <object_component id="oc-2d8">
         <name>.bss:g_sCompDCMInst</name>
         <uninitialized>true</uninitialized>
         <run_address>0x20000610</run_address>
         <size>0x58</size>
         <input_file_ref idref="fl-3"/>
      </object_component>
      <object_component id="oc-1e5">
         <name>.bss:g_pfData</name>
         <uninitialized>true</uninitialized>
         <run_address>0x20000668</run_address>
         <size>0x40</size>
         <input_file_ref idref="fl-4"/>
      </object_component>
      <object_component id="oc-15b">
         <name>.bss:g_pcUARTTxBuffer</name>
         <uninitialized>true</uninitialized>
         <run_address>0x20000000</run_address>
         <size>0x400</size>
         <input_file_ref idref="fl-9"/>
      </object_component>
      <object_component id="oc-e1">
         <name>.bss:g_pcUARTRxBuffer</name>
         <uninitialized>true</uninitialized>
         <run_address>0x20000524</run_address>
         <size>0x80</size>
         <input_file_ref idref="fl-9"/>
      </object_component>
      <object_component id="oc-152">
         <name>.common:g_vui8I2CDoneFlag</name>
         <uninitialized>true</uninitialized>
         <run_address>0x200006b0</run_address>
         <size>0x4</size>
      </object_component>
      <object_component id="oc-155">
         <name>.common:g_vui8ErrorFlag</name>
         <uninitialized>true</uninitialized>
         <run_address>0x200006ac</run_address>
         <size>0x4</size>
      </object_component>
      <object_component id="oc-2ac">
         <name>.common:ui32Load</name>
         <uninitialized>true</uninitialized>
         <run_address>0x200006b4</run_address>
         <size>0x4</size>
      </object_component>
      <object_component id="oc-2a9">
         <name>.common:ui32Load_Low_Bound</name>
         <uninitialized>true</uninitialized>
         <run_address>0x200006bc</run_address>
         <size>0x4</size>
      </object_component>
      <object_component id="oc-2aa">
         <name>.common:ui32Load_High_Bound</name>
         <uninitialized>true</uninitialized>
         <run_address>0x200006b8</run_address>
         <size>0x4</size>
      </object_component>
      <object_component id="oc-2ab">
         <name>.common:ui32Load_Range</name>
         <uninitialized>true</uninitialized>
         <run_address>0x200006c0</run_address>
         <size>0x4</size>
      </object_component>
      <object_component id="oc-2a6">
         <name>.common:ui32PWMClock</name>
         <uninitialized>true</uninitialized>
         <run_address>0x200006c4</run_address>
         <size>0x4</size>
      </object_component>
      <object_component id="oc-de">
         <name>.common:g_bDisableEcho</name>
         <uninitialized>true</uninitialized>
         <run_address>0x200006c8</run_address>
         <size>0x1</size>
      </object_component>
      <object_component id="oc-157">
         <name>.common:g_ui32PortNum</name>
         <uninitialized>true</uninitialized>
         <run_address>0x200006a8</run_address>
         <size>0x4</size>
      </object_component>
      <object_component id="oc-db">
         <name>.data</name>
         <load_address>0x20000be8</load_address>
         <run_address>0x20000be8</run_address>
         <size>0x15</size>
         <input_file_ref idref="fl-9"/>
      </object_component>
      <object_component id="oc-123">
         <name>.data</name>
         <load_address>0x20000c08</load_address>
         <run_address>0x20000c08</run_address>
         <size>0x8</size>
         <input_file_ref idref="fl-135"/>
      </object_component>
      <object_component id="oc-9a">
         <name>.data</name>
         <load_address>0x20000c1c</load_address>
         <run_address>0x20000c1c</run_address>
         <size>0x4</size>
         <input_file_ref idref="fl-13d"/>
      </object_component>
      <object_component id="oc-120">
         <name>.data</name>
         <load_address>0x20000c00</load_address>
         <run_address>0x20000c00</run_address>
         <size>0x8</size>
         <input_file_ref idref="fl-140"/>
      </object_component>
      <object_component id="oc-3ed">
         <name>.data</name>
         <load_address>0x20000b80</load_address>
         <run_address>0x20000b80</run_address>
         <size>0x68</size>
         <input_file_ref idref="fl-157"/>
      </object_component>
      <object_component id="oc-409">
         <name>.data</name>
         <load_address>0x20000c18</load_address>
         <run_address>0x20000c18</run_address>
         <size>0x4</size>
         <input_file_ref idref="fl-158"/>
      </object_component>
      <object_component id="oc-427">
         <name>.data</name>
         <load_address>0x20000c10</load_address>
         <run_address>0x20000c10</run_address>
         <size>0x8</size>
         <input_file_ref idref="fl-159"/>
      </object_component>
      <object_component id="oc-444">
         <name>.data:sigtable</name>
         <load_address>0x20000ad0</load_address>
         <run_address>0x20000ad0</run_address>
         <size>0xb0</size>
         <input_file_ref idref="fl-15b"/>
      </object_component>
      <object_component id="oc-f7">
         <name>.debug_info</name>
         <load_address>0x0</load_address>
         <run_address>0x0</run_address>
         <size>0x84</size>
         <input_file_ref idref="fl-2"/>
      </object_component>
      <object_component id="oc-e5">
         <name>.debug_info</name>
         <load_address>0x84</load_address>
         <run_address>0x84</run_address>
         <size>0x18b</size>
         <input_file_ref idref="fl-2"/>
      </object_component>
      <object_component id="oc-153">
         <name>.debug_info</name>
         <load_address>0x20f</load_address>
         <run_address>0x20f</run_address>
         <size>0x7a3</size>
         <input_file_ref idref="fl-3"/>
      </object_component>
      <object_component id="oc-f2">
         <name>.debug_info</name>
         <load_address>0x9b2</load_address>
         <run_address>0x9b2</run_address>
         <size>0xe2</size>
         <input_file_ref idref="fl-3"/>
      </object_component>
      <object_component id="oc-b5">
         <name>.debug_info</name>
         <load_address>0xa94</load_address>
         <run_address>0xa94</run_address>
         <size>0xea</size>
         <input_file_ref idref="fl-3"/>
      </object_component>
      <object_component id="oc-2d9">
         <name>.debug_info</name>
         <load_address>0xb7e</load_address>
         <run_address>0xb7e</run_address>
         <size>0xea</size>
         <input_file_ref idref="fl-3"/>
      </object_component>
      <object_component id="oc-55">
         <name>.debug_info</name>
         <load_address>0xc68</load_address>
         <run_address>0xc68</run_address>
         <size>0x149</size>
         <input_file_ref idref="fl-3"/>
      </object_component>
      <object_component id="oc-353">
         <name>.debug_info</name>
         <load_address>0xdb1</load_address>
         <run_address>0xdb1</run_address>
         <size>0x16d</size>
         <input_file_ref idref="fl-3"/>
      </object_component>
      <object_component id="oc-2c7">
         <name>.debug_info</name>
         <load_address>0xf1e</load_address>
         <run_address>0xf1e</run_address>
         <size>0x187</size>
         <input_file_ref idref="fl-3"/>
      </object_component>
      <object_component id="oc-b8">
         <name>.debug_info</name>
         <load_address>0x10a5</load_address>
         <run_address>0x10a5</run_address>
         <size>0x190</size>
         <input_file_ref idref="fl-3"/>
      </object_component>
      <object_component id="oc-1d4">
         <name>.debug_info</name>
         <load_address>0x1235</load_address>
         <run_address>0x1235</run_address>
         <size>0x297</size>
         <input_file_ref idref="fl-3"/>
      </object_component>
      <object_component id="oc-43">
         <name>.debug_info</name>
         <load_address>0x14cc</load_address>
         <run_address>0x14cc</run_address>
         <size>0x177</size>
         <input_file_ref idref="fl-3"/>
      </object_component>
      <object_component id="oc-1e0">
         <name>.debug_info</name>
         <load_address>0x1643</load_address>
         <run_address>0x1643</run_address>
         <size>0x28d</size>
         <input_file_ref idref="fl-3"/>
      </object_component>
      <object_component id="oc-1ba">
         <name>.debug_info</name>
         <load_address>0x18d0</load_address>
         <run_address>0x18d0</run_address>
         <size>0x4e6</size>
         <input_file_ref idref="fl-3"/>
      </object_component>
      <object_component id="oc-230">
         <name>.debug_info</name>
         <load_address>0x1db6</load_address>
         <run_address>0x1db6</run_address>
         <size>0x108</size>
         <input_file_ref idref="fl-3"/>
      </object_component>
      <object_component id="oc-14d">
         <name>.debug_info</name>
         <load_address>0x1ebe</load_address>
         <run_address>0x1ebe</run_address>
         <size>0x16c</size>
         <input_file_ref idref="fl-3"/>
      </object_component>
      <object_component id="oc-237">
         <name>.debug_info</name>
         <load_address>0x202a</load_address>
         <run_address>0x202a</run_address>
         <size>0xd6</size>
         <input_file_ref idref="fl-3"/>
      </object_component>
      <object_component id="oc-be">
         <name>.debug_info</name>
         <load_address>0x2100</load_address>
         <run_address>0x2100</run_address>
         <size>0x8b</size>
         <input_file_ref idref="fl-3"/>
      </object_component>
      <object_component id="oc-316">
         <name>.debug_info</name>
         <load_address>0x218b</load_address>
         <run_address>0x218b</run_address>
         <size>0x326</size>
         <input_file_ref idref="fl-4"/>
      </object_component>
      <object_component id="oc-1e6">
         <name>.debug_info</name>
         <load_address>0x24b1</load_address>
         <run_address>0x24b1</run_address>
         <size>0xd6</size>
         <input_file_ref idref="fl-4"/>
      </object_component>
      <object_component id="oc-4f">
         <name>.debug_info</name>
         <load_address>0x2587</load_address>
         <run_address>0x2587</run_address>
         <size>0x10f</size>
         <input_file_ref idref="fl-4"/>
      </object_component>
      <object_component id="oc-1da">
         <name>.debug_info</name>
         <load_address>0x2696</load_address>
         <run_address>0x2696</run_address>
         <size>0x135</size>
         <input_file_ref idref="fl-4"/>
      </object_component>
      <object_component id="oc-2a7">
         <name>.debug_info</name>
         <load_address>0x27cb</load_address>
         <run_address>0x27cb</run_address>
         <size>0x1d3</size>
         <input_file_ref idref="fl-5"/>
      </object_component>
      <object_component id="oc-2a1">
         <name>.debug_info</name>
         <load_address>0x299e</load_address>
         <run_address>0x299e</run_address>
         <size>0x14a</size>
         <input_file_ref idref="fl-5"/>
      </object_component>
      <object_component id="oc-29b">
         <name>.debug_info</name>
         <load_address>0x2ae8</load_address>
         <run_address>0x2ae8</run_address>
         <size>0x143</size>
         <input_file_ref idref="fl-5"/>
      </object_component>
      <object_component id="oc-295">
         <name>.debug_info</name>
         <load_address>0x2c2b</load_address>
         <run_address>0x2c2b</run_address>
         <size>0x143</size>
         <input_file_ref idref="fl-5"/>
      </object_component>
      <object_component id="oc-28f">
         <name>.debug_info</name>
         <load_address>0x2d6e</load_address>
         <run_address>0x2d6e</run_address>
         <size>0x143</size>
         <input_file_ref idref="fl-5"/>
      </object_component>
      <object_component id="oc-1ce">
         <name>.debug_info</name>
         <load_address>0x2eb1</load_address>
         <run_address>0x2eb1</run_address>
         <size>0x22f</size>
         <input_file_ref idref="fl-5"/>
      </object_component>
      <object_component id="oc-119">
         <name>.debug_info</name>
         <load_address>0x30e0</load_address>
         <run_address>0x30e0</run_address>
         <size>0x141</size>
         <input_file_ref idref="fl-6"/>
      </object_component>
      <object_component id="oc-5c">
         <name>.debug_info</name>
         <load_address>0x3221</load_address>
         <run_address>0x3221</run_address>
         <size>0x18d</size>
         <input_file_ref idref="fl-8"/>
      </object_component>
      <object_component id="oc-10">
         <name>.debug_info</name>
         <load_address>0x33ae</load_address>
         <run_address>0x33ae</run_address>
         <size>0xe2</size>
         <input_file_ref idref="fl-8"/>
      </object_component>
      <object_component id="oc-2b">
         <name>.debug_info</name>
         <load_address>0x3490</load_address>
         <run_address>0x3490</run_address>
         <size>0x112</size>
         <input_file_ref idref="fl-8"/>
      </object_component>
      <object_component id="oc-31">
         <name>.debug_info</name>
         <load_address>0x35a2</load_address>
         <run_address>0x35a2</run_address>
         <size>0x103</size>
         <input_file_ref idref="fl-8"/>
      </object_component>
      <object_component id="oc-3d">
         <name>.debug_info</name>
         <load_address>0x36a5</load_address>
         <run_address>0x36a5</run_address>
         <size>0x11b</size>
         <input_file_ref idref="fl-8"/>
      </object_component>
      <object_component id="oc-37">
         <name>.debug_info</name>
         <load_address>0x37c0</load_address>
         <run_address>0x37c0</run_address>
         <size>0x109</size>
         <input_file_ref idref="fl-8"/>
      </object_component>
      <object_component id="oc-df">
         <name>.debug_info</name>
         <load_address>0x38c9</load_address>
         <run_address>0x38c9</run_address>
         <size>0x1a8</size>
         <input_file_ref idref="fl-9"/>
      </object_component>
      <object_component id="oc-15c">
         <name>.debug_info</name>
         <load_address>0x3a71</load_address>
         <run_address>0x3a71</run_address>
         <size>0x10d</size>
         <input_file_ref idref="fl-9"/>
      </object_component>
      <object_component id="oc-dc">
         <name>.debug_info</name>
         <load_address>0x3b7e</load_address>
         <run_address>0x3b7e</run_address>
         <size>0x1ed</size>
         <input_file_ref idref="fl-9"/>
      </object_component>
      <object_component id="oc-e2">
         <name>.debug_info</name>
         <load_address>0x3d6b</load_address>
         <run_address>0x3d6b</run_address>
         <size>0x10d</size>
         <input_file_ref idref="fl-9"/>
      </object_component>
      <object_component id="oc-159">
         <name>.debug_info</name>
         <load_address>0x3e78</load_address>
         <run_address>0x3e78</run_address>
         <size>0x181</size>
         <input_file_ref idref="fl-9"/>
      </object_component>
      <object_component id="oc-d6">
         <name>.debug_info</name>
         <load_address>0x3ff9</load_address>
         <run_address>0x3ff9</run_address>
         <size>0x25f</size>
         <input_file_ref idref="fl-9"/>
      </object_component>
      <object_component id="oc-ca">
         <name>.debug_info</name>
         <load_address>0x4258</load_address>
         <run_address>0x4258</run_address>
         <size>0x22f</size>
         <input_file_ref idref="fl-9"/>
      </object_component>
      <object_component id="oc-c4">
         <name>.debug_info</name>
         <load_address>0x4487</load_address>
         <run_address>0x4487</run_address>
         <size>0x208</size>
         <input_file_ref idref="fl-9"/>
      </object_component>
      <object_component id="oc-d0">
         <name>.debug_info</name>
         <load_address>0x468f</load_address>
         <run_address>0x468f</run_address>
         <size>0x245</size>
         <input_file_ref idref="fl-9"/>
      </object_component>
      <object_component id="oc-49">
         <name>.debug_info</name>
         <load_address>0x48d4</load_address>
         <run_address>0x48d4</run_address>
         <size>0x2c3</size>
         <input_file_ref idref="fl-9"/>
      </object_component>
      <object_component id="oc-26">
         <name>.debug_info</name>
         <load_address>0x4b97</load_address>
         <run_address>0x4b97</run_address>
         <size>0x134</size>
         <input_file_ref idref="fl-131"/>
      </object_component>
      <object_component id="oc-68">
         <name>.debug_info</name>
         <load_address>0x4ccb</load_address>
         <run_address>0x4ccb</run_address>
         <size>0x121</size>
         <input_file_ref idref="fl-132"/>
      </object_component>
      <object_component id="oc-16">
         <name>.debug_info</name>
         <load_address>0x4dec</load_address>
         <run_address>0x4dec</run_address>
         <size>0x1c0</size>
         <input_file_ref idref="fl-132"/>
      </object_component>
      <object_component id="oc-63">
         <name>.debug_info</name>
         <load_address>0x4fac</load_address>
         <run_address>0x4fac</run_address>
         <size>0x46</size>
         <input_file_ref idref="fl-132"/>
      </object_component>
      <object_component id="oc-fd">
         <name>.debug_info</name>
         <load_address>0x4ff2</load_address>
         <run_address>0x4ff2</run_address>
         <size>0x2c</size>
         <input_file_ref idref="fl-132"/>
      </object_component>
      <object_component id="oc-70">
         <name>.debug_info</name>
         <load_address>0x501e</load_address>
         <run_address>0x501e</run_address>
         <size>0x115</size>
         <input_file_ref idref="fl-133"/>
      </object_component>
      <object_component id="oc-6a">
         <name>.debug_info</name>
         <load_address>0x5133</load_address>
         <run_address>0x5133</run_address>
         <size>0x228</size>
         <input_file_ref idref="fl-133"/>
      </object_component>
      <object_component id="oc-19">
         <name>.debug_info</name>
         <load_address>0x535b</load_address>
         <run_address>0x535b</run_address>
         <size>0x192</size>
         <input_file_ref idref="fl-133"/>
      </object_component>
      <object_component id="oc-71">
         <name>.debug_info</name>
         <load_address>0x54ed</load_address>
         <run_address>0x54ed</run_address>
         <size>0x39</size>
         <input_file_ref idref="fl-133"/>
      </object_component>
      <object_component id="oc-107">
         <name>.debug_info</name>
         <load_address>0x5526</load_address>
         <run_address>0x5526</run_address>
         <size>0x2c</size>
         <input_file_ref idref="fl-133"/>
      </object_component>
      <object_component id="oc-81">
         <name>.debug_info</name>
         <load_address>0x5552</load_address>
         <run_address>0x5552</run_address>
         <size>0x110</size>
         <input_file_ref idref="fl-134"/>
      </object_component>
      <object_component id="oc-1f">
         <name>.debug_info</name>
         <load_address>0x5662</load_address>
         <run_address>0x5662</run_address>
         <size>0x18b</size>
         <input_file_ref idref="fl-134"/>
      </object_component>
      <object_component id="oc-7c">
         <name>.debug_info</name>
         <load_address>0x57ed</load_address>
         <run_address>0x57ed</run_address>
         <size>0x46</size>
         <input_file_ref idref="fl-134"/>
      </object_component>
      <object_component id="oc-127">
         <name>.debug_info</name>
         <load_address>0x5833</load_address>
         <run_address>0x5833</run_address>
         <size>0x172</size>
         <input_file_ref idref="fl-135"/>
      </object_component>
      <object_component id="oc-124">
         <name>.debug_info</name>
         <load_address>0x59a5</load_address>
         <run_address>0x59a5</run_address>
         <size>0x117</size>
         <input_file_ref idref="fl-135"/>
      </object_component>
      <object_component id="oc-95">
         <name>.debug_info</name>
         <load_address>0x5abc</load_address>
         <run_address>0x5abc</run_address>
         <size>0x1ee</size>
         <input_file_ref idref="fl-135"/>
      </object_component>
      <object_component id="oc-285">
         <name>.debug_info</name>
         <load_address>0x5caa</load_address>
         <run_address>0x5caa</run_address>
         <size>0x129</size>
         <input_file_ref idref="fl-136"/>
      </object_component>
      <object_component id="oc-280">
         <name>.debug_info</name>
         <load_address>0x5dd3</load_address>
         <run_address>0x5dd3</run_address>
         <size>0x117</size>
         <input_file_ref idref="fl-137"/>
      </object_component>
      <object_component id="oc-36f">
         <name>.debug_info</name>
         <load_address>0x5eea</load_address>
         <run_address>0x5eea</run_address>
         <size>0x117</size>
         <input_file_ref idref="fl-138"/>
      </object_component>
      <object_component id="oc-28a">
         <name>.debug_info</name>
         <load_address>0x6001</load_address>
         <run_address>0x6001</run_address>
         <size>0x116</size>
         <input_file_ref idref="fl-139"/>
      </object_component>
      <object_component id="oc-5e">
         <name>.debug_info</name>
         <load_address>0x6117</load_address>
         <run_address>0x6117</run_address>
         <size>0xf6</size>
         <input_file_ref idref="fl-13a"/>
      </object_component>
      <object_component id="oc-77">
         <name>.debug_info</name>
         <load_address>0x620d</load_address>
         <run_address>0x620d</run_address>
         <size>0x124</size>
         <input_file_ref idref="fl-13b"/>
      </object_component>
      <object_component id="oc-83">
         <name>.debug_info</name>
         <load_address>0x6331</load_address>
         <run_address>0x6331</run_address>
         <size>0x129</size>
         <input_file_ref idref="fl-13c"/>
      </object_component>
      <object_component id="oc-9b">
         <name>.debug_info</name>
         <load_address>0x645a</load_address>
         <run_address>0x645a</run_address>
         <size>0xea</size>
         <input_file_ref idref="fl-13d"/>
      </object_component>
      <object_component id="oc-27b">
         <name>.debug_info</name>
         <load_address>0x6544</load_address>
         <run_address>0x6544</run_address>
         <size>0x10b</size>
         <input_file_ref idref="fl-13f"/>
      </object_component>
      <object_component id="oc-1f8">
         <name>.debug_info</name>
         <load_address>0x664f</load_address>
         <run_address>0x664f</run_address>
         <size>0x105</size>
         <input_file_ref idref="fl-140"/>
      </object_component>
      <object_component id="oc-121">
         <name>.debug_info</name>
         <load_address>0x6754</load_address>
         <run_address>0x6754</run_address>
         <size>0xf4</size>
         <input_file_ref idref="fl-140"/>
      </object_component>
      <object_component id="oc-1f1">
         <name>.debug_info</name>
         <load_address>0x6848</load_address>
         <run_address>0x6848</run_address>
         <size>0x200</size>
         <input_file_ref idref="fl-140"/>
      </object_component>
      <object_component id="oc-11f">
         <name>.debug_info</name>
         <load_address>0x6a48</load_address>
         <run_address>0x6a48</run_address>
         <size>0x147</size>
         <input_file_ref idref="fl-141"/>
      </object_component>
      <object_component id="oc-8f">
         <name>.debug_info</name>
         <load_address>0x6b8f</load_address>
         <run_address>0x6b8f</run_address>
         <size>0x148</size>
         <input_file_ref idref="fl-141"/>
      </object_component>
      <object_component id="oc-1eb">
         <name>.debug_info</name>
         <load_address>0x6cd7</load_address>
         <run_address>0x6cd7</run_address>
         <size>0x5e</size>
         <input_file_ref idref="fl-141"/>
      </object_component>
      <object_component id="oc-117">
         <name>.debug_info</name>
         <load_address>0x6d35</load_address>
         <run_address>0x6d35</run_address>
         <size>0x29e</size>
         <input_file_ref idref="fl-142"/>
      </object_component>
      <object_component id="oc-89">
         <name>.debug_info</name>
         <load_address>0x6fd3</load_address>
         <run_address>0x6fd3</run_address>
         <size>0x158</size>
         <input_file_ref idref="fl-142"/>
      </object_component>
      <object_component id="oc-1c3">
         <name>.debug_info</name>
         <load_address>0x712b</load_address>
         <run_address>0x712b</run_address>
         <size>0x39</size>
         <input_file_ref idref="fl-142"/>
      </object_component>
      <object_component id="oc-1c8">
         <name>.debug_info</name>
         <load_address>0x7164</load_address>
         <run_address>0x7164</run_address>
         <size>0xcd</size>
         <input_file_ref idref="fl-142"/>
      </object_component>
      <object_component id="oc-1c0">
         <name>.debug_info</name>
         <load_address>0x7231</load_address>
         <run_address>0x7231</run_address>
         <size>0x1c1</size>
         <input_file_ref idref="fl-143"/>
      </object_component>
      <object_component id="oc-111">
         <name>.debug_info</name>
         <load_address>0x73f2</load_address>
         <run_address>0x73f2</run_address>
         <size>0x164</size>
         <input_file_ref idref="fl-143"/>
      </object_component>
      <object_component id="oc-26f">
         <name>.debug_info</name>
         <load_address>0x7556</load_address>
         <run_address>0x7556</run_address>
         <size>0x2c</size>
         <input_file_ref idref="fl-143"/>
      </object_component>
      <object_component id="oc-131">
         <name>.debug_info</name>
         <load_address>0x7582</load_address>
         <run_address>0x7582</run_address>
         <size>0x90</size>
         <input_file_ref idref="fl-145"/>
      </object_component>
      <object_component id="oc-12c">
         <name>.debug_info</name>
         <load_address>0x7612</load_address>
         <run_address>0x7612</run_address>
         <size>0x18b</size>
         <input_file_ref idref="fl-145"/>
      </object_component>
      <object_component id="oc-3b7">
         <name>.debug_info</name>
         <load_address>0x779d</load_address>
         <run_address>0x779d</run_address>
         <size>0x226</size>
         <input_file_ref idref="fl-147"/>
      </object_component>
      <object_component id="oc-329">
         <name>.debug_info</name>
         <load_address>0x79c3</load_address>
         <run_address>0x79c3</run_address>
         <size>0xff</size>
         <input_file_ref idref="fl-147"/>
      </object_component>
      <object_component id="oc-275">
         <name>.debug_info</name>
         <load_address>0x7ac2</load_address>
         <run_address>0x7ac2</run_address>
         <size>0x219</size>
         <input_file_ref idref="fl-147"/>
      </object_component>
      <object_component id="oc-3f4">
         <name>.debug_info</name>
         <load_address>0x7cdb</load_address>
         <run_address>0x7cdb</run_address>
         <size>0x5f</size>
         <input_file_ref idref="fl-147"/>
      </object_component>
      <object_component id="oc-31f">
         <name>.debug_info</name>
         <load_address>0x7d3a</load_address>
         <run_address>0x7d3a</run_address>
         <size>0x1ba</size>
         <input_file_ref idref="fl-148"/>
      </object_component>
      <object_component id="oc-31c">
         <name>.debug_info</name>
         <load_address>0x7ef4</load_address>
         <run_address>0x7ef4</run_address>
         <size>0x1c2</size>
         <input_file_ref idref="fl-148"/>
      </object_component>
      <object_component id="oc-20d">
         <name>.debug_info</name>
         <load_address>0x80b6</load_address>
         <run_address>0x80b6</run_address>
         <size>0x1ce</size>
         <input_file_ref idref="fl-148"/>
      </object_component>
      <object_component id="oc-201">
         <name>.debug_info</name>
         <load_address>0x8284</load_address>
         <run_address>0x8284</run_address>
         <size>0x205</size>
         <input_file_ref idref="fl-148"/>
      </object_component>
      <object_component id="oc-213">
         <name>.debug_info</name>
         <load_address>0x8489</load_address>
         <run_address>0x8489</run_address>
         <size>0x1cc</size>
         <input_file_ref idref="fl-148"/>
      </object_component>
      <object_component id="oc-207">
         <name>.debug_info</name>
         <load_address>0x8655</load_address>
         <run_address>0x8655</run_address>
         <size>0x1ce</size>
         <input_file_ref idref="fl-148"/>
      </object_component>
      <object_component id="oc-136">
         <name>.debug_info</name>
         <load_address>0x8823</load_address>
         <run_address>0x8823</run_address>
         <size>0x1d7</size>
         <input_file_ref idref="fl-149"/>
      </object_component>
      <object_component id="oc-337">
         <name>.debug_info</name>
         <load_address>0x89fa</load_address>
         <run_address>0x89fa</run_address>
         <size>0x217</size>
         <input_file_ref idref="fl-149"/>
      </object_component>
      <object_component id="oc-33d">
         <name>.debug_info</name>
         <load_address>0x8c11</load_address>
         <run_address>0x8c11</run_address>
         <size>0x312</size>
         <input_file_ref idref="fl-149"/>
      </object_component>
      <object_component id="oc-2af">
         <name>.debug_info</name>
         <load_address>0x8f23</load_address>
         <run_address>0x8f23</run_address>
         <size>0x1e3</size>
         <input_file_ref idref="fl-149"/>
      </object_component>
      <object_component id="oc-a3">
         <name>.debug_info</name>
         <load_address>0x9106</load_address>
         <run_address>0x9106</run_address>
         <size>0x1e3</size>
         <input_file_ref idref="fl-149"/>
      </object_component>
      <object_component id="oc-2b5">
         <name>.debug_info</name>
         <load_address>0x92e9</load_address>
         <run_address>0x92e9</run_address>
         <size>0x1f3</size>
         <input_file_ref idref="fl-149"/>
      </object_component>
      <object_component id="oc-a9">
         <name>.debug_info</name>
         <load_address>0x94dc</load_address>
         <run_address>0x94dc</run_address>
         <size>0x1f1</size>
         <input_file_ref idref="fl-149"/>
      </object_component>
      <object_component id="oc-14a">
         <name>.debug_info</name>
         <load_address>0x96cd</load_address>
         <run_address>0x96cd</run_address>
         <size>0x348</size>
         <input_file_ref idref="fl-14b"/>
      </object_component>
      <object_component id="oc-365">
         <name>.debug_info</name>
         <load_address>0x9a15</load_address>
         <run_address>0x9a15</run_address>
         <size>0x14e</size>
         <input_file_ref idref="fl-14b"/>
      </object_component>
      <object_component id="oc-2cd">
         <name>.debug_info</name>
         <load_address>0x9b63</load_address>
         <run_address>0x9b63</run_address>
         <size>0x29d</size>
         <input_file_ref idref="fl-14b"/>
      </object_component>
      <object_component id="oc-2c1">
         <name>.debug_info</name>
         <load_address>0x9e00</load_address>
         <run_address>0x9e00</run_address>
         <size>0x298</size>
         <input_file_ref idref="fl-14b"/>
      </object_component>
      <object_component id="oc-af">
         <name>.debug_info</name>
         <load_address>0xa098</load_address>
         <run_address>0xa098</run_address>
         <size>0x254</size>
         <input_file_ref idref="fl-14b"/>
      </object_component>
      <object_component id="oc-2ea">
         <name>.debug_info</name>
         <load_address>0xa2ec</load_address>
         <run_address>0xa2ec</run_address>
         <size>0x338</size>
         <input_file_ref idref="fl-14b"/>
      </object_component>
      <object_component id="oc-2e4">
         <name>.debug_info</name>
         <load_address>0xa624</load_address>
         <run_address>0xa624</run_address>
         <size>0x268</size>
         <input_file_ref idref="fl-14b"/>
      </object_component>
      <object_component id="oc-2de">
         <name>.debug_info</name>
         <load_address>0xa88c</load_address>
         <run_address>0xa88c</run_address>
         <size>0x276</size>
         <input_file_ref idref="fl-14b"/>
      </object_component>
      <object_component id="oc-13f">
         <name>.debug_info</name>
         <load_address>0xab02</load_address>
         <run_address>0xab02</run_address>
         <size>0x224</size>
         <input_file_ref idref="fl-14b"/>
      </object_component>
      <object_component id="oc-221">
         <name>.debug_info</name>
         <load_address>0xad26</load_address>
         <run_address>0xad26</run_address>
         <size>0x4e6</size>
         <input_file_ref idref="fl-14b"/>
      </object_component>
      <object_component id="oc-226">
         <name>.debug_info</name>
         <load_address>0xb20c</load_address>
         <run_address>0xb20c</run_address>
         <size>0x108</size>
         <input_file_ref idref="fl-14b"/>
      </object_component>
      <object_component id="oc-22b">
         <name>.debug_info</name>
         <load_address>0xb314</load_address>
         <run_address>0xb314</run_address>
         <size>0x16c</size>
         <input_file_ref idref="fl-14b"/>
      </object_component>
      <object_component id="oc-21a">
         <name>.debug_info</name>
         <load_address>0xb480</load_address>
         <run_address>0xb480</run_address>
         <size>0x89</size>
         <input_file_ref idref="fl-14b"/>
      </object_component>
      <object_component id="oc-145">
         <name>.debug_info</name>
         <load_address>0xb509</load_address>
         <run_address>0xb509</run_address>
         <size>0x18b</size>
         <input_file_ref idref="fl-14b"/>
      </object_component>
      <object_component id="oc-1b7">
         <name>.debug_info</name>
         <load_address>0xb694</load_address>
         <run_address>0xb694</run_address>
         <size>0x3f7</size>
         <input_file_ref idref="fl-14c"/>
      </object_component>
      <object_component id="oc-139">
         <name>.debug_info</name>
         <load_address>0xba8b</load_address>
         <run_address>0xba8b</run_address>
         <size>0x3e8</size>
         <input_file_ref idref="fl-14c"/>
      </object_component>
      <object_component id="oc-3fb">
         <name>.debug_info</name>
         <load_address>0xbe73</load_address>
         <run_address>0xbe73</run_address>
         <size>0x206</size>
         <input_file_ref idref="fl-14c"/>
      </object_component>
      <object_component id="oc-3c4">
         <name>.debug_info</name>
         <load_address>0xc079</load_address>
         <run_address>0xc079</run_address>
         <size>0x22a</size>
         <input_file_ref idref="fl-14c"/>
      </object_component>
      <object_component id="oc-35a">
         <name>.debug_info</name>
         <load_address>0xc2a3</load_address>
         <run_address>0xc2a3</run_address>
         <size>0x2ec</size>
         <input_file_ref idref="fl-14c"/>
      </object_component>
      <object_component id="oc-175">
         <name>.debug_info</name>
         <load_address>0xc58f</load_address>
         <run_address>0xc58f</run_address>
         <size>0x273</size>
         <input_file_ref idref="fl-14c"/>
      </object_component>
[...]
         <value>0x14bb</value>
         <object_component_ref idref="oc-352"/>
      </symbol>
      <symbol id="sm-c4">
         <name>g_sMPU9150Inst</name>
         <value>0x200005a4</value>
         <object_component_ref idref="oc-b4"/>
      </symbol>
      <symbol id="sm-c5">
         <name>MPU9150AppI2CWait</name>
         <value>0x29b5</value>
         <object_component_ref idref="oc-2c6"/>
      </symbol>
      <symbol id="sm-c6">
         <name>CompDCM</name>
         <value>0xce5</value>
         <object_component_ref idref="oc-1df"/>
      </symbol>
      <symbol id="sm-c7">
         <name>IntGPIOb</name>
         <value>0x27d9</value>
         <object_component_ref idref="oc-42"/>
      </symbol>
      <symbol id="sm-c8">
         <name>g_sCompDCMInst</name>
         <value>0x20000610</value>
         <object_component_ref idref="oc-2d8"/>
      </symbol>
      <symbol id="sm-c9">
         <name>MPU9150Config</name>
         <value>0x881</value>
         <object_component_ref idref="oc-1d3"/>
      </symbol>
      <symbol id="sm-ca">
         <name>MPU9150I2CIntHandler</name>
         <value>0x2b9d</value>
         <object_component_ref idref="oc-54"/>
      </symbol>
      <symbol id="sm-eb">
         <name>SysTimerConfig</name>
         <value>0x236d</value>
         <object_component_ref idref="oc-1d9"/>
      </symbol>
      <symbol id="sm-ec">
         <name>IntWakeUp</name>
         <value>0x2a8d</value>
         <object_component_ref idref="oc-4e"/>
      </symbol>
      <symbol id="sm-ed">
         <name>g_pfData</name>
         <value>0x20000668</value>
         <object_component_ref idref="oc-1e5"/>
      </symbol>
      <symbol id="sm-143">
         <name>ui32Load</name>
         <value>0x200006b4</value>
      </symbol>
      <symbol id="sm-144">
         <name>ui32Load_Low_Bound</name>
         <value>0x200006bc</value>
      </symbol>
      <symbol id="sm-145">
         <name>ui32Load_High_Bound</name>
         <value>0x200006b8</value>
      </symbol>
      <symbol id="sm-146">
         <name>ui32Load_Range</name>
         <value>0x200006c0</value>
      </symbol>
      <symbol id="sm-147">
         <name>ui32PWMClock</name>
         <value>0x200006c4</value>
      </symbol>
      <symbol id="sm-148">
         <name>M0PWM2_Config</name>
         <value>0x1be5</value>
         <object_component_ref idref="oc-29a"/>
      </symbol>
      <symbol id="sm-149">
         <name>M0PWM3_Config</name>
         <value>0x1849</value>
         <object_component_ref idref="oc-2a0"/>
      </symbol>
      <symbol id="sm-14a">
         <name>M0PWM0_Config</name>
         <value>0x1abd</value>
         <object_component_ref idref="oc-28e"/>
      </symbol>
      <symbol id="sm-14b">
         <name>M0PWM1_Config</name>
         <value>0x1b51</value>
         <object_component_ref idref="oc-294"/>
      </symbol>
      <symbol id="sm-14c">
         <name>ESCConfig</name>
         <value>0x14bd</value>
         <object_component_ref idref="oc-1cd"/>
      </symbol>
      <symbol id="sm-15b">
         <name>main</name>
         <value>0x28a5</value>
         <object_component_ref idref="oc-118"/>
      </symbol>
      <symbol id="sm-18d">
         <name>ResetISR</name>
         <value>0x2bdd</value>
         <object_component_ref idref="oc-2a"/>
      </symbol>
      <symbol id="sm-18e">
         <name>g_pfnVectors</name>
         <value>0x0</value>
         <object_component_ref idref="oc-f"/>
      </symbol>
      <symbol id="sm-219">
         <name>UARTStdioIntHandler</name>
         <value>0xb85</value>
         <object_component_ref idref="oc-48"/>
      </symbol>
      <symbol id="sm-21a">
         <name>UARTwrite</name>
         <value>0x1655</value>
         <object_component_ref idref="oc-cf"/>
      </symbol>
      <symbol id="sm-22c">
         <name>_c_int00</name>
         <value>0x22cd</value>
         <object_component_ref idref="oc-24"/>
      </symbol>
      <symbol id="sm-22d">
         <name>__stack</name>
         <value>0x200006cc</value>
         <object_component_ref idref="oc-29"/>
      </symbol>
      <symbol id="sm-244">
         <name>__TI_decompress_none</name>
         <value>0x2b75</value>
         <object_component_ref idref="oc-12"/>
      </symbol>
      <symbol id="sm-26c">
         <name>__TI_decompress_rle24</name>
         <value>0x2be3</value>
         <object_component_ref idref="oc-18"/>
      </symbol>
      <symbol id="sm-27e">
         <name>__TI_zero_init</name>
         <value>0x2ba9</value>
         <object_component_ref idref="oc-1e"/>
      </symbol>
      <symbol id="sm-29d">
         <name>C$$EXIT</name>
         <value>0x25ad</value>
         <object_component_ref idref="oc-94"/>
      </symbol>
      <symbol id="sm-29e">
         <name>abort</name>
         <value>0x25b1</value>
         <object_component_ref idref="oc-94"/>
      </symbol>
      <symbol id="sm-29f">
         <name>exit</name>
         <value>0x25b9</value>
         <object_component_ref idref="oc-94"/>
      </symbol>
      <symbol id="sm-2a0">
         <name>__TI_dtors_ptr</name>
         <value>0x20000c0c</value>
         <object_component_ref idref="oc-123"/>
      </symbol>
      <symbol id="sm-2a1">
         <name>__TI_cleanup_ptr</name>
         <value>0x20000c08</value>
         <object_component_ref idref="oc-123"/>
      </symbol>
      <symbol id="sm-2c5">
         <name>__aeabi_dsub</name>
         <value>0x6c9</value>
         <object_component_ref idref="oc-284"/>
      </symbol>
      <symbol id="sm-2c6">
         <name>__aeabi_dadd</name>
         <value>0x6d3</value>
         <object_component_ref idref="oc-284"/>
      </symbol>
      <symbol id="sm-2e6">
         <name>__aeabi_ddiv</name>
         <value>0xe35</value>
         <object_component_ref idref="oc-27f"/>
      </symbol>
      <symbol id="sm-2fd">
         <name>__aeabi_dmul</name>
         <value>0x12cd</value>
         <object_component_ref idref="oc-36e"/>
      </symbol>
      <symbol id="sm-30a">
         <name>__aeabi_d2uiz</name>
         <value>0x25f1</value>
         <object_component_ref idref="oc-289"/>
      </symbol>
      <symbol id="sm-325">
         <name>memcpy</name>
         <value>0x1989</value>
         <object_component_ref idref="oc-5d"/>
      </symbol>
      <symbol id="sm-326">
         <name>__aeabi_memcpy</name>
         <value>0x1989</value>
         <object_component_ref idref="oc-5d"/>
      </symbol>
      <symbol id="sm-327">
         <name>__aeabi_memcpy8</name>
         <value>0x1989</value>
         <object_component_ref idref="oc-5d"/>
      </symbol>
      <symbol id="sm-328">
         <name>__aeabi_memcpy4</name>
         <value>0x1989</value>
         <object_component_ref idref="oc-5d"/>
      </symbol>
      <symbol id="sm-337">
         <name>__aeabi_memset</name>
         <value>0x1d8b</value>
         <object_component_ref idref="oc-76"/>
      </symbol>
      <symbol id="sm-338">
         <name>memset</name>
         <value>0x1d91</value>
         <object_component_ref idref="oc-76"/>
      </symbol>
      <symbol id="sm-339">
         <name>__aeabi_memset8</name>
         <value>0x1d8b</value>
         <object_component_ref idref="oc-76"/>
      </symbol>
      <symbol id="sm-33a">
         <name>__aeabi_memset4</name>
         <value>0x1d8b</value>
         <object_component_ref idref="oc-76"/>
      </symbol>
      <symbol id="sm-33b">
         <name>__aeabi_memclr8</name>
         <value>0x1d89</value>
         <object_component_ref idref="oc-76"/>
      </symbol>
      <symbol id="sm-33c">
         <name>__aeabi_memclr4</name>
         <value>0x1d89</value>
         <object_component_ref idref="oc-76"/>
      </symbol>
      <symbol id="sm-33d">
         <name>__aeabi_memclr</name>
         <value>0x1d89</value>
         <object_component_ref idref="oc-76"/>
      </symbol>
      <symbol id="sm-347">
         <name>_system_pre_init</name>
         <value>0x2bf5</value>
         <object_component_ref idref="oc-82"/>
      </symbol>
      <symbol id="sm-34f">
         <name>main_func_sp</name>
         <value>0x20000c1c</value>
         <object_component_ref idref="oc-9a"/>
      </symbol>
      <symbol id="sm-35f">
         <name>__aeabi_ui2d</name>
         <value>0x2a6d</value>
         <object_component_ref idref="oc-27a"/>
      </symbol>
      <symbol id="sm-378">
         <name>_nop</name>
         <value>0x2b17</value>
         <object_component_ref idref="oc-1f0"/>
      </symbol>
      <symbol id="sm-379">
         <name>_lock</name>
         <value>0x20000c00</value>
         <object_component_ref idref="oc-120"/>
      </symbol>
      <symbol id="sm-37a">
         <name>_unlock</name>
         <value>0x20000c04</value>
         <object_component_ref idref="oc-120"/>
      </symbol>
      <symbol id="sm-37b">
         <name>_register_lock</name>
         <value>0x2b0f</value>
         <object_component_ref idref="oc-1f0"/>
      </symbol>
      <symbol id="sm-37c">
         <name>_register_unlock</name>
         <value>0x2b09</value>
         <object_component_ref idref="oc-1f0"/>
      </symbol>
      <symbol id="sm-391">
         <name>_args_main</name>
         <value>0x2af1</value>
         <object_component_ref idref="oc-8e"/>
      </symbol>
      <symbol id="sm-3b7">
         <name>__TI_auto_init</name>
         <value>0x1f61</value>
         <object_component_ref idref="oc-88"/>
      </symbol>
      <symbol id="sm-3d1">
         <name>copy_in</name>
         <value>0x23b9</value>
         <object_component_ref idref="oc-110"/>
      </symbol>
      <symbol id="sm-40f">
         <name>SysCtlClockGet</name>
         <value>0x109d</value>
         <object_component_ref idref="oc-274"/>
      </symbol>
      <symbol id="sm-462">
         <name>IntIsEnabled</name>
         <value>0x2039</value>
         <object_component_ref idref="oc-200"/>
      </symbol>
      <symbol id="sm-463">
         <name>IntEnable</name>
         <value>0x20fd</value>
         <object_component_ref idref="oc-212"/>
      </symbol>
      <symbol id="sm-464">
         <name>IntTrigger</name>
         <value>0x2b91</value>
         <object_component_ref idref="oc-20c"/>
      </symbol>
      <symbol id="sm-465">
         <name>IntDisable</name>
         <value>0x209d</value>
         <object_component_ref idref="oc-206"/>
      </symbol>
      <symbol id="sm-4a2">
         <name>GPIOPinTypeI2CSCL</name>
         <value>0x2b1d</value>
         <object_component_ref idref="oc-2ae"/>
      </symbol>
      <symbol id="sm-4a3">
         <name>GPIOIntEnable</name>
         <value>0x2b83</value>
         <object_component_ref idref="oc-2b4"/>
      </symbol>
      <symbol id="sm-4a4">
         <name>GPIOIntClear</name>
         <value>0x2bd7</value>
         <object_component_ref idref="oc-a8"/>
      </symbol>
      <symbol id="sm-4a5">
         <name>GPIOIntStatus</name>
         <value>0x2b59</value>
         <object_component_ref idref="oc-a2"/>
      </symbol>
      <symbol id="sm-4a6">
         <name>GPIODirModeSet</name>
         <value>0x295f</value>
         <object_component_ref idref="oc-336"/>
      </symbol>
      <symbol id="sm-4a7">
         <name>GPIOPadConfigSet</name>
         <value>0xf6b</value>
         <object_component_ref idref="oc-33c"/>
      </symbol>
      <symbol id="sm-53d">
         <name>MPU9150DataMagnetoGetFloat</name>
         <value>0x17a5</value>
         <object_component_ref idref="oc-2e9"/>
      </symbol>
      <symbol id="sm-53e">
         <name>MPU9150Write</name>
         <value>0x18e9</value>
         <object_component_ref idref="oc-2cc"/>
      </symbol>
      <symbol id="sm-53f">
         <name>MPU9150Init</name>
         <value>0x1ef5</value>
         <object_component_ref idref="oc-2c0"/>
      </symbol>
      <symbol id="sm-540">
         <name>MPU9150DataAccelGetFloat</name>
         <value>0x1e05</value>
         <object_component_ref idref="oc-2dd"/>
      </symbol>
      <symbol id="sm-541">
         <name>MPU9150DataRead</name>
         <value>0x215d</value>
         <object_component_ref idref="oc-ae"/>
      </symbol>
      <symbol id="sm-542">
         <name>MPU9150DataGyroGetFloat</name>
         <value>0x1e7d</value>
         <object_component_ref idref="oc-2e3"/>
      </symbol>
      <symbol id="sm-62f">
         <name>I2CMWrite8</name>
         <value>0x221d</value>
         <object_component_ref idref="oc-359"/>
      </symbol>
      <symbol id="sm-630">
         <name>I2CMCommand</name>
         <value>0x1d05</value>
         <object_component_ref idref="oc-138"/>
      </symbol>
      <symbol id="sm-631">
         <name>I2CMInit</name>
         <value>0x27a5</value>
         <object_component_ref idref="oc-2ba"/>
      </symbol>
      <symbol id="sm-632">
         <name>I2CMTransferResume</name>
         <value>0x2873</value>
         <object_component_ref idref="oc-3fa"/>
      </symbol>
      <symbol id="sm-633">
         <name>I2CMIntHandler</name>
         <value>0x13c9</value>
         <object_component_ref idref="oc-eb"/>
      </symbol>
      <symbol id="sm-688">
         <name>CompDCMMagnetoUpdate</name>
         <value>0x2b4b</value>
         <object_component_ref idref="oc-2ef"/>
      </symbol>
      <symbol id="sm-689">
         <name>CompDCMComputeEulers</name>
         <value>0x2635</value>
         <object_component_ref idref="oc-307"/>
      </symbol>
      <symbol id="sm-68a">
         <name>CompDCMComputeQuaternion</name>
         <value>0x501</value>
         <object_component_ref idref="oc-30d"/>
      </symbol>
      <symbol id="sm-68b">
         <name>CompDCMGyroUpdate</name>
         <value>0x2b3d</value>
         <object_component_ref idref="oc-2fb"/>
      </symbol>
      <symbol id="sm-68c">
         <name>CompDCMUpdate</name>
         <value>0x26d</value>
         <object_component_ref idref="oc-301"/>
      </symbol>
      <symbol id="sm-68d">
         <name>CompDCMAccelUpdate</name>
         <value>0x2b2f</value>
         <object_component_ref idref="oc-2f5"/>
      </symbol>
      <symbol id="sm-68e">
         <name>CompDCMInit</name>
         <value>0x2525</value>
         <object_component_ref idref="oc-2d2"/>
      </symbol>
      <symbol id="sm-6b3">
         <name>VectorDotProduct</name>
         <value>0x29dd</value>
         <object_component_ref idref="oc-382"/>
      </symbol>
      <symbol id="sm-6b4">
         <name>VectorScale</name>
         <value>0x2a03</value>
         <object_component_ref idref="oc-38e"/>
      </symbol>
      <symbol id="sm-6b5">
         <name>VectorAdd</name>
         <value>0x2841</value>
         <object_component_ref idref="oc-394"/>
      </symbol>
      <symbol id="sm-6b6">
         <name>VectorCrossProduct</name>
         <value>0x2275</value>
         <object_component_ref idref="oc-37c"/>
      </symbol>
      <symbol id="sm-6d2">
         <name>asinf</name>
         <value>0x15a1</value>
         <object_component_ref idref="oc-3a7"/>
      </symbol>
      <symbol id="sm-6ed">
         <name>atan2f</name>
         <value>0x11b5</value>
         <object_component_ref idref="oc-3a1"/>
      </symbol>
      <symbol id="sm-6fa">
         <name>__aeabi_d2f</name>
         <value>0x2495</value>
         <object_component_ref idref="oc-373"/>
      </symbol>
      <symbol id="sm-708">
         <name>__aeabi_f2d</name>
         <value>0x276d</value>
         <object_component_ref idref="oc-369"/>
      </symbol>
      <symbol id="sm-718">
         <name>sqrtf</name>
         <value>0x2a29</value>
         <object_component_ref idref="oc-388"/>
      </symbol>
      <symbol id="sm-73d">
         <name>_FAtan</name>
         <value>0x16fd</value>
         <object_component_ref idref="oc-3e5"/>
      </symbol>
      <symbol id="sm-74b">
         <name>_FDclass</name>
         <value>0x2933</value>
         <object_component_ref idref="oc-39a"/>
      </symbol>
      <symbol id="sm-75a">
         <name>_Feraise</name>
         <value>0x28d5</value>
         <object_component_ref idref="oc-3d9"/>
      </symbol>
      <symbol id="sm-769">
         <name>_FZero</name>
         <value>0x20000be4</value>
         <object_component_ref idref="oc-3ed"/>
      </symbol>
      <symbol id="sm-76a">
         <name>_FRteps</name>
         <value>0x20000bd0</value>
         <object_component_ref idref="oc-3ed"/>
      </symbol>
      <symbol id="sm-76b">
         <name>_FSnan</name>
         <value>0x20000bc0</value>
         <object_component_ref idref="oc-3ed"/>
      </symbol>
      <symbol id="sm-76c">
         <name>_FNan</name>
         <value>0x20000bb0</value>
         <object_component_ref idref="oc-3ed"/>
      </symbol>
      <symbol id="sm-76d">
         <name>_FInf</name>
         <value>0x20000ba0</value>
         <object_component_ref idref="oc-3ed"/>
      </symbol>
      <symbol id="sm-76e">
         <name>_FEps</name>
         <value>0x20000b90</value>
         <object_component_ref idref="oc-3ed"/>
      </symbol>
      <symbol id="sm-76f">
         <name>_FXbig</name>
         <value>0x20000be0</value>
         <object_component_ref idref="oc-3ed"/>
      </symbol>
      <symbol id="sm-770">
         <name>_FDenorm</name>
         <value>0x20000b80</value>
         <object_component_ref idref="oc-3ed"/>
      </symbol>
      <symbol id="sm-778">
         <name>_Errno</name>
         <value>0x20000c18</value>
         <object_component_ref idref="oc-409"/>
      </symbol>
      <symbol id="sm-796">
         <name>feraiseexcept</name>
         <value>0x280d</value>
         <object_component_ref idref="oc-403"/>
      </symbol>
      <symbol id="sm-797">
         <name>_Tls_setup__Fenv</name>
         <value>0x20000c14</value>
         <object_component_ref idref="oc-427"/>
      </symbol>
      <symbol id="sm-798">
         <name>_Fenv</name>
         <value>0x20000c10</value>
         <object_component_ref idref="oc-427"/>
      </symbol>
      <symbol id="sm-7ac">
         <name>raise</name>
         <value>0x2905</value>
         <object_component_ref idref="oc-421"/>
      </symbol>
      <symbol id="sm-7c6">
         <name>signal</name>
         <value>0x2679</value>
         <object_component_ref idref="oc-431"/>
      </symbol>
      <symbol id="sm-80f">
         <name>I2CMasterDataPut</name>
         <value>0x2bf1</value>
         <object_component_ref idref="oc-257"/>
      </symbol>
      <symbol id="sm-810">
         <name>I2CMasterInitExpClk</name>
         <value>0x244d</value>
         <object_component_ref idref="oc-344"/>
      </symbol>
      <symbol id="sm-811">
         <name>I2CMasterSlaveAddrSet</name>
         <value>0x2bcf</value>
         <object_component_ref idref="oc-24f"/>
      </symbol>
      <symbol id="sm-812">
         <name>I2CMasterDataGet</name>
         <value>0x2bed</value>
         <object_component_ref idref="oc-245"/>
      </symbol>
      <symbol id="sm-813">
         <name>I2CMasterIntEnableEx</name>
         <value>0x2bc7</value>
         <object_component_ref idref="oc-34a"/>
      </symbol>
      <symbol id="sm-814">
         <name>I2CMasterControl</name>
         <value>0x2be9</value>
         <object_component_ref idref="oc-16e"/>
      </symbol>
      <symbol id="sm-815">
         <name>I2CMasterEnable</name>
         <value>0x2bb5</value>
         <object_component_ref idref="oc-3ba"/>
      </symbol>
      <symbol id="sm-816">
         <name>I2CMasterIntClear</name>
         <value>0x2bbf</value>
         <object_component_ref idref="oc-168"/>
      </symbol>
      <symbol id="sm-817">
         <name>__TI_static_base__</name>
         <value>0x0</value>
      </symbol>
      <symbol id="sm-81a">
         <name>SHT$$INIT_ARRAY$$Limit</name>
         <value>0x0</value>
      </symbol>
      <symbol id="sm-81b">
         <name>SHT$$INIT_ARRAY$$Base</name>
         <value>0x0</value>
      </symbol>
   </symbol_table>
   <title>Link successful</title>
</link_info>
