<?xml version="1.0"?>
<link_info>
   <banner>TI ARM Linker Unix v5.2.5</banner>
   <copyright>Copyright (c) 1996-2015 Texas Instruments Incorporated</copyright>
   <link_time>0x56874d3f</link_time>
   <link_errors>0x0</link_errors>
   <output_file>tm4c_quadcopter.out</output_file>
   <entry_point>
      <name>_c_int00</name>
      <address>0x25d5</address>
   </entry_point>
   <input_file_list>
      <input_file id="fl-2">
         <path>./</path>
         <kind>object</kind>
         <file>ble_mini.obj</file>
         <name>ble_mini.obj</name>
      </input_file>
      <input_file id="fl-3">
         <path>./</path>
         <kind>object</kind>
         <file>compdcm_mpu9150.obj</file>
         <name>compdcm_mpu9150.obj</name>
      </input_file>
      <input_file id="fl-4">
         <path>./</path>
         <kind>object</kind>
         <file>control.obj</file>
         <name>control.obj</name>
      </input_file>
      <input_file id="fl-5">
         <path>./</path>
         <kind>object</kind>
         <file>esc.obj</file>
         <name>esc.obj</name>
      </input_file>
      <input_file id="fl-6">
         <path>./</path>
         <kind>object</kind>
         <file>main.obj</file>
         <name>main.obj</name>
      </input_file>
      <input_file id="fl-7">
         <path>./</path>
         <kind>object</kind>
         <file>pid.obj</file>
         <name>pid.obj</name>
      </input_file>
      <input_file id="fl-8">
         <path>./</path>
         <kind>object</kind>
         <file>startup_ccs.obj</file>
         <name>startup_ccs.obj</name>
      </input_file>
      <input_file id="fl-9">
         <path>./utils/</path>
         <kind>object</kind>
         <file>uartstdio.obj</file>
         <name>uartstdio.obj</name>
      </input_file>
      <input_file id="fl-131">
         <path>/Applications/ti/ccsv6/tools/compiler/ti-cgt-arm_5.2.5/lib/</path>
         <kind>archive</kind>
         <file>rtsv7M4_T_le_v4SPD16_eabi.lib</file>
         <name>boot.obj</name>
      </input_file>
      <input_file id="fl-132">
         <path>/Applications/ti/ccsv6/tools/compiler/ti-cgt-arm_5.2.5/lib/</path>
         <kind>archive</kind>
         <file>rtsv7M4_T_le_v4SPD16_eabi.lib</file>
         <name>copy_decompress_none.obj</name>
      </input_file>
      <input_file id="fl-133">
         <path>/Applications/ti/ccsv6/tools/compiler/ti-cgt-arm_5.2.5/lib/</path>
         <kind>archive</kind>
         <file>rtsv7M4_T_le_v4SPD16_eabi.lib</file>
         <name>copy_decompress_rle.obj</name>
      </input_file>
      <input_file id="fl-134">
         <path>/Applications/ti/ccsv6/tools/compiler/ti-cgt-arm_5.2.5/lib/</path>
         <kind>archive</kind>
         <file>rtsv7M4_T_le_v4SPD16_eabi.lib</file>
         <name>copy_zero_init.obj</name>
      </input_file>
      <input_file id="fl-135">
         <path>/Applications/ti/ccsv6/tools/compiler/ti-cgt-arm_5.2.5/lib/</path>
         <kind>archive</kind>
         <file>rtsv7M4_T_le_v4SPD16_eabi.lib</file>
         <name>exit.obj</name>
      </input_file>
      <input_file id="fl-136">
         <path>/Applications/ti/ccsv6/tools/compiler/ti-cgt-arm_5.2.5/lib/</path>
         <kind>archive</kind>
         <file>rtsv7M4_T_le_v4SPD16_eabi.lib</file>
         <name>fd_add_t2.obj</name>
      </input_file>
      <input_file id="fl-137">
         <path>/Applications/ti/ccsv6/tools/compiler/ti-cgt-arm_5.2.5/lib/</path>
         <kind>archive</kind>
         <file>rtsv7M4_T_le_v4SPD16_eabi.lib</file>
         <name>fd_div_t2.obj</name>
      </input_file>
      <input_file id="fl-138">
         <path>/Applications/ti/ccsv6/tools/compiler/ti-cgt-arm_5.2.5/lib/</path>
         <kind>archive</kind>
         <file>rtsv7M4_T_le_v4SPD16_eabi.lib</file>
         <name>fd_mul_t2.obj</name>
      </input_file>
      <input_file id="fl-139">
         <path>/Applications/ti/ccsv6/tools/compiler/ti-cgt-arm_5.2.5/lib/</path>
         <kind>archive</kind>
         <file>rtsv7M4_T_le_v4SPD16_eabi.lib</file>
         <name>fd_tou_t2.obj</name>
      </input_file>
      <input_file id="fl-13a">
         <path>/Applications/ti/ccsv6/tools/compiler/ti-cgt-arm_5.2.5/lib/</path>
         <kind>archive</kind>
         <file>rtsv7M4_T_le_v4SPD16_eabi.lib</file>
         <name>memcpy_t2.obj</name>
      </input_file>
      <input_file id="fl-13b">
         <path>/Applications/ti/ccsv6/tools/compiler/ti-cgt-arm_5.2.5/lib/</path>
         <kind>archive</kind>
         <file>rtsv7M4_T_le_v4SPD16_eabi.lib</file>
         <name>memset_t2.obj</name>
      </input_file>
      <input_file id="fl-13c">
         <path>/Applications/ti/ccsv6/tools/compiler/ti-cgt-arm_5.2.5/lib/</path>
         <kind>archive</kind>
         <file>rtsv7M4_T_le_v4SPD16_eabi.lib</file>
         <name>pre_init.obj</name>
      </input_file>
      <input_file id="fl-13d">
         <path>/Applications/ti/ccsv6/tools/compiler/ti-cgt-arm_5.2.5/lib/</path>
         <kind>archive</kind>
         <file>rtsv7M4_T_le_v4SPD16_eabi.lib</file>
         <name>stkdepth_vars.obj</name>
      </input_file>
      <input_file id="fl-13e">
         <path>/Applications/ti/ccsv6/tools/compiler/ti-cgt-arm_5.2.5/lib/</path>
         <kind>archive</kind>
         <file>rtsv7M4_T_le_v4SPD16_eabi.lib</file>
         <name>u_divt2.obj</name>
      </input_file>
      <input_file id="fl-13f">
         <path>/Applications/ti/ccsv6/tools/compiler/ti-cgt-arm_5.2.5/lib/</path>
         <kind>archive</kind>
         <file>rtsv7M4_T_le_v4SPD16_eabi.lib</file>
         <name>u_tofd_t2.obj</name>
      </input_file>
      <input_file id="fl-140">
         <path>/Applications/ti/ccsv6/tools/compiler/ti-cgt-arm_5.2.5/lib/</path>
         <kind>archive</kind>
         <file>rtsv7M4_T_le_v4SPD16_eabi.lib</file>
         <name>_lock.obj</name>
      </input_file>
      <input_file id="fl-141">
         <path>/Applications/ti/ccsv6/tools/compiler/ti-cgt-arm_5.2.5/lib/</path>
         <kind>archive</kind>
         <file>rtsv7M4_T_le_v4SPD16_eabi.lib</file>
         <name>args_main.obj</name>
      </input_file>
      <input_file id="fl-142">
         <path>/Applications/ti/ccsv6/tools/compiler/ti-cgt-arm_5.2.5/lib/</path>
         <kind>archive</kind>
         <file>rtsv7M4_T_le_v4SPD16_eabi.lib</file>
         <name>autoinit.obj</name>
      </input_file>
      <input_file id="fl-143">
         <path>/Applications/ti/ccsv6/tools/compiler/ti-cgt-arm_5.2.5/lib/</path>
         <kind>archive</kind>
         <file>rtsv7M4_T_le_v4SPD16_eabi.lib</file>
         <name>cpy_tbl.obj</name>
      </input_file>
      <input_file id="fl-144">
         <path>/Applications/ti/ccsv6/tools/compiler/ti-cgt-arm_5.2.5/lib/</path>
         <kind>archive</kind>
         <file>rtsv7M4_T_le_v4SPD16_eabi.lib</file>
         <name>i_div0.obj</name>
      </input_file>
      <input_file id="fl-145">
         <path>/Users/billwang/Documents/TIVAWARE/driverlib/ccs/Debug/</path>
         <kind>archive</kind>
         <file>driverlib.lib</file>
         <name>uart.obj</name>
      </input_file>
      <input_file id="fl-146">
         <path>/Users/billwang/Documents/TIVAWARE/driverlib/ccs/Debug/</path>
         <kind>archive</kind>
         <file>driverlib.lib</file>
         <name>timer.obj</name>
      </input_file>
      <input_file id="fl-147">
         <path>/Users/billwang/Documents/TIVAWARE/driverlib/ccs/Debug/</path>
         <kind>archive</kind>
         <file>driverlib.lib</file>
         <name>sysctl.obj</name>
      </input_file>
      <input_file id="fl-148">
         <path>/Users/billwang/Documents/TIVAWARE/driverlib/ccs/Debug/</path>
         <kind>archive</kind>
         <file>driverlib.lib</file>
         <name>interrupt.obj</name>
      </input_file>
      <input_file id="fl-149">
         <path>/Users/billwang/Documents/TIVAWARE/driverlib/ccs/Debug/</path>
         <kind>archive</kind>
         <file>driverlib.lib</file>
         <name>gpio.obj</name>
      </input_file>
      <input_file id="fl-14a">
         <path>/Users/billwang/Documents/TIVAWARE/driverlib/ccs/Debug/</path>
         <kind>archive</kind>
         <file>driverlib.lib</file>
         <name>cpu.obj</name>
      </input_file>
      <input_file id="fl-14b">
         <path>/Users/billwang/Documents/TIVAWARE/sensorlib/ccs/Debug/</path>
         <kind>archive</kind>
         <file>sensorlib.lib</file>
         <name>mpu9150.obj</name>
      </input_file>
      <input_file id="fl-14c">
         <path>/Users/billwang/Documents/TIVAWARE/sensorlib/ccs/Debug/</path>
         <kind>archive</kind>
         <file>sensorlib.lib</file>
         <name>i2cm_drv.obj</name>
      </input_file>
      <input_file id="fl-14d">
         <path>/Users/billwang/Documents/TIVAWARE/sensorlib/ccs/Debug/</path>
         <kind>archive</kind>
         <file>sensorlib.lib</file>
         <name>comp_dcm.obj</name>
      </input_file>
      <input_file id="fl-14e">
         <path>/Users/billwang/Documents/TIVAWARE/sensorlib/ccs/Debug/</path>
         <kind>archive</kind>
         <file>sensorlib.lib</file>
         <name>vector.obj</name>
      </input_file>
      <input_file id="fl-14f">
         <path>/Applications/ti/ccsv6/tools/compiler/ti-cgt-arm_5.2.5/lib/</path>
         <kind>archive</kind>
         <file>rtsv7M4_T_le_v4SPD16_eabi.lib</file>
         <name>asinf.obj</name>
      </input_file>
      <input_file id="fl-150">
         <path>/Applications/ti/ccsv6/tools/compiler/ti-cgt-arm_5.2.5/lib/</path>
         <kind>archive</kind>
         <file>rtsv7M4_T_le_v4SPD16_eabi.lib</file>
         <name>atan2f.obj</name>
      </input_file>
      <input_file id="fl-151">
         <path>/Applications/ti/ccsv6/tools/compiler/ti-cgt-arm_5.2.5/lib/</path>
         <kind>archive</kind>
         <file>rtsv7M4_T_le_v4SPD16_eabi.lib</file>
         <name>fd_tos_t2.obj</name>
      </input_file>
      <input_file id="fl-152">
         <path>/Applications/ti/ccsv6/tools/compiler/ti-cgt-arm_5.2.5/lib/</path>
         <kind>archive</kind>
         <file>rtsv7M4_T_le_v4SPD16_eabi.lib</file>
         <name>fs_tod_t2.obj</name>
      </input_file>
      <input_file id="fl-153">
         <path>/Applications/ti/ccsv6/tools/compiler/ti-cgt-arm_5.2.5/lib/</path>
         <kind>archive</kind>
         <file>rtsv7M4_T_le_v4SPD16_eabi.lib</file>
         <name>sqrtf.obj</name>
      </input_file>
      <input_file id="fl-154">
         <path>/Applications/ti/ccsv6/tools/compiler/ti-cgt-arm_5.2.5/lib/</path>
         <kind>archive</kind>
         <file>rtsv7M4_T_le_v4SPD16_eabi.lib</file>
         <name>xfatan.obj</name>
      </input_file>
      <input_file id="fl-155">
         <path>/Applications/ti/ccsv6/tools/compiler/ti-cgt-arm_5.2.5/lib/</path>
         <kind>archive</kind>
         <file>rtsv7M4_T_le_v4SPD16_eabi.lib</file>
         <name>xfdclass.obj</name>
      </input_file>
      <input_file id="fl-156">
         <path>/Applications/ti/ccsv6/tools/compiler/ti-cgt-arm_5.2.5/lib/</path>
         <kind>archive</kind>
         <file>rtsv7M4_T_le_v4SPD16_eabi.lib</file>
         <name>xferaise.obj</name>
      </input_file>
      <input_file id="fl-157">
         <path>/Applications/ti/ccsv6/tools/compiler/ti-cgt-arm_5.2.5/lib/</path>
         <kind>archive</kind>
         <file>rtsv7M4_T_le_v4SPD16_eabi.lib</file>
         <name>xfvalues.obj</name>
      </input_file>
      <input_file id="fl-158">
         <path>/Applications/ti/ccsv6/tools/compiler/ti-cgt-arm_5.2.5/lib/</path>
         <kind>archive</kind>
         <file>rtsv7M4_T_le_v4SPD16_eabi.lib</file>
         <name>errno.obj</name>
      </input_file>
      <input_file id="fl-159">
         <path>/Applications/ti/ccsv6/tools/compiler/ti-cgt-arm_5.2.5/lib/</path>
         <kind>archive</kind>
         <file>rtsv7M4_T_le_v4SPD16_eabi.lib</file>
         <name>feraiseexcept.obj</name>
      </input_file>
      <input_file id="fl-15a">
         <path>/Applications/ti/ccsv6/tools/compiler/ti-cgt-arm_5.2.5/lib/</path>
         <kind>archive</kind>
         <file>rtsv7M4_T_le_v4SPD16_eabi.lib</file>
         <name>raise.obj</name>
      </input_file>
      <input_file id="fl-15b">
         <path>/Applications/ti/ccsv6/tools/compiler/ti-cgt-arm_5.2.5/lib/</path>
         <kind>archive</kind>
         <file>rtsv7M4_T_le_v4SPD16_eabi.lib</file>
         <name>signal.obj</name>
      </input_file>
      <input_file id="fl-15c">
         <path>/Users/billwang/Documents/TIVAWARE/driverlib/ccs/Debug/</path>
         <kind>archive</kind>
         <file>driverlib.lib</file>
         <name>i2c.obj</name>
      </input_file>
   </input_file_list>
   <object_component_list>
      <object_component id="oc-f">
         <name>.intvecs</name>
         <load_address>0x0</load_address>
         <run_address>0x0</run_address>
         <size>0x26c</size>
         <input_file_ref idref="fl-8"/>
      </object_component>
      <object_component id="oc-2fe">
         <name>.text:CompDCMUpdate</name>
         <load_address>0x26c</load_address>
         <run_address>0x26c</run_address>
         <size>0x294</size>
         <input_file_ref idref="fl-14d"/>
      </object_component>
      <object_component id="oc-30a">
         <name>.text:CompDCMComputeQuaternion</name>
         <load_address>0x500</load_address>
         <run_address>0x500</run_address>
         <size>0x1c8</size>
         <input_file_ref idref="fl-14d"/>
      </object_component>
      <object_component id="oc-2b0">
         <name>.text</name>
         <load_address>0x6c8</load_address>
         <run_address>0x6c8</run_address>
         <size>0x1b6</size>
         <input_file_ref idref="fl-136"/>
      </object_component>
      <object_component id="oc-36">
         <name>.text:FaultISR</name>
         <load_address>0x87e</load_address>
         <run_address>0x87e</run_address>
         <size>0x2</size>
         <input_file_ref idref="fl-8"/>
      </object_component>
      <object_component id="oc-281">
         <name>.text:Compdcm9150Config</name>
         <load_address>0x880</load_address>
         <run_address>0x880</run_address>
         <size>0x184</size>
         <input_file_ref idref="fl-3"/>
      </object_component>
      <object_component id="oc-13e">
         <name>.text:MPU9150Callback</name>
         <load_address>0xa04</load_address>
         <run_address>0xa04</run_address>
         <size>0x180</size>
         <input_file_ref idref="fl-14b"/>
      </object_component>
      <object_component id="oc-48">
         <name>.text:UARTStdioIntHandler</name>
         <load_address>0xb84</load_address>
         <run_address>0xb84</run_address>
         <size>0x160</size>
         <input_file_ref idref="fl-9"/>
      </object_component>
      <object_component id="oc-1df">
         <name>.text:COMPDCM</name>
         <load_address>0xce4</load_address>
         <run_address>0xce4</run_address>
         <size>0x148</size>
         <input_file_ref idref="fl-3"/>
      </object_component>
      <object_component id="oc-2ab">
         <name>.text</name>
         <load_address>0xe2c</load_address>
         <run_address>0xe2c</run_address>
         <size>0x136</size>
         <input_file_ref idref="fl-137"/>
      </object_component>
      <object_component id="oc-3e7">
         <name>.text:GPIOPadConfigSet</name>
         <load_address>0xf62</load_address>
         <run_address>0xf62</run_address>
         <size>0x130</size>
         <input_file_ref idref="fl-149"/>
      </object_component>
      <object_component id="oc-3c">
         <name>.text:IntDefaultHandler</name>
         <load_address>0x1092</load_address>
         <run_address>0x1092</run_address>
         <size>0x2</size>
         <input_file_ref idref="fl-8"/>
      </object_component>
      <object_component id="oc-2a0">
         <name>.text:SysCtlClockGet</name>
         <load_address>0x1094</load_address>
         <run_address>0x1094</run_address>
         <size>0x118</size>
         <input_file_ref idref="fl-147"/>
      </object_component>
      <object_component id="oc-3c7">
         <name>.text</name>
         <load_address>0x11ac</load_address>
         <run_address>0x11ac</run_address>
         <size>0x118</size>
         <input_file_ref idref="fl-150"/>
      </object_component>
      <object_component id="oc-28d">
         <name>.text:PIDConfig</name>
         <load_address>0x12c4</load_address>
         <run_address>0x12c4</run_address>
         <size>0xfc</size>
         <input_file_ref idref="fl-7"/>
      </object_component>
      <object_component id="oc-393">
         <name>.text</name>
         <load_address>0x13c0</load_address>
         <run_address>0x13c0</run_address>
         <size>0xfc</size>
         <input_file_ref idref="fl-138"/>
      </object_component>
      <object_component id="oc-eb">
         <name>.text:I2CMIntHandler</name>
         <load_address>0x14bc</load_address>
         <run_address>0x14bc</run_address>
         <size>0xf2</size>
         <input_file_ref idref="fl-14c"/>
      </object_component>
      <object_component id="oc-3fd">
         <name>.text:MPU9150AppErrorHandler</name>
         <load_address>0x15ae</load_address>
         <run_address>0x15ae</run_address>
         <size>0x2</size>
         <input_file_ref idref="fl-3"/>
      </object_component>
      <object_component id="oc-1d9">
         <name>.text:ESCConfig</name>
         <load_address>0x15b0</load_address>
         <run_address>0x15b0</run_address>
         <size>0xe4</size>
         <input_file_ref idref="fl-5"/>
      </object_component>
      <object_component id="oc-3cd">
         <name>.text</name>
         <load_address>0x1694</load_address>
         <run_address>0x1694</run_address>
         <size>0xb4</size>
         <input_file_ref idref="fl-14f"/>
      </object_component>
      <object_component id="oc-cf">
         <name>.text:UARTwrite</name>
         <load_address>0x1748</load_address>
         <run_address>0x1748</run_address>
         <size>0xa8</size>
         <input_file_ref idref="fl-9"/>
      </object_component>
      <object_component id="oc-43b">
         <name>.text</name>
         <load_address>0x17f0</load_address>
         <run_address>0x17f0</run_address>
         <size>0xa8</size>
         <input_file_ref idref="fl-154"/>
      </object_component>
      <object_component id="oc-2e6">
         <name>.text:MPU9150DataMagnetoGetFloat</name>
         <load_address>0x1898</load_address>
         <run_address>0x1898</run_address>
         <size>0xa4</size>
         <input_file_ref idref="fl-14b"/>
      </object_component>
      <object_component id="oc-2cc">
         <name>.text:M0PWM3_Config</name>
         <load_address>0x193c</load_address>
         <run_address>0x193c</run_address>
         <size>0xa0</size>
         <input_file_ref idref="fl-5"/>
      </object_component>
      <object_component id="oc-355">
         <name>.text:MPU9150Write</name>
         <load_address>0x19dc</load_address>
         <run_address>0x19dc</run_address>
         <size>0xa0</size>
         <input_file_ref idref="fl-14b"/>
      </object_component>
      <object_component id="oc-27a">
         <name>.text:UARTStdioConfig</name>
         <load_address>0x1a7c</load_address>
         <run_address>0x1a7c</run_address>
         <size>0xa0</size>
         <input_file_ref idref="fl-9"/>
      </object_component>
      <object_component id="oc-5d">
         <name>.text</name>
         <load_address>0x1b1c</load_address>
         <run_address>0x1b1c</run_address>
         <size>0x9c</size>
         <input_file_ref idref="fl-13a"/>
      </object_component>
      <object_component id="oc-1b0">
         <name>.text:I2CMStateIdle</name>
         <load_address>0x1bb8</load_address>
         <run_address>0x1bb8</run_address>
         <size>0x98</size>
         <input_file_ref idref="fl-14c"/>
      </object_component>
      <object_component id="oc-2ba">
         <name>.text:M0PWM0_Config</name>
         <load_address>0x1c50</load_address>
         <run_address>0x1c50</run_address>
         <size>0x94</size>
         <input_file_ref idref="fl-5"/>
      </object_component>
      <object_component id="oc-2c0">
         <name>.text:M0PWM1_Config</name>
         <load_address>0x1ce4</load_address>
         <run_address>0x1ce4</run_address>
         <size>0x94</size>
         <input_file_ref idref="fl-5"/>
      </object_component>
      <object_component id="oc-2c6">
         <name>.text:M0PWM2_Config</name>
         <load_address>0x1d78</load_address>
         <run_address>0x1d78</run_address>
         <size>0x94</size>
         <input_file_ref idref="fl-5"/>
      </object_component>
      <object_component id="oc-c3">
         <name>.text:UARTPrimeTransmit</name>
         <load_address>0x1e0c</load_address>
         <run_address>0x1e0c</run_address>
         <size>0x8c</size>
         <input_file_ref idref="fl-9"/>
      </object_component>
      <object_component id="oc-1cd">
         <name>.text:BLEMiniConfig</name>
         <load_address>0x1e98</load_address>
         <run_address>0x1e98</run_address>
         <size>0x84</size>
         <input_file_ref idref="fl-2"/>
      </object_component>
      <object_component id="oc-138">
         <name>.text:I2CMCommand</name>
         <load_address>0x1f1c</load_address>
         <run_address>0x1f1c</run_address>
         <size>0x84</size>
         <input_file_ref idref="fl-14c"/>
      </object_component>
      <object_component id="oc-76">
         <name>.text</name>
         <load_address>0x1fa0</load_address>
         <run_address>0x1fa0</run_address>
         <size>0x7a</size>
         <input_file_ref idref="fl-13b"/>
      </object_component>
      <object_component id="oc-30">
         <name>.text:NmiSR</name>
         <load_address>0x201a</load_address>
         <run_address>0x201a</run_address>
         <size>0x2</size>
         <input_file_ref idref="fl-8"/>
      </object_component>
      <object_component id="oc-293">
         <name>.text:BalancingStart</name>
         <load_address>0x201c</load_address>
         <run_address>0x201c</run_address>
         <size>0x78</size>
         <input_file_ref idref="fl-4"/>
      </object_component>
      <object_component id="oc-1d3">
         <name>.text:ControlSetup</name>
         <load_address>0x2094</load_address>
         <run_address>0x2094</run_address>
         <size>0x78</size>
         <input_file_ref idref="fl-4"/>
      </object_component>
      <object_component id="oc-2da">
         <name>.text:MPU9150DataAccelGetFloat</name>
         <load_address>0x210c</load_address>
         <run_address>0x210c</run_address>
         <size>0x78</size>
         <input_file_ref idref="fl-14b"/>
      </object_component>
      <object_component id="oc-2e0">
         <name>.text:MPU9150DataGyroGetFloat</name>
         <load_address>0x2184</load_address>
         <run_address>0x2184</run_address>
         <size>0x78</size>
         <input_file_ref idref="fl-14b"/>
      </object_component>
      <object_component id="oc-349">
         <name>.text:MPU9150Init</name>
         <load_address>0x21fc</load_address>
         <run_address>0x21fc</run_address>
         <size>0x6c</size>
         <input_file_ref idref="fl-14b"/>
      </object_component>
      <object_component id="oc-88">
         <name>.text</name>
         <load_address>0x2268</load_address>
         <run_address>0x2268</run_address>
         <size>0x6c</size>
         <input_file_ref idref="fl-142"/>
      </object_component>
      <object_component id="oc-69">
         <name>.text</name>
         <load_address>0x22d4</load_address>
         <run_address>0x22d4</run_address>
         <size>0x6a</size>
         <input_file_ref idref="fl-133"/>
      </object_component>
      <object_component id="oc-200">
         <name>.text:IntIsEnabled</name>
         <load_address>0x2340</load_address>
         <run_address>0x2340</run_address>
         <size>0x64</size>
         <input_file_ref idref="fl-148"/>
      </object_component>
      <object_component id="oc-206">
         <name>.text:IntDisable</name>
         <load_address>0x23a4</load_address>
         <run_address>0x23a4</run_address>
         <size>0x60</size>
         <input_file_ref idref="fl-148"/>
      </object_component>
      <object_component id="oc-212">
         <name>.text:IntEnable</name>
         <load_address>0x2404</load_address>
         <run_address>0x2404</run_address>
         <size>0x60</size>
         <input_file_ref idref="fl-148"/>
      </object_component>
      <object_component id="oc-ae">
         <name>.text:MPU9150DataRead</name>
         <load_address>0x2464</load_address>
         <run_address>0x2464</run_address>
         <size>0x60</size>
         <input_file_ref idref="fl-14b"/>
      </object_component>
      <object_component id="oc-19e">
         <name>.text:I2CMStateWritePause</name>
         <load_address>0x24c4</load_address>
         <run_address>0x24c4</run_address>
         <size>0x5e</size>
         <input_file_ref idref="fl-14c"/>
      </object_component>
      <object_component id="oc-404">
         <name>.text:I2CMWrite8</name>
         <load_address>0x2524</load_address>
         <run_address>0x2524</run_address>
         <size>0x58</size>
         <input_file_ref idref="fl-14c"/>
      </object_component>
      <object_component id="oc-3a2">
         <name>.text:VectorCrossProduct</name>
         <load_address>0x257c</load_address>
         <run_address>0x257c</run_address>
         <size>0x56</size>
         <input_file_ref idref="fl-14e"/>
      </object_component>
      <object_component id="oc-24">
         <name>.text</name>
         <load_address>0x25d4</load_address>
         <run_address>0x25d4</run_address>
         <size>0x50</size>
         <input_file_ref idref="fl-131"/>
      </object_component>
      <object_component id="oc-1a4">
         <name>.text:I2CMStateWriteFinal</name>
         <load_address>0x2624</load_address>
         <run_address>0x2624</run_address>
         <size>0x4e</size>
         <input_file_ref idref="fl-14c"/>
      </object_component>
      <object_component id="oc-287">
         <name>.text:SysTimerStart</name>
         <load_address>0x2674</load_address>
         <run_address>0x2674</run_address>
         <size>0x4c</size>
         <input_file_ref idref="fl-4"/>
      </object_component>
      <object_component id="oc-40f">
         <name>.text:_TimerIntNumberGet</name>
         <load_address>0x26c0</load_address>
         <run_address>0x26c0</run_address>
         <size>0x4c</size>
         <input_file_ref idref="fl-146"/>
      </object_component>
      <object_component id="oc-110">
         <name>.text</name>
         <load_address>0x270c</load_address>
         <run_address>0x270c</run_address>
         <size>0x4c</size>
         <input_file_ref idref="fl-143"/>
      </object_component>
      <object_component id="oc-18c">
         <name>.text:I2CMStateReadNext</name>
         <load_address>0x2758</load_address>
         <run_address>0x2758</run_address>
         <size>0x48</size>
         <input_file_ref idref="fl-14c"/>
      </object_component>
      <object_component id="oc-3ef">
         <name>.text:I2CMasterInitExpClk</name>
         <load_address>0x27a0</load_address>
         <run_address>0x27a0</run_address>
         <size>0x48</size>
         <input_file_ref idref="fl-15c"/>
      </object_component>
      <object_component id="oc-398">
         <name>.text</name>
         <load_address>0x27e8</load_address>
         <run_address>0x27e8</run_address>
         <size>0x48</size>
         <input_file_ref idref="fl-151"/>
      </object_component>
      <object_component id="oc-1aa">
         <name>.text:I2CMStateWriteNext</name>
         <load_address>0x2830</load_address>
         <run_address>0x2830</run_address>
         <size>0x46</size>
         <input_file_ref idref="fl-14c"/>
      </object_component>
      <object_component id="oc-35b">
         <name>.text:CompDCMInit</name>
         <load_address>0x2878</load_address>
         <run_address>0x2878</run_address>
         <size>0x44</size>
         <input_file_ref idref="fl-14d"/>
      </object_component>
      <object_component id="oc-174">
         <name>.text:I2CMStateCallback</name>
         <load_address>0x28bc</load_address>
         <run_address>0x28bc</run_address>
         <size>0x44</size>
         <input_file_ref idref="fl-14c"/>
      </object_component>
      <object_component id="oc-94">
         <name>.text</name>
         <load_address>0x2900</load_address>
         <run_address>0x2900</run_address>
         <size>0x44</size>
         <input_file_ref idref="fl-135"/>
      </object_component>
      <object_component id="oc-2b5">
         <name>.text</name>
         <load_address>0x2944</load_address>
         <run_address>0x2944</run_address>
         <size>0x44</size>
         <input_file_ref idref="fl-139"/>
      </object_component>
      <object_component id="oc-304">
         <name>.text:CompDCMComputeEulers</name>
         <load_address>0x2988</load_address>
         <run_address>0x2988</run_address>
         <size>0x42</size>
         <input_file_ref idref="fl-14d"/>
      </object_component>
      <object_component id="oc-4ac">
         <name>.text</name>
         <load_address>0x29cc</load_address>
         <run_address>0x29cc</run_address>
         <size>0x40</size>
         <input_file_ref idref="fl-15b"/>
      </object_component>
      <object_component id="oc-186">
         <name>.text:I2CMStateReadFinal</name>
         <load_address>0x2a0c</load_address>
         <run_address>0x2a0c</run_address>
         <size>0x3e</size>
         <input_file_ref idref="fl-14c"/>
      </object_component>
      <object_component id="oc-180">
         <name>.text:I2CMStateReadPause</name>
         <load_address>0x2a4a</load_address>
         <run_address>0x2a4a</run_address>
         <size>0x3e</size>
         <input_file_ref idref="fl-14c"/>
      </object_component>
      <object_component id="oc-330">
         <name>.text:UARTFlushTx</name>
         <load_address>0x2a88</load_address>
         <run_address>0x2a88</run_address>
         <size>0x3c</size>
         <input_file_ref idref="fl-9"/>
      </object_component>
      <object_component id="oc-453">
         <name>.text:I2CMWrite8Callback</name>
         <load_address>0x2ac4</load_address>
         <run_address>0x2ac4</run_address>
         <size>0x38</size>
         <input_file_ref idref="fl-14c"/>
      </object_component>
      <object_component id="oc-38e">
         <name>.text</name>
         <load_address>0x2afc</load_address>
         <run_address>0x2afc</run_address>
         <size>0x38</size>
         <input_file_ref idref="fl-152"/>
      </object_component>
      <object_component id="oc-343">
         <name>.text:I2CMInit</name>
         <load_address>0x2b34</load_address>
         <run_address>0x2b34</run_address>
         <size>0x34</size>
         <input_file_ref idref="fl-14c"/>
      </object_component>
      <object_component id="oc-42">
         <name>.text:IntGPIOb</name>
         <load_address>0x2b68</load_address>
         <run_address>0x2b68</run_address>
         <size>0x34</size>
         <input_file_ref idref="fl-3"/>
      </object_component>
      <object_component id="oc-415">
         <name>.text:IntRegister</name>
         <load_address>0x2b9c</load_address>
         <run_address>0x2b9c</run_address>
         <size>0x34</size>
         <input_file_ref idref="fl-148"/>
      </object_component>
      <object_component id="oc-118">
         <name>.text:main</name>
         <load_address>0x2bd0</load_address>
         <run_address>0x2bd0</run_address>
         <size>0x34</size>
         <input_file_ref idref="fl-6"/>
      </object_component>
      <object_component id="oc-470">
         <name>.text</name>
         <load_address>0x2c04</load_address>
         <run_address>0x2c04</run_address>
         <size>0x34</size>
         <input_file_ref idref="fl-159"/>
      </object_component>
      <object_component id="oc-3ba">
         <name>.text:VectorAdd</name>
         <load_address>0x2c38</load_address>
         <run_address>0x2c38</run_address>
         <size>0x32</size>
         <input_file_ref idref="fl-14e"/>
      </object_component>
      <object_component id="oc-48e">
         <name>.text:I2CMTransferResume</name>
         <load_address>0x2c6a</load_address>
         <run_address>0x2c6a</run_address>
         <size>0x30</size>
         <input_file_ref idref="fl-14c"/>
      </object_component>
      <object_component id="oc-42f">
         <name>.text</name>
         <load_address>0x2c9c</load_address>
         <run_address>0x2c9c</run_address>
         <size>0x30</size>
         <input_file_ref idref="fl-156"/>
      </object_component>
      <object_component id="oc-49b">
         <name>.text</name>
         <load_address>0x2ccc</load_address>
         <run_address>0x2ccc</run_address>
         <size>0x2e</size>
         <input_file_ref idref="fl-15a"/>
      </object_component>
      <object_component id="oc-32a">
         <name>.text:UARTFlushRx</name>
         <load_address>0x2cfc</load_address>
         <run_address>0x2cfc</run_address>
         <size>0x2c</size>
         <input_file_ref idref="fl-9"/>
      </object_component>
      <object_component id="oc-3c0">
         <name>.text</name>
         <load_address>0x2d28</load_address>
         <run_address>0x2d28</run_address>
         <size>0x2c</size>
         <input_file_ref idref="fl-155"/>
      </object_component>
      <object_component id="oc-3e1">
         <name>.text:GPIODirModeSet</name>
         <load_address>0x2d54</load_address>
         <run_address>0x2d54</run_address>
         <size>0x2a</size>
         <input_file_ref idref="fl-149"/>
      </object_component>
      <object_component id="oc-192">
         <name>.text:I2CMStateReadFirst</name>
         <load_address>0x2d7e</load_address>
         <run_address>0x2d7e</run_address>
         <size>0x2a</size>
         <input_file_ref idref="fl-14c"/>
      </object_component>
      <object_component id="oc-34f">
         <name>.text:MPU9150AppI2CWait</name>
         <load_address>0x2da8</load_address>
         <run_address>0x2da8</run_address>
         <size>0x28</size>
         <input_file_ref idref="fl-3"/>
      </object_component>
      <object_component id="oc-3a8">
         <name>.text:VectorDotProduct</name>
         <load_address>0x2dd0</load_address>
         <run_address>0x2dd0</run_address>
         <size>0x26</size>
         <input_file_ref idref="fl-14e"/>
      </object_component>
      <object_component id="oc-3b4">
         <name>.text:VectorScale</name>
         <load_address>0x2df6</load_address>
         <run_address>0x2df6</run_address>
         <size>0x26</size>
         <input_file_ref idref="fl-14e"/>
      </object_component>
      <object_component id="oc-363">
         <name>.text:millis</name>
         <load_address>0x2e1c</load_address>
         <run_address>0x2e1c</run_address>
         <size>0x24</size>
         <input_file_ref idref="fl-4"/>
      </object_component>
      <object_component id="oc-3ae">
         <name>.text</name>
         <load_address>0x2e40</load_address>
         <run_address>0x2e40</run_address>
         <size>0x24</size>
         <input_file_ref idref="fl-153"/>
      </object_component>
      <object_component id="oc-198">
         <name>.text:I2CMStateReadOne</name>
         <load_address>0x2e64</load_address>
         <run_address>0x2e64</run_address>
         <size>0x20</size>
         <input_file_ref idref="fl-14c"/>
      </object_component>
      <object_component id="oc-2a6">
         <name>.text</name>
         <load_address>0x2e84</load_address>
         <run_address>0x2e84</run_address>
         <size>0x20</size>
         <input_file_ref idref="fl-13f"/>
      </object_component>
      <object_component id="oc-4e">
         <name>.text:IntBalancing</name>
         <load_address>0x2ea4</load_address>
         <run_address>0x2ea4</run_address>
         <size>0x1c</size>
         <input_file_ref idref="fl-4"/>
      </object_component>
      <object_component id="oc-17a">
         <name>.text:I2CMStateReadWait</name>
         <load_address>0x2ec0</load_address>
         <run_address>0x2ec0</run_address>
         <size>0x18</size>
         <input_file_ref idref="fl-14c"/>
      </object_component>
      <object_component id="oc-d5">
         <name>.text:IsBufferFull</name>
         <load_address>0x2ed8</load_address>
         <run_address>0x2ed8</run_address>
         <size>0x18</size>
         <input_file_ref idref="fl-9"/>
      </object_component>
      <object_component id="oc-b7">
         <name>.text:MPU9150AppCallback</name>
         <load_address>0x2ef0</load_address>
         <run_address>0x2ef0</run_address>
         <size>0x18</size>
         <input_file_ref idref="fl-3"/>
      </object_component>
      <object_component id="oc-36b">
         <name>.text:TimerIntRegister</name>
         <load_address>0x2f08</load_address>
         <run_address>0x2f08</run_address>
         <size>0x18</size>
         <input_file_ref idref="fl-146"/>
      </object_component>
      <object_component id="oc-8e">
         <name>.text</name>
         <load_address>0x2f20</load_address>
         <run_address>0x2f20</run_address>
         <size>0x18</size>
         <input_file_ref idref="fl-141"/>
      </object_component>
      <object_component id="oc-1f0">
         <name>.text</name>
         <load_address>0x2f38</load_address>
         <run_address>0x2f38</run_address>
         <size>0x14</size>
         <input_file_ref idref="fl-140"/>
      </object_component>
      <object_component id="oc-337">
         <name>.text:GPIOPinTypeI2CSCL</name>
         <load_address>0x2f4c</load_address>
         <run_address>0x2f4c</run_address>
         <size>0x12</size>
         <input_file_ref idref="fl-149"/>
      </object_component>
      <object_component id="oc-2f2">
         <name>.text:CompDCMAccelUpdate</name>
         <load_address>0x2f5e</load_address>
         <run_address>0x2f5e</run_address>
         <size>0xe</size>
         <input_file_ref idref="fl-14d"/>
      </object_component>
      <object_component id="oc-2f8">
         <name>.text:CompDCMGyroUpdate</name>
         <load_address>0x2f6c</load_address>
         <run_address>0x2f6c</run_address>
         <size>0xe</size>
         <input_file_ref idref="fl-14d"/>
      </object_component>
      <object_component id="oc-2ec">
         <name>.text:CompDCMMagnetoUpdate</name>
         <load_address>0x2f7a</load_address>
         <run_address>0x2f7a</run_address>
         <size>0xe</size>
         <input_file_ref idref="fl-14d"/>
      </object_component>
      <object_component id="oc-a2">
         <name>.text:GPIOIntStatus</name>
         <load_address>0x2f88</load_address>
         <run_address>0x2f88</run_address>
         <size>0xe</size>
         <input_file_ref idref="fl-149"/>
      </object_component>
      <object_component id="oc-c9">
         <name>.text:IsBufferEmpty</name>
         <load_address>0x2f96</load_address>
         <run_address>0x2f96</run_address>
         <size>0xe</size>
         <input_file_ref idref="fl-9"/>
      </object_component>
      <object_component id="oc-12">
         <name>.text:decompress:none</name>
         <load_address>0x2fa4</load_address>
         <run_address>0x2fa4</run_address>
         <size>0xe</size>
         <input_file_ref idref="fl-132"/>
      </object_component>
      <object_component id="oc-33d">
         <name>.text:GPIOIntEnable</name>
         <load_address>0x2fb2</load_address>
         <run_address>0x2fb2</run_address>
         <size>0xc</size>
         <input_file_ref idref="fl-149"/>
      </object_component>
      <object_component id="oc-20c">
         <name>.text:IntTrigger</name>
         <load_address>0x2fc0</load_address>
         <run_address>0x2fc0</run_address>
         <size>0xc</size>
         <input_file_ref idref="fl-148"/>
      </object_component>
      <object_component id="oc-54">
         <name>.text:MPU9150I2CIntHandler</name>
         <load_address>0x2fcc</load_address>
         <run_address>0x2fcc</run_address>
         <size>0xc</size>
         <input_file_ref idref="fl-3"/>
      </object_component>
      <object_component id="oc-1e">
         <name>.text:decompress:ZI</name>
         <load_address>0x2fd8</load_address>
         <run_address>0x2fd8</run_address>
         <size>0xc</size>
         <input_file_ref idref="fl-134"/>
      </object_component>
      <object_component id="oc-44a">
         <name>.text:I2CMasterEnable</name>
         <load_address>0x2fe4</load_address>
         <run_address>0x2fe4</run_address>
         <size>0xa</size>
         <input_file_ref idref="fl-15c"/>
      </object_component>
      <object_component id="oc-168">
         <name>.text:I2CMasterIntClear</name>
         <load_address>0x2fee</load_address>
         <run_address>0x2fee</run_address>
         <size>0x8</size>
         <input_file_ref idref="fl-15c"/>
      </object_component>
      <object_component id="oc-3f5">
         <name>.text:I2CMasterIntEnableEx</name>
         <load_address>0x2ff6</load_address>
         <run_address>0x2ff6</run_address>
         <size>0x8</size>
         <input_file_ref idref="fl-15c"/>
      </object_component>
      <object_component id="oc-24f">
         <name>.text:I2CMasterSlaveAddrSet</name>
         <load_address>0x2ffe</load_address>
         <run_address>0x2ffe</run_address>
         <size>0x8</size>
         <input_file_ref idref="fl-15c"/>
      </object_component>
      <object_component id="oc-a8">
         <name>.text:GPIOIntClear</name>
         <load_address>0x3006</load_address>
         <run_address>0x3006</run_address>
         <size>0x6</size>
         <input_file_ref idref="fl-149"/>
      </object_component>
      <object_component id="oc-2a">
         <name>.text:ResetISR</name>
         <load_address>0x300c</load_address>
         <run_address>0x300c</run_address>
         <size>0x6</size>
         <input_file_ref idref="fl-8"/>
      </object_component>
      <object_component id="oc-274">
         <name>.text:UARTClockSourceSet</name>
         <load_address>0x3012</load_address>
         <run_address>0x3012</run_address>
         <size>0x6</size>
         <input_file_ref idref="fl-145"/>
      </object_component>
      <object_component id="oc-18">
         <name>.text:decompress:rle24</name>
         <load_address>0x3018</load_address>
         <run_address>0x3018</run_address>
         <size>0x6</size>
         <input_file_ref idref="fl-133"/>
      </object_component>
      <object_component id="oc-16e">
         <name>.text:I2CMasterControl</name>
         <load_address>0x301e</load_address>
         <run_address>0x301e</run_address>
         <size>0x4</size>
         <input_file_ref idref="fl-15c"/>
      </object_component>
      <object_component id="oc-245">
         <name>.text:I2CMasterDataGet</name>
         <load_address>0x3022</load_address>
         <run_address>0x3022</run_address>
         <size>0x4</size>
         <input_file_ref idref="fl-15c"/>
      </object_component>
      <object_component id="oc-257">
         <name>.text:I2CMasterDataPut</name>
         <load_address>0x3026</load_address>
         <run_address>0x3026</run_address>
         <size>0x4</size>
         <input_file_ref idref="fl-15c"/>
      </object_component>
      <object_component id="oc-82">
         <name>.text</name>
         <load_address>0x302a</load_address>
         <run_address>0x302a</run_address>
         <size>0x4</size>
         <input_file_ref idref="fl-13c"/>
      </object_component>
      <object_component id="oc-31b">
         <name>.const</name>
         <load_address>0x3030</load_address>
         <run_address>0x3030</run_address>
         <size>0x70</size>
         <input_file_ref idref="fl-148"/>
      </object_component>
      <object_component id="oc-37b">
         <name>.const:g_pui32Xtals</name>
         <load_address>0x30a0</load_address>
         <run_address>0x30a0</run_address>
         <size>0x6c</size>
         <input_file_ref idref="fl-147"/>
      </object_component>
      <object_component id="oc-45a">
         <name>.const:g_ppui32TimerIntMap</name>
         <load_address>0x310c</load_address>
         <run_address>0x310c</run_address>
         <size>0x60</size>
         <input_file_ref idref="fl-146"/>
      </object_component>
      <object_component id="oc-45d">
         <name>.const:g_ppui32TimerIntMapSnowflake</name>
         <load_address>0x316c</load_address>
         <run_address>0x316c</run_address>
         <size>0x40</size>
         <input_file_ref idref="fl-146"/>
      </object_component>
      <object_component id="oc-47e">
         <name>.const</name>
         <load_address>0x31ac</load_address>
         <run_address>0x31ac</run_address>
         <size>0x34</size>
         <input_file_ref idref="fl-154"/>
      </object_component>
      <object_component id="oc-158">
         <name>.const</name>
         <load_address>0x31e0</load_address>
         <run_address>0x31e0</run_address>
         <size>0x28</size>
         <input_file_ref idref="fl-9"/>
      </object_component>
      <object_component id="oc-389">
         <name>.const</name>
         <load_address>0x3208</load_address>
         <run_address>0x3208</run_address>
         <size>0x20</size>
         <input_file_ref idref="fl-14b"/>
      </object_component>
      <object_component id="oc-23c">
         <name>.const:.string</name>
         <load_address>0x3228</load_address>
         <run_address>0x3228</run_address>
         <size>0x12</size>
         <input_file_ref idref="fl-9"/>
      </object_component>
      <object_component id="oc-4f5">
         <name>.cinit..data.load</name>
         <load_address>0x3240</load_address>
         <run_address>0x3240</run_address>
         <size>0x38</size>
      </object_component>
      <object_component id="oc-4f2">
         <name>__TI_handler_table</name>
         <load_address>0x3278</load_address>
         <run_address>0x3278</run_address>
         <size>0xc</size>
      </object_component>
      <object_component id="oc-4f6">
         <name>.cinit..bss.load</name>
         <load_address>0x3288</load_address>
         <run_address>0x3288</run_address>
         <size>0x8</size>
      </object_component>
      <object_component id="oc-4f4">
         <name>.cinit..vtable.load</name>
         <load_address>0x3290</load_address>
         <run_address>0x3290</run_address>
         <size>0x8</size>
      </object_component>
      <object_component id="oc-4f3">
         <name>__TI_cinit_table</name>
         <load_address>0x3298</load_address>
         <run_address>0x3298</run_address>
         <size>0x18</size>
      </object_component>
      <object_component id="oc-461">
         <name>.vtable</name>
         <uninitialized>true</uninitialized>
         <run_address>0x20000000</run_address>
         <size>0x26c</size>
         <input_file_ref idref="fl-148"/>
      </object_component>
      <object_component id="oc-29">
         <name>.stack</name>
         <uninitialized>true</uninitialized>
         <run_address>0x200009a8</run_address>
         <size>0x0</size>
         <input_file_ref idref="fl-131"/>
      </object_component>
      <object_component id="oc-4f7">
         <name>.stack</name>
         <uninitialized>true</uninitialized>
         <run_address>0x200009a8</run_address>
         <size>0x0</size>
      </object_component>
      <object_component id="oc-f1">
         <name>.bss:g_sI2CInst</name>
         <uninitialized>true</uninitialized>
         <run_address>0x2000066c</run_address>
         <size>0x124</size>
         <input_file_ref idref="fl-3"/>
      </object_component>
      <object_component id="oc-b4">
         <name>.bss:g_sMPU9150Inst</name>
         <uninitialized>true</uninitialized>
         <run_address>0x20000810</run_address>
         <size>0x6c</size>
         <input_file_ref idref="fl-3"/>
      </object_component>
      <object_component id="oc-310">
         <name>.bss:g_sCompDCMInst</name>
         <uninitialized>true</uninitialized>
         <run_address>0x2000087c</run_address>
         <size>0x58</size>
         <input_file_ref idref="fl-3"/>
      </object_component>
      <object_component id="oc-1e5">
         <name>.bss:g_pfData</name>
         <uninitialized>true</uninitialized>
         <run_address>0x200008d4</run_address>
         <size>0x40</size>
         <input_file_ref idref="fl-4"/>
      </object_component>
      <object_component id="oc-299">
         <name>.bss:g_roll_pid</name>
         <uninitialized>true</uninitialized>
         <run_address>0x2000094c</run_address>
         <size>0x38</size>
         <input_file_ref idref="fl-4"/>
      </object_component>
      <object_component id="oc-29c">
         <name>.bss:g_pitch_pid</name>
         <uninitialized>true</uninitialized>
         <run_address>0x20000914</run_address>
         <size>0x38</size>
         <input_file_ref idref="fl-4"/>
      </object_component>
      <object_component id="oc-15b">
         <name>.bss:g_pcUARTTxBuffer</name>
         <uninitialized>true</uninitialized>
         <run_address>0x2000026c</run_address>
         <size>0x400</size>
         <input_file_ref idref="fl-9"/>
      </object_component>
      <object_component id="oc-e1">
         <name>.bss:g_pcUARTRxBuffer</name>
         <uninitialized>true</uninitialized>
         <run_address>0x20000790</run_address>
         <size>0x80</size>
         <input_file_ref idref="fl-9"/>
      </object_component>
      <object_component id="oc-152">
         <name>.common:g_vui8I2CDoneFlag</name>
         <uninitialized>true</uninitialized>
         <run_address>0x2000098c</run_address>
         <size>0x4</size>
      </object_component>
      <object_component id="oc-155">
         <name>.common:g_vui8ErrorFlag</name>
         <uninitialized>true</uninitialized>
         <run_address>0x20000988</run_address>
         <size>0x4</size>
      </object_component>
      <object_component id="oc-2d8">
         <name>.common:ui32Load</name>
         <uninitialized>true</uninitialized>
         <run_address>0x20000990</run_address>
         <size>0x4</size>
      </object_component>
      <object_component id="oc-2d5">
         <name>.common:ui32Load_Low_Bound</name>
         <uninitialized>true</uninitialized>
         <run_address>0x20000998</run_address>
         <size>0x4</size>
      </object_component>
      <object_component id="oc-2d6">
         <name>.common:ui32Load_High_Bound</name>
         <uninitialized>true</uninitialized>
         <run_address>0x20000994</run_address>
         <size>0x4</size>
      </object_component>
      <object_component id="oc-2d7">
         <name>.common:ui32Load_Range</name>
         <uninitialized>true</uninitialized>
         <run_address>0x2000099c</run_address>
         <size>0x4</size>
      </object_component>
      <object_component id="oc-2d2">
         <name>.common:ui32PWMClock</name>
         <uninitialized>true</uninitialized>
         <run_address>0x200009a0</run_address>
         <size>0x4</size>
      </object_component>
      <object_component id="oc-de">
         <name>.common:g_bDisableEcho</name>
         <uninitialized>true</uninitialized>
         <run_address>0x200009a4</run_address>
         <size>0x1</size>
      </object_component>
      <object_component id="oc-157">
         <name>.common:g_ui32PortNum</name>
         <uninitialized>true</uninitialized>
         <run_address>0x20000984</run_address>
         <size>0x4</size>
      </object_component>
      <object_component id="oc-db">
         <name>.data</name>
         <load_address>0x20000ec0</load_address>
         <run_address>0x20000ec0</run_address>
         <size>0x15</size>
         <input_file_ref idref="fl-9"/>
      </object_component>
      <object_component id="oc-123">
         <name>.data</name>
         <load_address>0x20000ee0</load_address>
         <run_address>0x20000ee0</run_address>
         <size>0x8</size>
         <input_file_ref idref="fl-135"/>
      </object_component>
      <object_component id="oc-9a">
         <name>.data</name>
         <load_address>0x20000ef4</load_address>
         <run_address>0x20000ef4</run_address>
         <size>0x4</size>
         <input_file_ref idref="fl-13d"/>
      </object_component>
      <object_component id="oc-120">
         <name>.data</name>
         <load_address>0x20000ed8</load_address>
         <run_address>0x20000ed8</run_address>
         <size>0x8</size>
         <input_file_ref idref="fl-140"/>
      </object_component>
      <object_component id="oc-443">
         <name>.data</name>
         <load_address>0x20000e58</load_address>
         <run_address>0x20000e58</run_address>
         <size>0x68</size>
         <input_file_ref idref="fl-157"/>
      </object_component>
      <object_component id="oc-476">
         <name>.data</name>
         <load_address>0x20000ef0</load_address>
         <run_address>0x20000ef0</run_address>
         <size>0x4</size>
         <input_file_ref idref="fl-158"/>
      </object_component>
      <object_component id="oc-4a1">
         <name>.data</name>
         <load_address>0x20000ee8</load_address>
         <run_address>0x20000ee8</run_address>
         <size>0x8</size>
         <input_file_ref idref="fl-159"/>
      </object_component>
      <object_component id="oc-4bf">
         <name>.data:sigtable</name>
         <load_address>0x20000da8</load_address>
         <run_address>0x20000da8</run_address>
         <size>0xb0</size>
         <input_file_ref idref="fl-15b"/>
      </object_component>
      <object_component id="oc-1ce">
         <name>.debug_info</name>
         <load_address>0x0</load_address>
         <run_address>0x0</run_address>
         <size>0x173</size>
         <input_file_ref idref="fl-2"/>
      </object_component>
      <object_component id="oc-f7">
         <name>.debug_info</name>
         <load_address>0x173</load_address>
         <run_address>0x173</run_address>
         <size>0x84</size>
         <input_file_ref idref="fl-2"/>
      </object_component>
      <object_component id="oc-e5">
         <name>.debug_info</name>
         <load_address>0x1f7</load_address>
         <run_address>0x1f7</run_address>
         <size>0x18b</size>
         <input_file_ref idref="fl-2"/>
      </object_component>
      <object_component id="oc-153">
         <name>.debug_info</name>
         <load_address>0x382</load_address>
         <run_address>0x382</run_address>
         <size>0x7a3</size>
         <input_file_ref idref="fl-3"/>
      </object_component>
      <object_component id="oc-f2">
         <name>.debug_info</name>
         <load_address>0xb25</load_address>
         <run_address>0xb25</run_address>
         <size>0xe2</size>
         <input_file_ref idref="fl-3"/>
      </object_component>
      <object_component id="oc-b5">
         <name>.debug_info</name>
         <load_address>0xc07</load_address>
         <run_address>0xc07</run_address>
         <size>0xea</size>
         <input_file_ref idref="fl-3"/>
      </object_component>
      <object_component id="oc-311">
         <name>.debug_info</name>
         <load_address>0xcf1</load_address>
         <run_address>0xcf1</run_address>
         <size>0xea</size>
         <input_file_ref idref="fl-3"/>
      </object_component>
      <object_component id="oc-55">
         <name>.debug_info</name>
         <load_address>0xddb</load_address>
         <run_address>0xddb</run_address>
         <size>0x149</size>
         <input_file_ref idref="fl-3"/>
      </object_component>
      <object_component id="oc-3fe">
         <name>.debug_info</name>
         <load_address>0xf24</load_address>
         <run_address>0xf24</run_address>
         <size>0x16d</size>
         <input_file_ref idref="fl-3"/>
      </object_component>
      <object_component id="oc-350">
         <name>.debug_info</name>
         <load_address>0x1091</load_address>
         <run_address>0x1091</run_address>
         <size>0x187</size>
         <input_file_ref idref="fl-3"/>
      </object_component>
      <object_component id="oc-b8">
         <name>.debug_info</name>
         <load_address>0x1218</load_address>
         <run_address>0x1218</run_address>
         <size>0x190</size>
         <input_file_ref idref="fl-3"/>
      </object_component>
      <object_component id="oc-43">
         <name>.debug_info</name>
         <load_address>0x13a8</load_address>
         <run_address>0x13a8</run_address>
         <size>0x177</size>
         <input_file_ref idref="fl-3"/>
      </object_component>
      <object_component id="oc-282">
         <name>.debug_info</name>
         <load_address>0x151f</load_address>
         <run_address>0x151f</run_address>
         <size>0x29f</size>
         <input_file_ref idref="fl-3"/>
      </object_component>
      <object_component id="oc-1e0">
         <name>.debug_info</name>
         <load_address>0x17be</load_address>
         <run_address>0x17be</run_address>
         <size>0x28d</size>
         <input_file_ref idref="fl-3"/>
      </object_component>
      <object_component id="oc-1ba">
         <name>.debug_info</name>
         <load_address>0x1a4b</load_address>
         <run_address>0x1a4b</run_address>
         <size>0x4e6</size>
         <input_file_ref idref="fl-3"/>
      </object_component>
      <object_component id="oc-230">
         <name>.debug_info</name>
         <load_address>0x1f31</load_address>
         <run_address>0x1f31</run_address>
         <size>0x108</size>
         <input_file_ref idref="fl-3"/>
      </object_component>
      <object_component id="oc-14d">
         <name>.debug_info</name>
         <load_address>0x2039</load_address>
         <run_address>0x2039</run_address>
         <size>0x16c</size>
         <input_file_ref idref="fl-3"/>
      </object_component>
      <object_component id="oc-237">
         <name>.debug_info</name>
         <load_address>0x21a5</load_address>
         <run_address>0x21a5</run_address>
         <size>0xd6</size>
         <input_file_ref idref="fl-3"/>
      </object_component>
      <object_component id="oc-be">
         <name>.debug_info</name>
         <load_address>0x227b</load_address>
         <run_address>0x227b</run_address>
         <size>0x8b</size>
         <input_file_ref idref="fl-3"/>
      </object_component>
      <object_component id="oc-316">
         <name>.debug_info</name>
         <load_address>0x2306</load_address>
         <run_address>0x2306</run_address>
         <size>0x448</size>
         <input_file_ref idref="fl-4"/>
      </object_component>
      <object_component id="oc-1e6">
         <name>.debug_info</name>
         <load_address>0x274e</load_address>
         <run_address>0x274e</run_address>
         <size>0xd6</size>
         <input_file_ref idref="fl-4"/>
      </object_component>
      <object_component id="oc-29a">
         <name>.debug_info</name>
         <load_address>0x2824</load_address>
         <run_address>0x2824</run_address>
         <size>0xda</size>
         <input_file_ref idref="fl-4"/>
      </object_component>
      <object_component id="oc-29d">
         <name>.debug_info</name>
         <load_address>0x28fe</load_address>
         <run_address>0x28fe</run_address>
         <size>0xdc</size>
         <input_file_ref idref="fl-4"/>
      </object_component>
      <object_component id="oc-4f">
         <name>.debug_info</name>
         <load_address>0x29da</load_address>
         <run_address>0x29da</run_address>
         <size>0x115</size>
         <input_file_ref idref="fl-4"/>
      </object_component>
      <object_component id="oc-364">
         <name>.debug_info</name>
         <load_address>0x2aef</load_address>
         <run_address>0x2aef</run_address>
         <size>0x10d</size>
         <input_file_ref idref="fl-4"/>
      </object_component>
      <object_component id="oc-288">
         <name>.debug_info</name>
         <load_address>0x2bfc</load_address>
         <run_address>0x2bfc</run_address>
         <size>0x133</size>
         <input_file_ref idref="fl-4"/>
      </object_component>
      <object_component id="oc-294">
         <name>.debug_info</name>
         <load_address>0x2d2f</load_address>
         <run_address>0x2d2f</run_address>
         <size>0x15a</size>
         <input_file_ref idref="fl-4"/>
      </object_component>
      <object_component id="oc-1d4">
         <name>.debug_info</name>
         <load_address>0x2e89</load_address>
         <run_address>0x2e89</run_address>
         <size>0x16f</size>
         <input_file_ref idref="fl-4"/>
      </object_component>
      <object_component id="oc-374">
         <name>.debug_info</name>
         <load_address>0x2ff8</load_address>
         <run_address>0x2ff8</run_address>
         <size>0x14e</size>
         <input_file_ref idref="fl-4"/>
      </object_component>
      <object_component id="oc-2d3">
         <name>.debug_info</name>
         <load_address>0x3146</load_address>
         <run_address>0x3146</run_address>
         <size>0x1d3</size>
         <input_file_ref idref="fl-5"/>
      </object_component>
      <object_component id="oc-2cd">
         <name>.debug_info</name>
         <load_address>0x3319</load_address>
         <run_address>0x3319</run_address>
         <size>0x14a</size>
         <input_file_ref idref="fl-5"/>
      </object_component>
      <object_component id="oc-2c7">
         <name>.debug_info</name>
         <load_address>0x3463</load_address>
         <run_address>0x3463</run_address>
         <size>0x143</size>
         <input_file_ref idref="fl-5"/>
      </object_component>
      <object_component id="oc-2c1">
         <name>.debug_info</name>
         <load_address>0x35a6</load_address>
         <run_address>0x35a6</run_address>
         <size>0x143</size>
         <input_file_ref idref="fl-5"/>
      </object_component>
      <object_component id="oc-2bb">
         <name>.debug_info</name>
         <load_address>0x36e9</load_address>
         <run_address>0x36e9</run_address>
         <size>0x143</size>
         <input_file_ref idref="fl-5"/>
      </object_component>
      <object_component id="oc-1da">
         <name>.debug_info</name>
         <load_address>0x382c</load_address>
         <run_address>0x382c</run_address>
         <size>0x22f</size>
         <input_file_ref idref="fl-5"/>
      </object_component>
      <object_component id="oc-119">
         <name>.debug_info</name>
         <load_address>0x3a5b</load_address>
         <run_address>0x3a5b</run_address>
         <size>0x146</size>
         <input_file_ref idref="fl-6"/>
      </object_component>
      <object_component id="oc-36a">
         <name>.debug_info</name>
         <load_address>0x3ba1</load_address>
         <run_address>0x3ba1</run_address>
         <size>0x258</size>
         <input_file_ref idref="fl-7"/>
      </object_component>
      <object_component id="oc-28f">
         <name>.debug_info</name>
         <load_address>0x3df9</load_address>
         <run_address>0x3df9</run_address>
         <size>0x271</size>
         <input_file_ref idref="fl-7"/>
      </object_component>
      <object_component id="oc-5c">
         <name>.debug_info</name>
         <load_address>0x406a</load_address>
         <run_address>0x406a</run_address>
         <size>0x193</size>
         <input_file_ref idref="fl-8"/>
      </object_component>
      <object_component id="oc-10">
         <name>.debug_info</name>
         <load_address>0x41fd</load_address>
         <run_address>0x41fd</run_address>
         <size>0xe2</size>
         <input_file_ref idref="fl-8"/>
      </object_component>
      <object_component id="oc-2b">
         <name>.debug_info</name>
         <load_address>0x42df</load_address>
         <run_address>0x42df</run_address>
         <size>0x112</size>
         <input_file_ref idref="fl-8"/>
      </object_component>
      <object_component id="oc-31">
         <name>.debug_info</name>
         <load_address>0x43f1</load_address>
         <run_address>0x43f1</run_address>
         <size>0x103</size>
         <input_file_ref idref="fl-8"/>
      </object_component>
      <object_component id="oc-3d">
         <name>.debug_info</name>
         <load_address>0x44f4</load_address>
         <run_address>0x44f4</run_address>
         <size>0x11b</size>
         <input_file_ref idref="fl-8"/>
      </object_component>
      <object_component id="oc-37">
         <name>.debug_info</name>
         <load_address>0x460f</load_address>
         <run_address>0x460f</run_address>
         <size>0x109</size>
         <input_file_ref idref="fl-8"/>
      </object_component>
      <object_component id="oc-df">
         <name>.debug_info</name>
         <load_address>0x4718</load_address>
         <run_address>0x4718</run_address>
         <size>0x1a8</size>
         <input_file_ref idref="fl-9"/>
      </object_component>
      <object_component id="oc-15c">
         <name>.debug_info</name>
         <load_address>0x48c0</load_address>
         <run_address>0x48c0</run_address>
         <size>0x10d</size>
         <input_file_ref idref="fl-9"/>
      </object_component>
      <object_component id="oc-dc">
         <name>.debug_info</name>
         <load_address>0x49cd</load_address>
         <run_address>0x49cd</run_address>
         <size>0x1ed</size>
         <input_file_ref idref="fl-9"/>
      </object_component>
      <object_component id="oc-e2">
         <name>.debug_info</name>
         <load_address>0x4bba</load_address>
         <run_address>0x4bba</run_address>
         <size>0x10d</size>
         <input_file_ref idref="fl-9"/>
      </object_component>
      <object_component id="oc-159">
         <name>.debug_info</name>
         <load_address>0x4cc7</load_address>
         <run_address>0x4cc7</run_address>
         <size>0x181</size>
         <input_file_ref idref="fl-9"/>
      </object_component>
      <object_component id="oc-d6">
         <name>.debug_info</name>
         <load_address>0x4e48</load_address>
         <run_address>0x4e48</run_address>
         <size>0x25f</size>
         <input_file_ref idref="fl-9"/>
      </object_component>
      <object_component id="oc-ca">
         <name>.debug_info</name>
         <load_address>0x50a7</load_address>
         <run_address>0x50a7</run_address>
         <size>0x22f</size>
         <input_file_ref idref="fl-9"/>
      </object_component>
      <object_component id="oc-c4">
         <name>.debug_info</name>
         <load_address>0x52d6</load_address>
         <run_address>0x52d6</run_address>
         <size>0x208</size>
         <input_file_ref idref="fl-9"/>
      </object_component>
      <object_component id="oc-d0">
         <name>.debug_info</name>
         <load_address>0x54de</load_address>
         <run_address>0x54de</run_address>
         <size>0x245</size>
         <input_file_ref idref="fl-9"/>
      </object_component>
      <object_component id="oc-49">
         <name>.debug_info</name>
         <load_address>0x5723</load_address>
         <run_address>0x5723</run_address>
         <size>0x2c3</size>
         <input_file_ref idref="fl-9"/>
      </object_component>
      <object_component id="oc-32b">
         <name>.debug_info</name>
         <load_address>0x59e6</load_address>
         <run_address>0x59e6</run_address>
         <size>0x1ac</size>
         <input_file_ref idref="fl-9"/>
      </object_component>
      <object_component id="oc-331">
         <name>.debug_info</name>
         <load_address>0x5b92</load_address>
         <run_address>0x5b92</run_address>
         <size>0x1f8</size>
         <input_file_ref idref="fl-9"/>
      </object_component>
      <object_component id="oc-27b">
         <name>.debug_info</name>
         <load_address>0x5d8a</load_address>
         <run_address>0x5d8a</run_address>
         <size>0x296</size>
         <input_file_ref idref="fl-9"/>
      </object_component>
      <object_component id="oc-25">
         <name>.debug_info</name>
         <load_address>0x6020</load_address>
         <run_address>0x6020</run_address>
         <size>0x134</size>
         <input_file_ref idref="fl-131"/>
      </object_component>
      <object_component id="oc-68">
         <name>.debug_info</name>
         <load_address>0x6154</load_address>
         <run_address>0x6154</run_address>
         <size>0x121</size>
         <input_file_ref idref="fl-132"/>
      </object_component>
      <object_component id="oc-14">
         <name>.debug_info</name>
         <load_address>0x6275</load_address>
         <run_address>0x6275</run_address>
         <size>0x1c0</size>
         <input_file_ref idref="fl-132"/>
      </object_component>
      <object_component id="oc-63">
         <name>.debug_info</name>
         <load_address>0x6435</load_address>
         <run_address>0x6435</run_address>
         <size>0x46</size>
         <input_file_ref idref="fl-132"/>
      </object_component>
      <object_component id="oc-fd">
         <name>.debug_info</name>
         <load_address>0x647b</load_address>
         <run_address>0x647b</run_address>
         <size>0x2c</size>
         <input_file_ref idref="fl-132"/>
      </object_component>
      <object_component id="oc-70">
         <name>.debug_info</name>
         <load_address>0x64a7</load_address>
         <run_address>0x64a7</run_address>
         <size>0x115</size>
         <input_file_ref idref="fl-133"/>
      </object_component>
      <object_component id="oc-6b">
         <name>.debug_info</name>
         <load_address>0x65bc</load_address>
         <run_address>0x65bc</run_address>
         <size>0x228</size>
         <input_file_ref idref="fl-133"/>
      </object_component>
      <object_component id="oc-19">
         <name>.debug_info</name>
         <load_address>0x67e4</load_address>
         <run_address>0x67e4</run_address>
         <size>0x192</size>
         <input_file_ref idref="fl-133"/>
      </object_component>
      <object_component id="oc-71">
         <name>.debug_info</name>
         <load_address>0x6976</load_address>
         <run_address>0x6976</run_address>
         <size>0x39</size>
         <input_file_ref idref="fl-133"/>
      </object_component>
      <object_component id="oc-107">
         <name>.debug_info</name>
         <load_address>0x69af</load_address>
         <run_address>0x69af</run_address>
         <size>0x2c</size>
         <input_file_ref idref="fl-133"/>
      </object_component>
      <object_component id="oc-81">
         <name>.debug_info</name>
         <load_address>0x69db</load_address>
         <run_address>0x69db</run_address>
         <size>0x110</size>
         <input_file_ref idref="fl-134"/>
      </object_component>
      <object_component id="oc-1f">
         <name>.debug_info</name>
         <load_address>0x6aeb</load_address>
         <run_address>0x6aeb</run_address>
         <size>0x18b</size>
         <input_file_ref idref="fl-134"/>
      </object_component>
      <object_component id="oc-7c">
         <name>.debug_info</name>
         <load_address>0x6c76</load_address>
         <run_address>0x6c76</run_address>
         <size>0x46</size>
         <input_file_ref idref="fl-134"/>
      </object_component>
      <object_component id="oc-127">
         <name>.debug_info</name>
         <load_address>0x6cbc</load_address>
         <run_address>0x6cbc</run_address>
         <size>0x172</size>
         <input_file_ref idref="fl-135"/>
      </object_component>
      <object_component id="oc-124">
         <name>.debug_info</name>
         <load_address>0x6e2e</load_address>
         <run_address>0x6e2e</run_address>
         <size>0x117</size>
         <input_file_ref idref="fl-135"/>
      </object_component>
      <object_component id="oc-95">
         <name>.debug_info</name>
         <load_address>0x6f45</load_address>
         <run_address>0x6f45</run_address>
         <size>0x1ee</size>
         <input_file_ref idref="fl-135"/>
      </object_component>
      <object_component id="oc-2b1">
         <name>.debug_info</name>
         <load_address>0x7133</load_address>
         <run_address>0x7133</run_address>
         <size>0x129</size>
         <input_file_ref idref="fl-136"/>
      </object_component>
      <object_component id="oc-2ac">
         <name>.debug_info</name>
         <load_address>0x725c</load_address>
         <run_address>0x725c</run_address>
         <size>0x117</size>
         <input_file_ref idref="fl-137"/>
      </object_component>
      <object_component id="oc-394">
         <name>.debug_info</name>
         <load_address>0x7373</load_address>
         <run_address>0x7373</run_address>
         <size>0x117</size>
         <input_file_ref idref="fl-138"/>
      </object_component>
      <object_component id="oc-2b6">
         <name>.debug_info</name>
         <load_address>0x748a</load_address>
         <run_address>0x748a</run_address>
         <size>0x116</size>
         <input_file_ref idref="fl-139"/>
      </object_component>
      <object_component id="oc-5e">
         <name>.debug_info</name>
         <load_address>0x75a0</load_address>
         <run_address>0x75a0</run_address>
         <size>0xf6</size>
         <input_file_ref idref="fl-13a"/>
      </object_component>
      <object_component id="oc-77">
         <name>.debug_info</name>
         <load_address>0x7696</load_address>
         <run_address>0x7696</run_address>
         <size>0x124</size>
         <input_file_ref idref="fl-13b"/>
      </object_component>
      <object_component id="oc-83">
         <name>.debug_info</name>
         <load_address>0x77ba</load_address>
         <run_address>0x77ba</run_address>
         <size>0x129</size>
         <input_file_ref idref="fl-13c"/>
      </object_component>
      <object_component id="oc-9b">
         <name>.debug_info</name>
         <load_address>0x78e3</load_address>
         <run_address>0x78e3</run_address>
         <size>0xea</size>
         <input_file_ref idref="fl-13d"/>
      </object_component>
      <object_component id="oc-2a7">
         <name>.debug_info</name>
         <load_address>0x79cd</load_address>
         <run_address>0x79cd</run_address>
         <size>0x10b</size>
         <input_file_ref idref="fl-13f"/>
      </object_component>
      <object_component id="oc-1f8">
         <name>.debug_info</name>
         <load_address>0x7ad8</load_address>
         <run_address>0x7ad8</run_address>
         <size>0x105</size>
         <input_file_ref idref="fl-140"/>
      </object_component>
      <object_component id="oc-121">
         <name>.debug_info</name>
         <load_address>0x7bdd</load_address>
         <run_address>0x7bdd</run_address>
         <size>0xf4</size>
         <input_file_ref idref="fl-140"/>
      </object_component>
      <object_component id="oc-1f1">
         <name>.debug_info</name>
         <load_address>0x7cd1</load_address>
         <run_address>0x7cd1</run_address>
         <size>0x200</size>
         <input_file_ref idref="fl-140"/>
      </object_component>
      <object_component id="oc-11f">
         <name>.debug_info</name>
         <load_address>0x7ed1</load_address>
         <run_address>0x7ed1</run_address>
         <size>0x147</size>
         <input_file_ref idref="fl-141"/>
      </object_component>
      <object_component id="oc-8f">
         <name>.debug_info</name>
         <load_address>0x8018</load_address>
         <run_address>0x8018</run_address>
         <size>0x148</size>
         <input_file_ref idref="fl-141"/>
      </object_component>
      <object_component id="oc-1eb">
         <name>.debug_info</name>
         <load_address>0x8160</load_address>
         <run_address>0x8160</run_address>
         <size>0x5e</size>
         <input_file_ref idref="fl-141"/>
      </object_component>
      <object_component id="oc-117">
         <name>.debug_info</name>
         <load_address>0x81be</load_address>
         <run_address>0x81be</run_address>
         <size>0x29e</size>
         <input_file_ref idref="fl-142"/>
      </object_component>
      <object_component id="oc-89">
         <name>.debug_info</name>
         <load_address>0x845c</load_address>
         <run_address>0x845c</run_address>
         <size>0x158</size>
         <input_file_ref idref="fl-142"/>
      </object_component>
      <object_component id="oc-1c3">
         <name>.debug_info</name>
         <load_address>0x85b4</load_address>
         <run_address>0x85b4</run_address>
         <size>0x39</size>
         <input_file_ref idref="fl-142"/>
      </object_component>
      <object_component id="oc-1c8">
         <name>.debug_info</name>
         <load_address>0x85ed</load_address>
         <run_address>0x85ed</run_address>
         <size>0xcd</size>
         <input_file_ref idref="fl-142"/>
      </object_component>
      <object_component id="oc-1c0">
         <name>.debug_info</name>
         <load_address>0x86ba</load_address>
         <run_address>0x86ba</run_address>
         <size>0x1c1</size>
         <input_file_ref idref="fl-143"/>
      </object_component>
      <object_component id="oc-111">
         <name>.debug_info</name>
         <load_address>0x887b</load_address>
         <run_address>0x887b</run_address>
         <size>0x164</size>
         <input_file_ref idref="fl-143"/>
      </object_component>
      <object_component id="oc-26f">
         <name>.debug_info</name>
         <load_address>0x89df</load_address>
         <run_address>0x89df</run_address>
         <size>0x2c</size>
         <input_file_ref idref="fl-143"/>
      </object_component>
      <object_component id="oc-329">
         <name>.debug_info</name>
         <load_address>0x8a0b</load_address>
         <run_address>0x8a0b</run_address>
         <size>0x1ce</size>
         <input_file_ref idref="fl-145"/>
      </object_component>
      <object_component id="oc-275">
         <name>.debug_info</name>
         <load_address>0x8bd9</load_address>
         <run_address>0x8bd9</run_address>
         <size>0x1f5</size>
         <input_file_ref idref="fl-145"/>
      </object_component>
      <object_component id="oc-131">
         <name>.debug_info</name>
         <load_address>0x8dce</load_address>
         <run_address>0x8dce</run_address>
         <size>0x90</size>
         <input_file_ref idref="fl-145"/>
      </object_component>
      <object_component id="oc-12c">
         <name>.debug_info</name>
         <load_address>0x8e5e</load_address>
         <run_address>0x8e5e</run_address>
         <size>0x18b</size>
         <input_file_ref idref="fl-145"/>
      </object_component>
      <object_component id="oc-41c">
         <name>.debug_info</name>
         <load_address>0x8fe9</load_address>
         <run_address>0x8fe9</run_address>
         <size>0x1cf</size>
         <input_file_ref idref="fl-146"/>
      </object_component>
      <object_component id="oc-45b">
         <name>.debug_info</name>
         <load_address>0x91b8</load_address>
         <run_address>0x91b8</run_address>
         <size>0x10c</size>
         <input_file_ref idref="fl-146"/>
      </object_component>
      <object_component id="oc-45e">
         <name>.debug_info</name>
         <load_address>0x92c4</load_address>
         <run_address>0x92c4</run_address>
         <size>0x11e</size>
         <input_file_ref idref="fl-146"/>
      </object_component>
      <object_component id="oc-410">
         <name>.debug_info</name>
         <load_address>0x93e2</load_address>
         <run_address>0x93e2</run_address>
         <size>0x2dd</size>
         <input_file_ref idref="fl-146"/>
      </object_component>
      <object_component id="oc-36c">
         <name>.debug_info</name>
         <load_address>0x96bf</load_address>
         <run_address>0x96bf</run_address>
         <size>0x214</size>
[...]
         <value>0x2ea5</value>
         <object_component_ref idref="oc-4e"/>
      </symbol>
      <symbol id="sm-137">
         <name>BalancingStart</name>
         <value>0x201d</value>
         <object_component_ref idref="oc-293"/>
      </symbol>
      <symbol id="sm-138">
         <name>SysTimerStart</name>
         <value>0x2675</value>
         <object_component_ref idref="oc-287"/>
      </symbol>
      <symbol id="sm-18e">
         <name>ui32Load</name>
         <value>0x20000990</value>
      </symbol>
      <symbol id="sm-18f">
         <name>ui32Load_Low_Bound</name>
         <value>0x20000998</value>
      </symbol>
      <symbol id="sm-190">
         <name>ui32Load_High_Bound</name>
         <value>0x20000994</value>
      </symbol>
      <symbol id="sm-191">
         <name>ui32Load_Range</name>
         <value>0x2000099c</value>
      </symbol>
      <symbol id="sm-192">
         <name>ui32PWMClock</name>
         <value>0x200009a0</value>
      </symbol>
      <symbol id="sm-193">
         <name>M0PWM2_Config</name>
         <value>0x1d79</value>
         <object_component_ref idref="oc-2c6"/>
      </symbol>
      <symbol id="sm-194">
         <name>M0PWM3_Config</name>
         <value>0x193d</value>
         <object_component_ref idref="oc-2cc"/>
      </symbol>
      <symbol id="sm-195">
         <name>M0PWM0_Config</name>
         <value>0x1c51</value>
         <object_component_ref idref="oc-2ba"/>
      </symbol>
      <symbol id="sm-196">
         <name>M0PWM1_Config</name>
         <value>0x1ce5</value>
         <object_component_ref idref="oc-2c0"/>
      </symbol>
      <symbol id="sm-197">
         <name>ESCConfig</name>
         <value>0x15b1</value>
         <object_component_ref idref="oc-1d9"/>
      </symbol>
      <symbol id="sm-1a5">
         <name>main</name>
         <value>0x2bd1</value>
         <object_component_ref idref="oc-118"/>
      </symbol>
      <symbol id="sm-1bd">
         <name>PIDConfig</name>
         <value>0x12c5</value>
         <object_component_ref idref="oc-28d"/>
      </symbol>
      <symbol id="sm-1ee">
         <name>ResetISR</name>
         <value>0x300d</value>
         <object_component_ref idref="oc-2a"/>
      </symbol>
      <symbol id="sm-1ef">
         <name>g_pfnVectors</name>
         <value>0x0</value>
         <object_component_ref idref="oc-f"/>
      </symbol>
      <symbol id="sm-2a1">
         <name>UARTFlushRx</name>
         <value>0x2cfd</value>
         <object_component_ref idref="oc-32a"/>
      </symbol>
      <symbol id="sm-2a2">
         <name>UARTFlushTx</name>
         <value>0x2a89</value>
         <object_component_ref idref="oc-330"/>
      </symbol>
      <symbol id="sm-2a3">
         <name>UARTStdioConfig</name>
         <value>0x1a7d</value>
         <object_component_ref idref="oc-27a"/>
      </symbol>
      <symbol id="sm-2a4">
         <name>UARTStdioIntHandler</name>
         <value>0xb85</value>
         <object_component_ref idref="oc-48"/>
      </symbol>
      <symbol id="sm-2a5">
         <name>UARTwrite</name>
         <value>0x1749</value>
         <object_component_ref idref="oc-cf"/>
      </symbol>
      <symbol id="sm-2b7">
         <name>_c_int00</name>
         <value>0x25d5</value>
         <object_component_ref idref="oc-24"/>
      </symbol>
      <symbol id="sm-2b8">
         <name>__stack</name>
         <value>0x200009a8</value>
         <object_component_ref idref="oc-29"/>
      </symbol>
      <symbol id="sm-2cf">
         <name>__TI_decompress_none</name>
         <value>0x2fa5</value>
         <object_component_ref idref="oc-12"/>
      </symbol>
      <symbol id="sm-2f7">
         <name>__TI_decompress_rle24</name>
         <value>0x3019</value>
         <object_component_ref idref="oc-18"/>
      </symbol>
      <symbol id="sm-309">
         <name>__TI_zero_init</name>
         <value>0x2fd9</value>
         <object_component_ref idref="oc-1e"/>
      </symbol>
      <symbol id="sm-328">
         <name>C$$EXIT</name>
         <value>0x2901</value>
         <object_component_ref idref="oc-94"/>
      </symbol>
      <symbol id="sm-329">
         <name>abort</name>
         <value>0x2905</value>
         <object_component_ref idref="oc-94"/>
      </symbol>
      <symbol id="sm-32a">
         <name>exit</name>
         <value>0x290d</value>
         <object_component_ref idref="oc-94"/>
      </symbol>
      <symbol id="sm-32b">
         <name>__TI_dtors_ptr</name>
         <value>0x20000ee4</value>
         <object_component_ref idref="oc-123"/>
      </symbol>
      <symbol id="sm-32c">
         <name>__TI_cleanup_ptr</name>
         <value>0x20000ee0</value>
         <object_component_ref idref="oc-123"/>
      </symbol>
      <symbol id="sm-350">
         <name>__aeabi_dsub</name>
         <value>0x6c9</value>
         <object_component_ref idref="oc-2b0"/>
      </symbol>
      <symbol id="sm-351">
         <name>__aeabi_dadd</name>
         <value>0x6d3</value>
         <object_component_ref idref="oc-2b0"/>
      </symbol>
      <symbol id="sm-371">
         <name>__aeabi_ddiv</name>
         <value>0xe2d</value>
         <object_component_ref idref="oc-2ab"/>
      </symbol>
      <symbol id="sm-388">
         <name>__aeabi_dmul</name>
         <value>0x13c1</value>
         <object_component_ref idref="oc-393"/>
      </symbol>
      <symbol id="sm-395">
         <name>__aeabi_d2uiz</name>
         <value>0x2945</value>
         <object_component_ref idref="oc-2b5"/>
      </symbol>
      <symbol id="sm-3b0">
         <name>memcpy</name>
         <value>0x1b1d</value>
         <object_component_ref idref="oc-5d"/>
      </symbol>
      <symbol id="sm-3b1">
         <name>__aeabi_memcpy</name>
         <value>0x1b1d</value>
         <object_component_ref idref="oc-5d"/>
      </symbol>
      <symbol id="sm-3b2">
         <name>__aeabi_memcpy8</name>
         <value>0x1b1d</value>
         <object_component_ref idref="oc-5d"/>
      </symbol>
      <symbol id="sm-3b3">
         <name>__aeabi_memcpy4</name>
         <value>0x1b1d</value>
         <object_component_ref idref="oc-5d"/>
      </symbol>
      <symbol id="sm-3c2">
         <name>__aeabi_memset</name>
         <value>0x1fa3</value>
         <object_component_ref idref="oc-76"/>
      </symbol>
      <symbol id="sm-3c3">
         <name>memset</name>
         <value>0x1fa9</value>
         <object_component_ref idref="oc-76"/>
      </symbol>
      <symbol id="sm-3c4">
         <name>__aeabi_memset8</name>
         <value>0x1fa3</value>
         <object_component_ref idref="oc-76"/>
      </symbol>
      <symbol id="sm-3c5">
         <name>__aeabi_memset4</name>
         <value>0x1fa3</value>
         <object_component_ref idref="oc-76"/>
      </symbol>
      <symbol id="sm-3c6">
         <name>__aeabi_memclr8</name>
         <value>0x1fa1</value>
         <object_component_ref idref="oc-76"/>
      </symbol>
      <symbol id="sm-3c7">
         <name>__aeabi_memclr4</name>
         <value>0x1fa1</value>
         <object_component_ref idref="oc-76"/>
      </symbol>
      <symbol id="sm-3c8">
         <name>__aeabi_memclr</name>
         <value>0x1fa1</value>
         <object_component_ref idref="oc-76"/>
      </symbol>
      <symbol id="sm-3d2">
         <name>_system_pre_init</name>
         <value>0x302b</value>
         <object_component_ref idref="oc-82"/>
      </symbol>
      <symbol id="sm-3da">
         <name>main_func_sp</name>
         <value>0x20000ef4</value>
         <object_component_ref idref="oc-9a"/>
      </symbol>
      <symbol id="sm-3ea">
         <name>__aeabi_ui2d</name>
         <value>0x2e85</value>
         <object_component_ref idref="oc-2a6"/>
      </symbol>
      <symbol id="sm-403">
         <name>_nop</name>
         <value>0x2f47</value>
         <object_component_ref idref="oc-1f0"/>
      </symbol>
      <symbol id="sm-404">
         <name>_lock</name>
         <value>0x20000ed8</value>
         <object_component_ref idref="oc-120"/>
      </symbol>
      <symbol id="sm-405">
         <name>_unlock</name>
         <value>0x20000edc</value>
         <object_component_ref idref="oc-120"/>
      </symbol>
      <symbol id="sm-406">
         <name>_register_lock</name>
         <value>0x2f3f</value>
         <object_component_ref idref="oc-1f0"/>
      </symbol>
      <symbol id="sm-407">
         <name>_register_unlock</name>
         <value>0x2f39</value>
         <object_component_ref idref="oc-1f0"/>
      </symbol>
      <symbol id="sm-41c">
         <name>_args_main</name>
         <value>0x2f21</value>
         <object_component_ref idref="oc-8e"/>
      </symbol>
      <symbol id="sm-442">
         <name>__TI_auto_init</name>
         <value>0x2269</value>
         <object_component_ref idref="oc-88"/>
      </symbol>
      <symbol id="sm-45c">
         <name>copy_in</name>
         <value>0x270d</value>
         <object_component_ref idref="oc-110"/>
      </symbol>
      <symbol id="sm-474">
         <name>UARTClockSourceSet</name>
         <value>0x3013</value>
         <object_component_ref idref="oc-274"/>
      </symbol>
      <symbol id="sm-4a4">
         <name>TimerIntRegister</name>
         <value>0x2f09</value>
         <object_component_ref idref="oc-36b"/>
      </symbol>
      <symbol id="sm-4d5">
         <name>SysCtlClockGet</name>
         <value>0x1095</value>
         <object_component_ref idref="oc-2a0"/>
      </symbol>
      <symbol id="sm-53c">
         <name>IntIsEnabled</name>
         <value>0x2341</value>
         <object_component_ref idref="oc-200"/>
      </symbol>
      <symbol id="sm-53d">
         <name>IntEnable</name>
         <value>0x2405</value>
         <object_component_ref idref="oc-212"/>
      </symbol>
      <symbol id="sm-53e">
         <name>IntTrigger</name>
         <value>0x2fc1</value>
         <object_component_ref idref="oc-20c"/>
      </symbol>
      <symbol id="sm-53f">
         <name>IntDisable</name>
         <value>0x23a5</value>
         <object_component_ref idref="oc-206"/>
      </symbol>
      <symbol id="sm-540">
         <name>IntRegister</name>
         <value>0x2b9d</value>
         <object_component_ref idref="oc-415"/>
      </symbol>
      <symbol id="sm-541">
         <name>g_pfnRAMVectors</name>
         <value>0x20000000</value>
         <object_component_ref idref="oc-461"/>
      </symbol>
      <symbol id="sm-57e">
         <name>GPIOPinTypeI2CSCL</name>
         <value>0x2f4d</value>
         <object_component_ref idref="oc-337"/>
      </symbol>
      <symbol id="sm-57f">
         <name>GPIOIntEnable</name>
         <value>0x2fb3</value>
         <object_component_ref idref="oc-33d"/>
      </symbol>
      <symbol id="sm-580">
         <name>GPIOIntClear</name>
         <value>0x3007</value>
         <object_component_ref idref="oc-a8"/>
      </symbol>
      <symbol id="sm-581">
         <name>GPIOIntStatus</name>
         <value>0x2f89</value>
         <object_component_ref idref="oc-a2"/>
      </symbol>
      <symbol id="sm-582">
         <name>GPIODirModeSet</name>
         <value>0x2d55</value>
         <object_component_ref idref="oc-3e1"/>
      </symbol>
      <symbol id="sm-583">
         <name>GPIOPadConfigSet</name>
         <value>0xf63</value>
         <object_component_ref idref="oc-3e7"/>
      </symbol>
      <symbol id="sm-619">
         <name>MPU9150DataMagnetoGetFloat</name>
         <value>0x1899</value>
         <object_component_ref idref="oc-2e6"/>
      </symbol>
      <symbol id="sm-61a">
         <name>MPU9150Write</name>
         <value>0x19dd</value>
         <object_component_ref idref="oc-355"/>
      </symbol>
      <symbol id="sm-61b">
         <name>MPU9150Init</name>
         <value>0x21fd</value>
         <object_component_ref idref="oc-349"/>
      </symbol>
      <symbol id="sm-61c">
         <name>MPU9150DataAccelGetFloat</name>
         <value>0x210d</value>
         <object_component_ref idref="oc-2da"/>
      </symbol>
      <symbol id="sm-61d">
         <name>MPU9150DataRead</name>
         <value>0x2465</value>
         <object_component_ref idref="oc-ae"/>
      </symbol>
      <symbol id="sm-61e">
         <name>MPU9150DataGyroGetFloat</name>
         <value>0x2185</value>
         <object_component_ref idref="oc-2e0"/>
      </symbol>
      <symbol id="sm-70b">
         <name>I2CMWrite8</name>
         <value>0x2525</value>
         <object_component_ref idref="oc-404"/>
      </symbol>
      <symbol id="sm-70c">
         <name>I2CMCommand</name>
         <value>0x1f1d</value>
         <object_component_ref idref="oc-138"/>
      </symbol>
      <symbol id="sm-70d">
         <name>I2CMInit</name>
         <value>0x2b35</value>
         <object_component_ref idref="oc-343"/>
      </symbol>
      <symbol id="sm-70e">
         <name>I2CMTransferResume</name>
         <value>0x2c6b</value>
         <object_component_ref idref="oc-48e"/>
      </symbol>
      <symbol id="sm-70f">
         <name>I2CMIntHandler</name>
         <value>0x14bd</value>
         <object_component_ref idref="oc-eb"/>
      </symbol>
      <symbol id="sm-764">
         <name>CompDCMMagnetoUpdate</name>
         <value>0x2f7b</value>
         <object_component_ref idref="oc-2ec"/>
      </symbol>
      <symbol id="sm-765">
         <name>CompDCMComputeEulers</name>
         <value>0x2989</value>
         <object_component_ref idref="oc-304"/>
      </symbol>
      <symbol id="sm-766">
         <name>CompDCMComputeQuaternion</name>
         <value>0x501</value>
         <object_component_ref idref="oc-30a"/>
      </symbol>
      <symbol id="sm-767">
         <name>CompDCMGyroUpdate</name>
         <value>0x2f6d</value>
         <object_component_ref idref="oc-2f8"/>
      </symbol>
      <symbol id="sm-768">
         <name>CompDCMUpdate</name>
         <value>0x26d</value>
         <object_component_ref idref="oc-2fe"/>
      </symbol>
      <symbol id="sm-769">
         <name>CompDCMAccelUpdate</name>
         <value>0x2f5f</value>
         <object_component_ref idref="oc-2f2"/>
      </symbol>
      <symbol id="sm-76a">
         <name>CompDCMInit</name>
         <value>0x2879</value>
         <object_component_ref idref="oc-35b"/>
      </symbol>
      <symbol id="sm-78f">
         <name>VectorDotProduct</name>
         <value>0x2dd1</value>
         <object_component_ref idref="oc-3a8"/>
      </symbol>
      <symbol id="sm-790">
         <name>VectorScale</name>
         <value>0x2df7</value>
         <object_component_ref idref="oc-3b4"/>
      </symbol>
      <symbol id="sm-791">
         <name>VectorAdd</name>
         <value>0x2c39</value>
         <object_component_ref idref="oc-3ba"/>
      </symbol>
      <symbol id="sm-792">
         <name>VectorCrossProduct</name>
         <value>0x257d</value>
         <object_component_ref idref="oc-3a2"/>
      </symbol>
      <symbol id="sm-7ae">
         <name>asinf</name>
         <value>0x1695</value>
         <object_component_ref idref="oc-3cd"/>
      </symbol>
      <symbol id="sm-7c9">
         <name>atan2f</name>
         <value>0x11ad</value>
         <object_component_ref idref="oc-3c7"/>
      </symbol>
      <symbol id="sm-7d6">
         <name>__aeabi_d2f</name>
         <value>0x27e9</value>
         <object_component_ref idref="oc-398"/>
      </symbol>
      <symbol id="sm-7e4">
         <name>__aeabi_f2d</name>
         <value>0x2afd</value>
         <object_component_ref idref="oc-38e"/>
      </symbol>
      <symbol id="sm-7f4">
         <name>sqrtf</name>
         <value>0x2e41</value>
         <object_component_ref idref="oc-3ae"/>
      </symbol>
      <symbol id="sm-819">
         <name>_FAtan</name>
         <value>0x17f1</value>
         <object_component_ref idref="oc-43b"/>
      </symbol>
      <symbol id="sm-827">
         <name>_FDclass</name>
         <value>0x2d29</value>
         <object_component_ref idref="oc-3c0"/>
      </symbol>
      <symbol id="sm-836">
         <name>_Feraise</name>
         <value>0x2c9d</value>
         <object_component_ref idref="oc-42f"/>
      </symbol>
      <symbol id="sm-845">
         <name>_FZero</name>
         <value>0x20000ebc</value>
         <object_component_ref idref="oc-443"/>
      </symbol>
      <symbol id="sm-846">
         <name>_FRteps</name>
         <value>0x20000ea8</value>
         <object_component_ref idref="oc-443"/>
      </symbol>
      <symbol id="sm-847">
         <name>_FSnan</name>
         <value>0x20000e98</value>
         <object_component_ref idref="oc-443"/>
      </symbol>
      <symbol id="sm-848">
         <name>_FNan</name>
         <value>0x20000e88</value>
         <object_component_ref idref="oc-443"/>
      </symbol>
      <symbol id="sm-849">
         <name>_FInf</name>
         <value>0x20000e78</value>
         <object_component_ref idref="oc-443"/>
      </symbol>
      <symbol id="sm-84a">
         <name>_FEps</name>
         <value>0x20000e68</value>
         <object_component_ref idref="oc-443"/>
      </symbol>
      <symbol id="sm-84b">
         <name>_FXbig</name>
         <value>0x20000eb8</value>
         <object_component_ref idref="oc-443"/>
      </symbol>
      <symbol id="sm-84c">
         <name>_FDenorm</name>
         <value>0x20000e58</value>
         <object_component_ref idref="oc-443"/>
      </symbol>
      <symbol id="sm-854">
         <name>_Errno</name>
         <value>0x20000ef0</value>
         <object_component_ref idref="oc-476"/>
      </symbol>
      <symbol id="sm-872">
         <name>feraiseexcept</name>
         <value>0x2c05</value>
         <object_component_ref idref="oc-470"/>
      </symbol>
      <symbol id="sm-873">
         <name>_Tls_setup__Fenv</name>
         <value>0x20000eec</value>
         <object_component_ref idref="oc-4a1"/>
      </symbol>
      <symbol id="sm-874">
         <name>_Fenv</name>
         <value>0x20000ee8</value>
         <object_component_ref idref="oc-4a1"/>
      </symbol>
      <symbol id="sm-888">
         <name>raise</name>
         <value>0x2ccd</value>
         <object_component_ref idref="oc-49b"/>
      </symbol>
      <symbol id="sm-8a2">
         <name>signal</name>
         <value>0x29cd</value>
         <object_component_ref idref="oc-4ac"/>
      </symbol>
      <symbol id="sm-8eb">
         <name>I2CMasterDataPut</name>
         <value>0x3027</value>
         <object_component_ref idref="oc-257"/>
      </symbol>
      <symbol id="sm-8ec">
         <name>I2CMasterInitExpClk</name>
         <value>0x27a1</value>
         <object_component_ref idref="oc-3ef"/>
      </symbol>
      <symbol id="sm-8ed">
         <name>I2CMasterSlaveAddrSet</name>
         <value>0x2fff</value>
         <object_component_ref idref="oc-24f"/>
      </symbol>
      <symbol id="sm-8ee">
         <name>I2CMasterDataGet</name>
         <value>0x3023</value>
         <object_component_ref idref="oc-245"/>
      </symbol>
      <symbol id="sm-8ef">
         <name>I2CMasterIntEnableEx</name>
         <value>0x2ff7</value>
         <object_component_ref idref="oc-3f5"/>
      </symbol>
      <symbol id="sm-8f0">
         <name>I2CMasterControl</name>
         <value>0x301f</value>
         <object_component_ref idref="oc-16e"/>
      </symbol>
      <symbol id="sm-8f1">
         <name>I2CMasterEnable</name>
         <value>0x2fe5</value>
         <object_component_ref idref="oc-44a"/>
      </symbol>
      <symbol id="sm-8f2">
         <name>I2CMasterIntClear</name>
         <value>0x2fef</value>
         <object_component_ref idref="oc-168"/>
      </symbol>
      <symbol id="sm-8f3">
         <name>__TI_static_base__</name>
         <value>0x0</value>
      </symbol>
      <symbol id="sm-8f6">
         <name>SHT$$INIT_ARRAY$$Limit</name>
         <value>0x0</value>
      </symbol>
      <symbol id="sm-8f7">
         <name>SHT$$INIT_ARRAY$$Base</name>
         <value>0x0</value>
      </symbol>
   </symbol_table>
   <title>Link successful</title>
</link_info>
